<!doctype html public "-//w3c//dtd html 4.0 transitional//en">
<html><head>
<title>Static Call Graph - [.\Objects\mmsl_ultrasound.axf]</title></head>
<body><HR>
<H1>Static Call Graph for image .\Objects\mmsl_ultrasound.axf</H1><HR>
<BR><P>#&#060CALLGRAPH&#062# ARM Linker, 5060750: Last Updated: Thu Oct 19 15:13:04 2023
<BR><P>
<H3>Maximum Stack Usage =        784 bytes + Unknown(Cycles, Untraceable Function Pointers)</H3><H3>
Call chain for Maximum Stack Depth:</H3>
main &rArr; webserver_loop &rArr; uip_process &rArr; httpd_appcall &rArr; bVerifyPassword &rArr; base64_decode
<P>
<H3>
Mutually Recursive functions
</H3> <LI><a href="#[1]">NMI_Handler</a>&nbsp;&nbsp;&nbsp;&rArr;&nbsp;&nbsp;&nbsp;<a href="#[1]">NMI_Handler</a><BR>
 <LI><a href="#[3]">MemManage_Handler</a>&nbsp;&nbsp;&nbsp;&rArr;&nbsp;&nbsp;&nbsp;<a href="#[3]">MemManage_Handler</a><BR>
 <LI><a href="#[4]">BusFault_Handler</a>&nbsp;&nbsp;&nbsp;&rArr;&nbsp;&nbsp;&nbsp;<a href="#[4]">BusFault_Handler</a><BR>
 <LI><a href="#[5]">UsageFault_Handler</a>&nbsp;&nbsp;&nbsp;&rArr;&nbsp;&nbsp;&nbsp;<a href="#[5]">UsageFault_Handler</a><BR>
 <LI><a href="#[6]">SVC_Handler</a>&nbsp;&nbsp;&nbsp;&rArr;&nbsp;&nbsp;&nbsp;<a href="#[6]">SVC_Handler</a><BR>
 <LI><a href="#[7]">DebugMon_Handler</a>&nbsp;&nbsp;&nbsp;&rArr;&nbsp;&nbsp;&nbsp;<a href="#[7]">DebugMon_Handler</a><BR>
 <LI><a href="#[8]">PendSV_Handler</a>&nbsp;&nbsp;&nbsp;&rArr;&nbsp;&nbsp;&nbsp;<a href="#[8]">PendSV_Handler</a><BR>
 <LI><a href="#[9]">SysTick_Handler</a>&nbsp;&nbsp;&nbsp;&rArr;&nbsp;&nbsp;&nbsp;<a href="#[9]">SysTick_Handler</a><BR>
 <LI><a href="#[f]">Default_Handler</a>&nbsp;&nbsp;&nbsp;&rArr;&nbsp;&nbsp;&nbsp;<a href="#[f]">Default_Handler</a><BR>
</UL>
<P>
<H3>
Function Pointers
</H3><UL>
 <LI><a href="#[36]">ACMP01_IRQHandler</a> from startup_m480.o(.text) referenced from startup_m480.o(RESET)
 <LI><a href="#[a]">BOD_IRQHandler</a> from startup_m480.o(.text) referenced from startup_m480.o(RESET)
 <LI><a href="#[53]">BPWM0_IRQHandler</a> from startup_m480.o(.text) referenced from startup_m480.o(RESET)
 <LI><a href="#[54]">BPWM1_IRQHandler</a> from startup_m480.o(.text) referenced from startup_m480.o(RESET)
 <LI><a href="#[22]">BRAKE0_IRQHandler</a> from startup_m480.o(.text) referenced from startup_m480.o(RESET)
 <LI><a href="#[26]">BRAKE1_IRQHandler</a> from startup_m480.o(.text) referenced from startup_m480.o(RESET)
 <LI><a href="#[4]">BusFault_Handler</a> from startup_m480.o(.text) referenced from startup_m480.o(RESET)
 <LI><a href="#[40]">CAN0_IRQHandler</a> from startup_m480.o(.text) referenced from startup_m480.o(RESET)
 <LI><a href="#[41]">CAN1_IRQHandler</a> from startup_m480.o(.text) referenced from startup_m480.o(RESET)
 <LI><a href="#[68]">CAN2_IRQHandler</a> from startup_m480.o(.text) referenced from startup_m480.o(RESET)
 <LI><a href="#[56]">CCAP_IRQHandler</a> from startup_m480.o(.text) referenced from startup_m480.o(RESET)
 <LI><a href="#[e]">CKFAIL_IRQHandler</a> from startup_m480.o(.text) referenced from startup_m480.o(RESET)
 <LI><a href="#[4c]">CRYPTO_IRQHandler</a> from startup_m480.o(.text) referenced from startup_m480.o(RESET)
 <LI><a href="#[33]">DAC_IRQHandler</a> from startup_m480.o(.text) referenced from startup_m480.o(RESET)
 <LI><a href="#[7]">DebugMon_Handler</a> from startup_m480.o(.text) referenced from startup_m480.o(RESET)
 <LI><a href="#[f]">Default_Handler</a> from startup_m480.o(.text) referenced 15 times from startup_m480.o(RESET)
 <LI><a href="#[34]">EADC00_IRQHandler</a> from startup_m480.o(.text) referenced from startup_m480.o(RESET)
 <LI><a href="#[35]">EADC01_IRQHandler</a> from startup_m480.o(.text) referenced from startup_m480.o(RESET)
 <LI><a href="#[37]">EADC02_IRQHandler</a> from startup_m480.o(.text) referenced from startup_m480.o(RESET)
 <LI><a href="#[38]">EADC03_IRQHandler</a> from startup_m480.o(.text) referenced from startup_m480.o(RESET)
 <LI><a href="#[64]">EADC10_IRQHandler</a> from startup_m480.o(.text) referenced from startup_m480.o(RESET)
 <LI><a href="#[65]">EADC11_IRQHandler</a> from startup_m480.o(.text) referenced from startup_m480.o(RESET)
 <LI><a href="#[66]">EADC12_IRQHandler</a> from startup_m480.o(.text) referenced from startup_m480.o(RESET)
 <LI><a href="#[67]">EADC13_IRQHandler</a> from startup_m480.o(.text) referenced from startup_m480.o(RESET)
 <LI><a href="#[5a]">ECAP0_IRQHandler</a> from startup_m480.o(.text) referenced from startup_m480.o(RESET)
 <LI><a href="#[5b]">ECAP1_IRQHandler</a> from startup_m480.o(.text) referenced from startup_m480.o(RESET)
 <LI><a href="#[5f]">EHCI_IRQHandler</a> from startup_m480.o(.text) referenced from startup_m480.o(RESET)
 <LI><a href="#[14]">EINT0_IRQHandler</a> from startup_m480.o(.text) referenced from startup_m480.o(RESET)
 <LI><a href="#[15]">EINT1_IRQHandler</a> from startup_m480.o(.text) referenced from startup_m480.o(RESET)
 <LI><a href="#[16]">EINT2_IRQHandler</a> from startup_m480.o(.text) referenced from startup_m480.o(RESET)
 <LI><a href="#[17]">EINT3_IRQHandler</a> from startup_m480.o(.text) referenced from startup_m480.o(RESET)
 <LI><a href="#[18]">EINT4_IRQHandler</a> from startup_m480.o(.text) referenced from startup_m480.o(RESET)
 <LI><a href="#[19]">EINT5_IRQHandler</a> from startup_m480.o(.text) referenced from startup_m480.o(RESET)
 <LI><a href="#[4e]">EINT6_IRQHandler</a> from startup_m480.o(.text) referenced from startup_m480.o(RESET)
 <LI><a href="#[5d]">EINT7_IRQHandler</a> from startup_m480.o(.text) referenced from startup_m480.o(RESET)
 <LI><a href="#[49]">EMAC_RX_IRQHandler</a> from webserver.o(i.EMAC_RX_IRQHandler) referenced from startup_m480.o(RESET)
 <LI><a href="#[48]">EMAC_TX_IRQHandler</a> from webserver.o(i.EMAC_TX_IRQHandler) referenced from startup_m480.o(RESET)
 <LI><a href="#[23]">EPWM0P0_IRQHandler</a> from startup_m480.o(.text) referenced from startup_m480.o(RESET)
 <LI><a href="#[24]">EPWM0P1_IRQHandler</a> from startup_m480.o(.text) referenced from startup_m480.o(RESET)
 <LI><a href="#[25]">EPWM0P2_IRQHandler</a> from startup_m480.o(.text) referenced from startup_m480.o(RESET)
 <LI><a href="#[27]">EPWM1P0_IRQHandler</a> from startup_m480.o(.text) referenced from startup_m480.o(RESET)
 <LI><a href="#[28]">EPWM1P1_IRQHandler</a> from startup_m480.o(.text) referenced from startup_m480.o(RESET)
 <LI><a href="#[29]">EPWM1P2_IRQHandler</a> from startup_m480.o(.text) referenced from startup_m480.o(RESET)
 <LI><a href="#[1a]">GPA_IRQHandler</a> from startup_m480.o(.text) referenced from startup_m480.o(RESET)
 <LI><a href="#[1b]">GPB_IRQHandler</a> from startup_m480.o(.text) referenced from startup_m480.o(RESET)
 <LI><a href="#[1c]">GPC_IRQHandler</a> from startup_m480.o(.text) referenced from startup_m480.o(RESET)
 <LI><a href="#[1d]">GPD_IRQHandler</a> from startup_m480.o(.text) referenced from startup_m480.o(RESET)
 <LI><a href="#[1e]">GPE_IRQHandler</a> from startup_m480.o(.text) referenced from startup_m480.o(RESET)
 <LI><a href="#[1f]">GPF_IRQHandler</a> from startup_m480.o(.text) referenced from startup_m480.o(RESET)
 <LI><a href="#[4d]">GPG_IRQHandler</a> from startup_m480.o(.text) referenced from startup_m480.o(RESET)
 <LI><a href="#[5c]">GPH_IRQHandler</a> from startup_m480.o(.text) referenced from startup_m480.o(RESET)
 <LI><a href="#[2]">HardFault_Handler</a> from retarget.o(.emb_text) referenced from startup_m480.o(RESET)
 <LI><a href="#[6a]">Hard_Fault_Handler</a> from retarget.o(i.Hard_Fault_Handler) referenced from retarget.o(.emb_text)
 <LI><a href="#[30]">I2C0_IRQHandler</a> from startup_m480.o(.text) referenced from startup_m480.o(RESET)
 <LI><a href="#[31]">I2C1_IRQHandler</a> from startup_m480.o(.text) referenced from startup_m480.o(RESET)
 <LI><a href="#[57]">I2C2_IRQHandler</a> from startup_m480.o(.text) referenced from startup_m480.o(RESET)
 <LI><a href="#[4a]">I2S0_IRQHandler</a> from startup_m480.o(.text) referenced from startup_m480.o(RESET)
 <LI><a href="#[b]">IRC_IRQHandler</a> from startup_m480.o(.text) referenced from startup_m480.o(RESET)
 <LI><a href="#[3]">MemManage_Handler</a> from startup_m480.o(.text) referenced from startup_m480.o(RESET)
 <LI><a href="#[1]">NMI_Handler</a> from startup_m480.o(.text) referenced from startup_m480.o(RESET)
 <LI><a href="#[3e]">OHCI_IRQHandler</a> from startup_m480.o(.text) referenced from startup_m480.o(RESET)
 <LI><a href="#[4b]">OPA0_IRQHandler</a> from startup_m480.o(.text) referenced from startup_m480.o(RESET)
 <LI><a href="#[32]">PDMA_IRQHandler</a> from startup_m480.o(.text) referenced from startup_m480.o(RESET)
 <LI><a href="#[c]">PWRWU_IRQHandler</a> from startup_m480.o(.text) referenced from startup_m480.o(RESET)
 <LI><a href="#[8]">PendSV_Handler</a> from startup_m480.o(.text) referenced from startup_m480.o(RESET)
 <LI><a href="#[58]">QEI0_IRQHandler</a> from startup_m480.o(.text) referenced from startup_m480.o(RESET)
 <LI><a href="#[59]">QEI1_IRQHandler</a> from startup_m480.o(.text) referenced from startup_m480.o(RESET)
 <LI><a href="#[20]">QSPI0_IRQHandler</a> from startup_m480.o(.text) referenced from startup_m480.o(RESET)
 <LI><a href="#[d]">RAMPE_IRQHandler</a> from startup_m480.o(.text) referenced from startup_m480.o(RESET)
 <LI><a href="#[10]">RTC_IRQHandler</a> from startup_m480.o(.text) referenced from startup_m480.o(RESET)
 <LI><a href="#[6f]">Reset_Handler</a> from startup_m480.o(.text) referenced from startup_m480.o(RESET)
 <LI><a href="#[42]">SC0_IRQHandler</a> from startup_m480.o(.text) referenced from startup_m480.o(RESET)
 <LI><a href="#[43]">SC1_IRQHandler</a> from startup_m480.o(.text) referenced from startup_m480.o(RESET)
 <LI><a href="#[44]">SC2_IRQHandler</a> from startup_m480.o(.text) referenced from startup_m480.o(RESET)
 <LI><a href="#[46]">SDH0_IRQHandler</a> from startup_m480.o(.text) referenced from startup_m480.o(RESET)
 <LI><a href="#[5e]">SDH1_IRQHandler</a> from startup_m480.o(.text) referenced from startup_m480.o(RESET)
 <LI><a href="#[21]">SPI0_IRQHandler</a> from startup_m480.o(.text) referenced from startup_m480.o(RESET)
 <LI><a href="#[3b]">SPI1_IRQHandler</a> from startup_m480.o(.text) referenced from startup_m480.o(RESET)
 <LI><a href="#[3c]">SPI2_IRQHandler</a> from startup_m480.o(.text) referenced from startup_m480.o(RESET)
 <LI><a href="#[45]">SPI3_IRQHandler</a> from startup_m480.o(.text) referenced from startup_m480.o(RESET)
 <LI><a href="#[55]">SPIM_IRQHandler</a> from startup_m480.o(.text) referenced from startup_m480.o(RESET)
 <LI><a href="#[6]">SVC_Handler</a> from startup_m480.o(.text) referenced from startup_m480.o(RESET)
 <LI><a href="#[9]">SysTick_Handler</a> from startup_m480.o(.text) referenced from startup_m480.o(RESET)
 <LI><a href="#[6b]">SystemInit</a> from system_m480.o(i.SystemInit) referenced from startup_m480.o(.text)
 <LI><a href="#[11]">TAMPER_IRQHandler</a> from startup_m480.o(.text) referenced from startup_m480.o(RESET)
 <LI><a href="#[2a]">TMR0_IRQHandler</a> from main.o(i.TMR0_IRQHandler) referenced from startup_m480.o(RESET)
 <LI><a href="#[2b]">TMR1_IRQHandler</a> from startup_m480.o(.text) referenced from startup_m480.o(RESET)
 <LI><a href="#[2c]">TMR2_IRQHandler</a> from startup_m480.o(.text) referenced from startup_m480.o(RESET)
 <LI><a href="#[2d]">TMR3_IRQHandler</a> from startup_m480.o(.text) referenced from startup_m480.o(RESET)
 <LI><a href="#[61]">TRNG_IRQHandler</a> from startup_m480.o(.text) referenced from startup_m480.o(RESET)
 <LI><a href="#[2e]">UART0_IRQHandler</a> from dependencies.o(i.UART0_IRQHandler) referenced from startup_m480.o(RESET)
 <LI><a href="#[2f]">UART1_IRQHandler</a> from dependencies.o(i.UART1_IRQHandler) referenced from startup_m480.o(RESET)
 <LI><a href="#[39]">UART2_IRQHandler</a> from startup_m480.o(.text) referenced from startup_m480.o(RESET)
 <LI><a href="#[3a]">UART3_IRQHandler</a> from startup_m480.o(.text) referenced from startup_m480.o(RESET)
 <LI><a href="#[4f]">UART4_IRQHandler</a> from startup_m480.o(.text) referenced from startup_m480.o(RESET)
 <LI><a href="#[50]">UART5_IRQHandler</a> from startup_m480.o(.text) referenced from startup_m480.o(RESET)
 <LI><a href="#[62]">UART6_IRQHandler</a> from startup_m480.o(.text) referenced from startup_m480.o(RESET)
 <LI><a href="#[63]">UART7_IRQHandler</a> from startup_m480.o(.text) referenced from startup_m480.o(RESET)
 <LI><a href="#[47]">USBD20_IRQHandler</a> from startup_m480.o(.text) referenced from startup_m480.o(RESET)
 <LI><a href="#[3d]">USBD_IRQHandler</a> from startup_m480.o(.text) referenced from startup_m480.o(RESET)
 <LI><a href="#[60]">USBOTG20_IRQHandler</a> from startup_m480.o(.text) referenced from startup_m480.o(RESET)
 <LI><a href="#[3f]">USBOTG_IRQHandler</a> from startup_m480.o(.text) referenced from startup_m480.o(RESET)
 <LI><a href="#[51]">USCI0_IRQHandler</a> from startup_m480.o(.text) referenced from startup_m480.o(RESET)
 <LI><a href="#[52]">USCI1_IRQHandler</a> from startup_m480.o(.text) referenced from startup_m480.o(RESET)
 <LI><a href="#[5]">UsageFault_Handler</a> from startup_m480.o(.text) referenced from startup_m480.o(RESET)
 <LI><a href="#[12]">WDT_IRQHandler</a> from startup_m480.o(.text) referenced from startup_m480.o(RESET)
 <LI><a href="#[13]">WWDT_IRQHandler</a> from startup_m480.o(.text) referenced from startup_m480.o(RESET)
 <LI><a href="#[6c]">__main</a> from entry.o(.ARM.Collect$$$$00000000) referenced from startup_m480.o(.text)
 <LI><a href="#[6e]">_sputc</a> from printf8.o(i._sputc) referenced from printf8.o(i.__0sprintf$8)
 <LI><a href="#[6d]">fputc</a> from retarget.o(i.fputc) referenced from printf8.o(i.__0printf$8)
 <LI><a href="#[69]">main</a> from main.o(i.main) referenced from entry9a.o(.ARM.Collect$$$$0000000B)
</UL>
<P>
<H3>
Global Symbols
</H3>
<P><STRONG><a name="[6c]"></a>__main</STRONG> (Thumb, 0 bytes, Stack size unknown bytes, entry.o(.ARM.Collect$$$$00000000))
<BR>[Address Reference Count : 1]<UL><LI> startup_m480.o(.text)
</UL>
<P><STRONG><a name="[154]"></a>_main_stk</STRONG> (Thumb, 0 bytes, Stack size unknown bytes, entry2.o(.ARM.Collect$$$$00000001))

<P><STRONG><a name="[70]"></a>_main_scatterload</STRONG> (Thumb, 0 bytes, Stack size unknown bytes, entry5.o(.ARM.Collect$$$$00000004))
<BR><BR>[Calls]<UL><LI><a href="#[71]">&gt;&gt;</a>&nbsp;&nbsp;&nbsp;__scatterload
</UL>

<P><STRONG><a name="[7d]"></a>__main_after_scatterload</STRONG> (Thumb, 0 bytes, Stack size unknown bytes, entry5.o(.ARM.Collect$$$$00000004))
<BR><BR>[Called By]<UL><LI><a href="#[71]">&gt;&gt;</a>&nbsp;&nbsp;&nbsp;__scatterload
</UL>

<P><STRONG><a name="[155]"></a>_main_clock</STRONG> (Thumb, 0 bytes, Stack size unknown bytes, entry7b.o(.ARM.Collect$$$$00000008))

<P><STRONG><a name="[156]"></a>_main_cpp_init</STRONG> (Thumb, 0 bytes, Stack size unknown bytes, entry8b.o(.ARM.Collect$$$$0000000A))

<P><STRONG><a name="[157]"></a>_main_init</STRONG> (Thumb, 0 bytes, Stack size unknown bytes, entry9a.o(.ARM.Collect$$$$0000000B))

<P><STRONG><a name="[158]"></a>__rt_final_cpp</STRONG> (Thumb, 0 bytes, Stack size unknown bytes, entry10a.o(.ARM.Collect$$$$0000000D))

<P><STRONG><a name="[159]"></a>__rt_final_exit</STRONG> (Thumb, 0 bytes, Stack size unknown bytes, entry11a.o(.ARM.Collect$$$$0000000F))

<P><STRONG><a name="[2]"></a>HardFault_Handler</STRONG> (Thumb, 24 bytes, Stack size 0 bytes, retarget.o(.emb_text))
<BR>[Address Reference Count : 1]<UL><LI> startup_m480.o(RESET)
</UL>
<P><STRONG><a name="[6f]"></a>Reset_Handler</STRONG> (Thumb, 64 bytes, Stack size 0 bytes, startup_m480.o(.text))

<P><STRONG><a name="[1]"></a>NMI_Handler</STRONG> (Thumb, 2 bytes, Stack size 0 bytes, startup_m480.o(.text))
<BR><BR>[Calls]<UL><LI><a href="#[1]">&gt;&gt;</a>&nbsp;&nbsp;&nbsp;NMI_Handler
</UL>
<BR>[Called By]<UL><LI><a href="#[1]">&gt;&gt;</a>&nbsp;&nbsp;&nbsp;NMI_Handler
</UL>
<BR>[Address Reference Count : 1]<UL><LI> startup_m480.o(RESET)
</UL>
<P><STRONG><a name="[3]"></a>MemManage_Handler</STRONG> (Thumb, 2 bytes, Stack size 0 bytes, startup_m480.o(.text))
<BR><BR>[Calls]<UL><LI><a href="#[3]">&gt;&gt;</a>&nbsp;&nbsp;&nbsp;MemManage_Handler
</UL>
<BR>[Called By]<UL><LI><a href="#[3]">&gt;&gt;</a>&nbsp;&nbsp;&nbsp;MemManage_Handler
</UL>
<BR>[Address Reference Count : 1]<UL><LI> startup_m480.o(RESET)
</UL>
<P><STRONG><a name="[4]"></a>BusFault_Handler</STRONG> (Thumb, 2 bytes, Stack size 0 bytes, startup_m480.o(.text))
<BR><BR>[Calls]<UL><LI><a href="#[4]">&gt;&gt;</a>&nbsp;&nbsp;&nbsp;BusFault_Handler
</UL>
<BR>[Called By]<UL><LI><a href="#[4]">&gt;&gt;</a>&nbsp;&nbsp;&nbsp;BusFault_Handler
</UL>
<BR>[Address Reference Count : 1]<UL><LI> startup_m480.o(RESET)
</UL>
<P><STRONG><a name="[5]"></a>UsageFault_Handler</STRONG> (Thumb, 2 bytes, Stack size 0 bytes, startup_m480.o(.text))
<BR><BR>[Calls]<UL><LI><a href="#[5]">&gt;&gt;</a>&nbsp;&nbsp;&nbsp;UsageFault_Handler
</UL>
<BR>[Called By]<UL><LI><a href="#[5]">&gt;&gt;</a>&nbsp;&nbsp;&nbsp;UsageFault_Handler
</UL>
<BR>[Address Reference Count : 1]<UL><LI> startup_m480.o(RESET)
</UL>
<P><STRONG><a name="[6]"></a>SVC_Handler</STRONG> (Thumb, 2 bytes, Stack size 0 bytes, startup_m480.o(.text))
<BR><BR>[Calls]<UL><LI><a href="#[6]">&gt;&gt;</a>&nbsp;&nbsp;&nbsp;SVC_Handler
</UL>
<BR>[Called By]<UL><LI><a href="#[6]">&gt;&gt;</a>&nbsp;&nbsp;&nbsp;SVC_Handler
</UL>
<BR>[Address Reference Count : 1]<UL><LI> startup_m480.o(RESET)
</UL>
<P><STRONG><a name="[7]"></a>DebugMon_Handler</STRONG> (Thumb, 2 bytes, Stack size 0 bytes, startup_m480.o(.text))
<BR><BR>[Calls]<UL><LI><a href="#[7]">&gt;&gt;</a>&nbsp;&nbsp;&nbsp;DebugMon_Handler
</UL>
<BR>[Called By]<UL><LI><a href="#[7]">&gt;&gt;</a>&nbsp;&nbsp;&nbsp;DebugMon_Handler
</UL>
<BR>[Address Reference Count : 1]<UL><LI> startup_m480.o(RESET)
</UL>
<P><STRONG><a name="[8]"></a>PendSV_Handler</STRONG> (Thumb, 2 bytes, Stack size 0 bytes, startup_m480.o(.text))
<BR><BR>[Calls]<UL><LI><a href="#[8]">&gt;&gt;</a>&nbsp;&nbsp;&nbsp;PendSV_Handler
</UL>
<BR>[Called By]<UL><LI><a href="#[8]">&gt;&gt;</a>&nbsp;&nbsp;&nbsp;PendSV_Handler
</UL>
<BR>[Address Reference Count : 1]<UL><LI> startup_m480.o(RESET)
</UL>
<P><STRONG><a name="[9]"></a>SysTick_Handler</STRONG> (Thumb, 2 bytes, Stack size 0 bytes, startup_m480.o(.text))
<BR><BR>[Calls]<UL><LI><a href="#[9]">&gt;&gt;</a>&nbsp;&nbsp;&nbsp;SysTick_Handler
</UL>
<BR>[Called By]<UL><LI><a href="#[9]">&gt;&gt;</a>&nbsp;&nbsp;&nbsp;SysTick_Handler
</UL>
<BR>[Address Reference Count : 1]<UL><LI> startup_m480.o(RESET)
</UL>
<P><STRONG><a name="[36]"></a>ACMP01_IRQHandler</STRONG> (Thumb, 0 bytes, Stack size 0 bytes, startup_m480.o(.text))
<BR>[Address Reference Count : 1]<UL><LI> startup_m480.o(RESET)
</UL>
<P><STRONG><a name="[a]"></a>BOD_IRQHandler</STRONG> (Thumb, 0 bytes, Stack size 0 bytes, startup_m480.o(.text))
<BR>[Address Reference Count : 1]<UL><LI> startup_m480.o(RESET)
</UL>
<P><STRONG><a name="[53]"></a>BPWM0_IRQHandler</STRONG> (Thumb, 0 bytes, Stack size 0 bytes, startup_m480.o(.text))
<BR>[Address Reference Count : 1]<UL><LI> startup_m480.o(RESET)
</UL>
<P><STRONG><a name="[54]"></a>BPWM1_IRQHandler</STRONG> (Thumb, 0 bytes, Stack size 0 bytes, startup_m480.o(.text))
<BR>[Address Reference Count : 1]<UL><LI> startup_m480.o(RESET)
</UL>
<P><STRONG><a name="[22]"></a>BRAKE0_IRQHandler</STRONG> (Thumb, 0 bytes, Stack size 0 bytes, startup_m480.o(.text))
<BR>[Address Reference Count : 1]<UL><LI> startup_m480.o(RESET)
</UL>
<P><STRONG><a name="[26]"></a>BRAKE1_IRQHandler</STRONG> (Thumb, 0 bytes, Stack size 0 bytes, startup_m480.o(.text))
<BR>[Address Reference Count : 1]<UL><LI> startup_m480.o(RESET)
</UL>
<P><STRONG><a name="[40]"></a>CAN0_IRQHandler</STRONG> (Thumb, 0 bytes, Stack size 0 bytes, startup_m480.o(.text))
<BR>[Address Reference Count : 1]<UL><LI> startup_m480.o(RESET)
</UL>
<P><STRONG><a name="[41]"></a>CAN1_IRQHandler</STRONG> (Thumb, 0 bytes, Stack size 0 bytes, startup_m480.o(.text))
<BR>[Address Reference Count : 1]<UL><LI> startup_m480.o(RESET)
</UL>
<P><STRONG><a name="[68]"></a>CAN2_IRQHandler</STRONG> (Thumb, 0 bytes, Stack size 0 bytes, startup_m480.o(.text))
<BR>[Address Reference Count : 1]<UL><LI> startup_m480.o(RESET)
</UL>
<P><STRONG><a name="[56]"></a>CCAP_IRQHandler</STRONG> (Thumb, 0 bytes, Stack size 0 bytes, startup_m480.o(.text))
<BR>[Address Reference Count : 1]<UL><LI> startup_m480.o(RESET)
</UL>
<P><STRONG><a name="[e]"></a>CKFAIL_IRQHandler</STRONG> (Thumb, 0 bytes, Stack size 0 bytes, startup_m480.o(.text))
<BR>[Address Reference Count : 1]<UL><LI> startup_m480.o(RESET)
</UL>
<P><STRONG><a name="[4c]"></a>CRYPTO_IRQHandler</STRONG> (Thumb, 0 bytes, Stack size 0 bytes, startup_m480.o(.text))
<BR>[Address Reference Count : 1]<UL><LI> startup_m480.o(RESET)
</UL>
<P><STRONG><a name="[33]"></a>DAC_IRQHandler</STRONG> (Thumb, 0 bytes, Stack size 0 bytes, startup_m480.o(.text))
<BR>[Address Reference Count : 1]<UL><LI> startup_m480.o(RESET)
</UL>
<P><STRONG><a name="[34]"></a>EADC00_IRQHandler</STRONG> (Thumb, 0 bytes, Stack size 0 bytes, startup_m480.o(.text))
<BR>[Address Reference Count : 1]<UL><LI> startup_m480.o(RESET)
</UL>
<P><STRONG><a name="[35]"></a>EADC01_IRQHandler</STRONG> (Thumb, 0 bytes, Stack size 0 bytes, startup_m480.o(.text))
<BR>[Address Reference Count : 1]<UL><LI> startup_m480.o(RESET)
</UL>
<P><STRONG><a name="[37]"></a>EADC02_IRQHandler</STRONG> (Thumb, 0 bytes, Stack size 0 bytes, startup_m480.o(.text))
<BR>[Address Reference Count : 1]<UL><LI> startup_m480.o(RESET)
</UL>
<P><STRONG><a name="[38]"></a>EADC03_IRQHandler</STRONG> (Thumb, 0 bytes, Stack size 0 bytes, startup_m480.o(.text))
<BR>[Address Reference Count : 1]<UL><LI> startup_m480.o(RESET)
</UL>
<P><STRONG><a name="[64]"></a>EADC10_IRQHandler</STRONG> (Thumb, 0 bytes, Stack size 0 bytes, startup_m480.o(.text))
<BR>[Address Reference Count : 1]<UL><LI> startup_m480.o(RESET)
</UL>
<P><STRONG><a name="[65]"></a>EADC11_IRQHandler</STRONG> (Thumb, 0 bytes, Stack size 0 bytes, startup_m480.o(.text))
<BR>[Address Reference Count : 1]<UL><LI> startup_m480.o(RESET)
</UL>
<P><STRONG><a name="[66]"></a>EADC12_IRQHandler</STRONG> (Thumb, 0 bytes, Stack size 0 bytes, startup_m480.o(.text))
<BR>[Address Reference Count : 1]<UL><LI> startup_m480.o(RESET)
</UL>
<P><STRONG><a name="[67]"></a>EADC13_IRQHandler</STRONG> (Thumb, 0 bytes, Stack size 0 bytes, startup_m480.o(.text))
<BR>[Address Reference Count : 1]<UL><LI> startup_m480.o(RESET)
</UL>
<P><STRONG><a name="[5a]"></a>ECAP0_IRQHandler</STRONG> (Thumb, 0 bytes, Stack size 0 bytes, startup_m480.o(.text))
<BR>[Address Reference Count : 1]<UL><LI> startup_m480.o(RESET)
</UL>
<P><STRONG><a name="[5b]"></a>ECAP1_IRQHandler</STRONG> (Thumb, 0 bytes, Stack size 0 bytes, startup_m480.o(.text))
<BR>[Address Reference Count : 1]<UL><LI> startup_m480.o(RESET)
</UL>
<P><STRONG><a name="[5f]"></a>EHCI_IRQHandler</STRONG> (Thumb, 0 bytes, Stack size 0 bytes, startup_m480.o(.text))
<BR>[Address Reference Count : 1]<UL><LI> startup_m480.o(RESET)
</UL>
<P><STRONG><a name="[14]"></a>EINT0_IRQHandler</STRONG> (Thumb, 0 bytes, Stack size 0 bytes, startup_m480.o(.text))
<BR>[Address Reference Count : 1]<UL><LI> startup_m480.o(RESET)
</UL>
<P><STRONG><a name="[15]"></a>EINT1_IRQHandler</STRONG> (Thumb, 0 bytes, Stack size 0 bytes, startup_m480.o(.text))
<BR>[Address Reference Count : 1]<UL><LI> startup_m480.o(RESET)
</UL>
<P><STRONG><a name="[16]"></a>EINT2_IRQHandler</STRONG> (Thumb, 0 bytes, Stack size 0 bytes, startup_m480.o(.text))
<BR>[Address Reference Count : 1]<UL><LI> startup_m480.o(RESET)
</UL>
<P><STRONG><a name="[17]"></a>EINT3_IRQHandler</STRONG> (Thumb, 0 bytes, Stack size 0 bytes, startup_m480.o(.text))
<BR>[Address Reference Count : 1]<UL><LI> startup_m480.o(RESET)
</UL>
<P><STRONG><a name="[18]"></a>EINT4_IRQHandler</STRONG> (Thumb, 0 bytes, Stack size 0 bytes, startup_m480.o(.text))
<BR>[Address Reference Count : 1]<UL><LI> startup_m480.o(RESET)
</UL>
<P><STRONG><a name="[19]"></a>EINT5_IRQHandler</STRONG> (Thumb, 0 bytes, Stack size 0 bytes, startup_m480.o(.text))
<BR>[Address Reference Count : 1]<UL><LI> startup_m480.o(RESET)
</UL>
<P><STRONG><a name="[4e]"></a>EINT6_IRQHandler</STRONG> (Thumb, 0 bytes, Stack size 0 bytes, startup_m480.o(.text))
<BR>[Address Reference Count : 1]<UL><LI> startup_m480.o(RESET)
</UL>
<P><STRONG><a name="[5d]"></a>EINT7_IRQHandler</STRONG> (Thumb, 0 bytes, Stack size 0 bytes, startup_m480.o(.text))
<BR>[Address Reference Count : 1]<UL><LI> startup_m480.o(RESET)
</UL>
<P><STRONG><a name="[23]"></a>EPWM0P0_IRQHandler</STRONG> (Thumb, 0 bytes, Stack size 0 bytes, startup_m480.o(.text))
<BR>[Address Reference Count : 1]<UL><LI> startup_m480.o(RESET)
</UL>
<P><STRONG><a name="[24]"></a>EPWM0P1_IRQHandler</STRONG> (Thumb, 0 bytes, Stack size 0 bytes, startup_m480.o(.text))
<BR>[Address Reference Count : 1]<UL><LI> startup_m480.o(RESET)
</UL>
<P><STRONG><a name="[25]"></a>EPWM0P2_IRQHandler</STRONG> (Thumb, 0 bytes, Stack size 0 bytes, startup_m480.o(.text))
<BR>[Address Reference Count : 1]<UL><LI> startup_m480.o(RESET)
</UL>
<P><STRONG><a name="[27]"></a>EPWM1P0_IRQHandler</STRONG> (Thumb, 0 bytes, Stack size 0 bytes, startup_m480.o(.text))
<BR>[Address Reference Count : 1]<UL><LI> startup_m480.o(RESET)
</UL>
<P><STRONG><a name="[28]"></a>EPWM1P1_IRQHandler</STRONG> (Thumb, 0 bytes, Stack size 0 bytes, startup_m480.o(.text))
<BR>[Address Reference Count : 1]<UL><LI> startup_m480.o(RESET)
</UL>
<P><STRONG><a name="[29]"></a>EPWM1P2_IRQHandler</STRONG> (Thumb, 0 bytes, Stack size 0 bytes, startup_m480.o(.text))
<BR>[Address Reference Count : 1]<UL><LI> startup_m480.o(RESET)
</UL>
<P><STRONG><a name="[1a]"></a>GPA_IRQHandler</STRONG> (Thumb, 0 bytes, Stack size 0 bytes, startup_m480.o(.text))
<BR>[Address Reference Count : 1]<UL><LI> startup_m480.o(RESET)
</UL>
<P><STRONG><a name="[1b]"></a>GPB_IRQHandler</STRONG> (Thumb, 0 bytes, Stack size 0 bytes, startup_m480.o(.text))
<BR>[Address Reference Count : 1]<UL><LI> startup_m480.o(RESET)
</UL>
<P><STRONG><a name="[1c]"></a>GPC_IRQHandler</STRONG> (Thumb, 0 bytes, Stack size 0 bytes, startup_m480.o(.text))
<BR>[Address Reference Count : 1]<UL><LI> startup_m480.o(RESET)
</UL>
<P><STRONG><a name="[1d]"></a>GPD_IRQHandler</STRONG> (Thumb, 0 bytes, Stack size 0 bytes, startup_m480.o(.text))
<BR>[Address Reference Count : 1]<UL><LI> startup_m480.o(RESET)
</UL>
<P><STRONG><a name="[1e]"></a>GPE_IRQHandler</STRONG> (Thumb, 0 bytes, Stack size 0 bytes, startup_m480.o(.text))
<BR>[Address Reference Count : 1]<UL><LI> startup_m480.o(RESET)
</UL>
<P><STRONG><a name="[1f]"></a>GPF_IRQHandler</STRONG> (Thumb, 0 bytes, Stack size 0 bytes, startup_m480.o(.text))
<BR>[Address Reference Count : 1]<UL><LI> startup_m480.o(RESET)
</UL>
<P><STRONG><a name="[4d]"></a>GPG_IRQHandler</STRONG> (Thumb, 0 bytes, Stack size 0 bytes, startup_m480.o(.text))
<BR>[Address Reference Count : 1]<UL><LI> startup_m480.o(RESET)
</UL>
<P><STRONG><a name="[5c]"></a>GPH_IRQHandler</STRONG> (Thumb, 0 bytes, Stack size 0 bytes, startup_m480.o(.text))
<BR>[Address Reference Count : 1]<UL><LI> startup_m480.o(RESET)
</UL>
<P><STRONG><a name="[30]"></a>I2C0_IRQHandler</STRONG> (Thumb, 0 bytes, Stack size 0 bytes, startup_m480.o(.text))
<BR>[Address Reference Count : 1]<UL><LI> startup_m480.o(RESET)
</UL>
<P><STRONG><a name="[31]"></a>I2C1_IRQHandler</STRONG> (Thumb, 0 bytes, Stack size 0 bytes, startup_m480.o(.text))
<BR>[Address Reference Count : 1]<UL><LI> startup_m480.o(RESET)
</UL>
<P><STRONG><a name="[57]"></a>I2C2_IRQHandler</STRONG> (Thumb, 0 bytes, Stack size 0 bytes, startup_m480.o(.text))
<BR>[Address Reference Count : 1]<UL><LI> startup_m480.o(RESET)
</UL>
<P><STRONG><a name="[4a]"></a>I2S0_IRQHandler</STRONG> (Thumb, 0 bytes, Stack size 0 bytes, startup_m480.o(.text))
<BR>[Address Reference Count : 1]<UL><LI> startup_m480.o(RESET)
</UL>
<P><STRONG><a name="[b]"></a>IRC_IRQHandler</STRONG> (Thumb, 0 bytes, Stack size 0 bytes, startup_m480.o(.text))
<BR>[Address Reference Count : 1]<UL><LI> startup_m480.o(RESET)
</UL>
<P><STRONG><a name="[3e]"></a>OHCI_IRQHandler</STRONG> (Thumb, 0 bytes, Stack size 0 bytes, startup_m480.o(.text))
<BR>[Address Reference Count : 1]<UL><LI> startup_m480.o(RESET)
</UL>
<P><STRONG><a name="[4b]"></a>OPA0_IRQHandler</STRONG> (Thumb, 0 bytes, Stack size 0 bytes, startup_m480.o(.text))
<BR>[Address Reference Count : 1]<UL><LI> startup_m480.o(RESET)
</UL>
<P><STRONG><a name="[32]"></a>PDMA_IRQHandler</STRONG> (Thumb, 0 bytes, Stack size 0 bytes, startup_m480.o(.text))
<BR>[Address Reference Count : 1]<UL><LI> startup_m480.o(RESET)
</UL>
<P><STRONG><a name="[c]"></a>PWRWU_IRQHandler</STRONG> (Thumb, 0 bytes, Stack size 0 bytes, startup_m480.o(.text))
<BR>[Address Reference Count : 1]<UL><LI> startup_m480.o(RESET)
</UL>
<P><STRONG><a name="[58]"></a>QEI0_IRQHandler</STRONG> (Thumb, 0 bytes, Stack size 0 bytes, startup_m480.o(.text))
<BR>[Address Reference Count : 1]<UL><LI> startup_m480.o(RESET)
</UL>
<P><STRONG><a name="[59]"></a>QEI1_IRQHandler</STRONG> (Thumb, 0 bytes, Stack size 0 bytes, startup_m480.o(.text))
<BR>[Address Reference Count : 1]<UL><LI> startup_m480.o(RESET)
</UL>
<P><STRONG><a name="[20]"></a>QSPI0_IRQHandler</STRONG> (Thumb, 0 bytes, Stack size 0 bytes, startup_m480.o(.text))
<BR>[Address Reference Count : 1]<UL><LI> startup_m480.o(RESET)
</UL>
<P><STRONG><a name="[d]"></a>RAMPE_IRQHandler</STRONG> (Thumb, 0 bytes, Stack size 0 bytes, startup_m480.o(.text))
<BR>[Address Reference Count : 1]<UL><LI> startup_m480.o(RESET)
</UL>
<P><STRONG><a name="[10]"></a>RTC_IRQHandler</STRONG> (Thumb, 0 bytes, Stack size 0 bytes, startup_m480.o(.text))
<BR>[Address Reference Count : 1]<UL><LI> startup_m480.o(RESET)
</UL>
<P><STRONG><a name="[42]"></a>SC0_IRQHandler</STRONG> (Thumb, 0 bytes, Stack size 0 bytes, startup_m480.o(.text))
<BR>[Address Reference Count : 1]<UL><LI> startup_m480.o(RESET)
</UL>
<P><STRONG><a name="[43]"></a>SC1_IRQHandler</STRONG> (Thumb, 0 bytes, Stack size 0 bytes, startup_m480.o(.text))
<BR>[Address Reference Count : 1]<UL><LI> startup_m480.o(RESET)
</UL>
<P><STRONG><a name="[44]"></a>SC2_IRQHandler</STRONG> (Thumb, 0 bytes, Stack size 0 bytes, startup_m480.o(.text))
<BR>[Address Reference Count : 1]<UL><LI> startup_m480.o(RESET)
</UL>
<P><STRONG><a name="[46]"></a>SDH0_IRQHandler</STRONG> (Thumb, 0 bytes, Stack size 0 bytes, startup_m480.o(.text))
<BR>[Address Reference Count : 1]<UL><LI> startup_m480.o(RESET)
</UL>
<P><STRONG><a name="[5e]"></a>SDH1_IRQHandler</STRONG> (Thumb, 0 bytes, Stack size 0 bytes, startup_m480.o(.text))
<BR>[Address Reference Count : 1]<UL><LI> startup_m480.o(RESET)
</UL>
<P><STRONG><a name="[21]"></a>SPI0_IRQHandler</STRONG> (Thumb, 0 bytes, Stack size 0 bytes, startup_m480.o(.text))
<BR>[Address Reference Count : 1]<UL><LI> startup_m480.o(RESET)
</UL>
<P><STRONG><a name="[3b]"></a>SPI1_IRQHandler</STRONG> (Thumb, 0 bytes, Stack size 0 bytes, startup_m480.o(.text))
<BR>[Address Reference Count : 1]<UL><LI> startup_m480.o(RESET)
</UL>
<P><STRONG><a name="[3c]"></a>SPI2_IRQHandler</STRONG> (Thumb, 0 bytes, Stack size 0 bytes, startup_m480.o(.text))
<BR>[Address Reference Count : 1]<UL><LI> startup_m480.o(RESET)
</UL>
<P><STRONG><a name="[45]"></a>SPI3_IRQHandler</STRONG> (Thumb, 0 bytes, Stack size 0 bytes, startup_m480.o(.text))
<BR>[Address Reference Count : 1]<UL><LI> startup_m480.o(RESET)
</UL>
<P><STRONG><a name="[55]"></a>SPIM_IRQHandler</STRONG> (Thumb, 0 bytes, Stack size 0 bytes, startup_m480.o(.text))
<BR>[Address Reference Count : 1]<UL><LI> startup_m480.o(RESET)
</UL>
<P><STRONG><a name="[11]"></a>TAMPER_IRQHandler</STRONG> (Thumb, 0 bytes, Stack size 0 bytes, startup_m480.o(.text))
<BR>[Address Reference Count : 1]<UL><LI> startup_m480.o(RESET)
</UL>
<P><STRONG><a name="[2b]"></a>TMR1_IRQHandler</STRONG> (Thumb, 0 bytes, Stack size 0 bytes, startup_m480.o(.text))
<BR>[Address Reference Count : 1]<UL><LI> startup_m480.o(RESET)
</UL>
<P><STRONG><a name="[2c]"></a>TMR2_IRQHandler</STRONG> (Thumb, 0 bytes, Stack size 0 bytes, startup_m480.o(.text))
<BR>[Address Reference Count : 1]<UL><LI> startup_m480.o(RESET)
</UL>
<P><STRONG><a name="[2d]"></a>TMR3_IRQHandler</STRONG> (Thumb, 0 bytes, Stack size 0 bytes, startup_m480.o(.text))
<BR>[Address Reference Count : 1]<UL><LI> startup_m480.o(RESET)
</UL>
<P><STRONG><a name="[61]"></a>TRNG_IRQHandler</STRONG> (Thumb, 0 bytes, Stack size 0 bytes, startup_m480.o(.text))
<BR>[Address Reference Count : 1]<UL><LI> startup_m480.o(RESET)
</UL>
<P><STRONG><a name="[39]"></a>UART2_IRQHandler</STRONG> (Thumb, 0 bytes, Stack size 0 bytes, startup_m480.o(.text))
<BR>[Address Reference Count : 1]<UL><LI> startup_m480.o(RESET)
</UL>
<P><STRONG><a name="[3a]"></a>UART3_IRQHandler</STRONG> (Thumb, 0 bytes, Stack size 0 bytes, startup_m480.o(.text))
<BR>[Address Reference Count : 1]<UL><LI> startup_m480.o(RESET)
</UL>
<P><STRONG><a name="[4f]"></a>UART4_IRQHandler</STRONG> (Thumb, 0 bytes, Stack size 0 bytes, startup_m480.o(.text))
<BR>[Address Reference Count : 1]<UL><LI> startup_m480.o(RESET)
</UL>
<P><STRONG><a name="[50]"></a>UART5_IRQHandler</STRONG> (Thumb, 0 bytes, Stack size 0 bytes, startup_m480.o(.text))
<BR>[Address Reference Count : 1]<UL><LI> startup_m480.o(RESET)
</UL>
<P><STRONG><a name="[62]"></a>UART6_IRQHandler</STRONG> (Thumb, 0 bytes, Stack size 0 bytes, startup_m480.o(.text))
<BR>[Address Reference Count : 1]<UL><LI> startup_m480.o(RESET)
</UL>
<P><STRONG><a name="[63]"></a>UART7_IRQHandler</STRONG> (Thumb, 0 bytes, Stack size 0 bytes, startup_m480.o(.text))
<BR>[Address Reference Count : 1]<UL><LI> startup_m480.o(RESET)
</UL>
<P><STRONG><a name="[47]"></a>USBD20_IRQHandler</STRONG> (Thumb, 0 bytes, Stack size 0 bytes, startup_m480.o(.text))
<BR>[Address Reference Count : 1]<UL><LI> startup_m480.o(RESET)
</UL>
<P><STRONG><a name="[3d]"></a>USBD_IRQHandler</STRONG> (Thumb, 0 bytes, Stack size 0 bytes, startup_m480.o(.text))
<BR>[Address Reference Count : 1]<UL><LI> startup_m480.o(RESET)
</UL>
<P><STRONG><a name="[60]"></a>USBOTG20_IRQHandler</STRONG> (Thumb, 0 bytes, Stack size 0 bytes, startup_m480.o(.text))
<BR>[Address Reference Count : 1]<UL><LI> startup_m480.o(RESET)
</UL>
<P><STRONG><a name="[3f]"></a>USBOTG_IRQHandler</STRONG> (Thumb, 0 bytes, Stack size 0 bytes, startup_m480.o(.text))
<BR>[Address Reference Count : 1]<UL><LI> startup_m480.o(RESET)
</UL>
<P><STRONG><a name="[51]"></a>USCI0_IRQHandler</STRONG> (Thumb, 0 bytes, Stack size 0 bytes, startup_m480.o(.text))
<BR>[Address Reference Count : 1]<UL><LI> startup_m480.o(RESET)
</UL>
<P><STRONG><a name="[52]"></a>USCI1_IRQHandler</STRONG> (Thumb, 0 bytes, Stack size 0 bytes, startup_m480.o(.text))
<BR>[Address Reference Count : 1]<UL><LI> startup_m480.o(RESET)
</UL>
<P><STRONG><a name="[12]"></a>WDT_IRQHandler</STRONG> (Thumb, 0 bytes, Stack size 0 bytes, startup_m480.o(.text))
<BR>[Address Reference Count : 1]<UL><LI> startup_m480.o(RESET)
</UL>
<P><STRONG><a name="[13]"></a>WWDT_IRQHandler</STRONG> (Thumb, 0 bytes, Stack size 0 bytes, startup_m480.o(.text))
<BR>[Address Reference Count : 1]<UL><LI> startup_m480.o(RESET)
</UL>
<P><STRONG><a name="[72]"></a>__aeabi_uldivmod</STRONG> (Thumb, 98 bytes, Stack size 40 bytes, uldiv.o(.text), UNUSED)
<BR><BR>[Calls]<UL><LI><a href="#[73]">&gt;&gt;</a>&nbsp;&nbsp;&nbsp;__aeabi_llsr
<LI><a href="#[74]">&gt;&gt;</a>&nbsp;&nbsp;&nbsp;__aeabi_llsl
</UL>
<BR>[Called By]<UL><LI><a href="#[bd]">&gt;&gt;</a>&nbsp;&nbsp;&nbsp;_printf_core
</UL>

<P><STRONG><a name="[91]"></a>__aeabi_memcpy</STRONG> (Thumb, 36 bytes, Stack size 0 bytes, memcpya.o(.text))
<BR><BR>[Called By]<UL><LI><a href="#[92]">&gt;&gt;</a>&nbsp;&nbsp;&nbsp;EMAC_SendPkt
<LI><a href="#[8f]">&gt;&gt;</a>&nbsp;&nbsp;&nbsp;EMAC_RecvPkt
<LI><a href="#[151]">&gt;&gt;</a>&nbsp;&nbsp;&nbsp;uip_write
<LI><a href="#[14f]">&gt;&gt;</a>&nbsp;&nbsp;&nbsp;uip_read
</UL>

<P><STRONG><a name="[9c]"></a>__aeabi_memcpy4</STRONG> (Thumb, 0 bytes, Stack size 0 bytes, memcpya.o(.text))
<BR><BR>[Called By]<UL><LI><a href="#[9b]">&gt;&gt;</a>&nbsp;&nbsp;&nbsp;TIMER_GetModuleClock
</UL>

<P><STRONG><a name="[15a]"></a>__aeabi_memcpy8</STRONG> (Thumb, 0 bytes, Stack size 0 bytes, memcpya.o(.text), UNUSED)

<P><STRONG><a name="[76]"></a>__aeabi_memset</STRONG> (Thumb, 14 bytes, Stack size 0 bytes, memseta.o(.text))
<BR><BR>[Called By]<UL><LI><a href="#[149]">&gt;&gt;</a>&nbsp;&nbsp;&nbsp;uip_arp_out
<LI><a href="#[77]">&gt;&gt;</a>&nbsp;&nbsp;&nbsp;_memset$wrapper
<LI><a href="#[75]">&gt;&gt;</a>&nbsp;&nbsp;&nbsp;__aeabi_memclr
</UL>

<P><STRONG><a name="[15b]"></a>__aeabi_memset4</STRONG> (Thumb, 0 bytes, Stack size 0 bytes, memseta.o(.text), UNUSED)

<P><STRONG><a name="[15c]"></a>__aeabi_memset8</STRONG> (Thumb, 0 bytes, Stack size 0 bytes, memseta.o(.text), UNUSED)

<P><STRONG><a name="[75]"></a>__aeabi_memclr</STRONG> (Thumb, 4 bytes, Stack size 0 bytes, memseta.o(.text), UNUSED)
<BR><BR>[Calls]<UL><LI><a href="#[76]">&gt;&gt;</a>&nbsp;&nbsp;&nbsp;__aeabi_memset
</UL>

<P><STRONG><a name="[c2]"></a>__aeabi_memclr4</STRONG> (Thumb, 0 bytes, Stack size 0 bytes, memseta.o(.text))
<BR><BR>[Called By]<UL><LI><a href="#[ec]">&gt;&gt;</a>&nbsp;&nbsp;&nbsp;httpd_appcall
<LI><a href="#[c1]">&gt;&gt;</a>&nbsp;&nbsp;&nbsp;bVerifyPassword
</UL>

<P><STRONG><a name="[15d]"></a>__aeabi_memclr8</STRONG> (Thumb, 0 bytes, Stack size 0 bytes, memseta.o(.text), UNUSED)

<P><STRONG><a name="[77]"></a>_memset$wrapper</STRONG> (Thumb, 18 bytes, Stack size 8 bytes, memseta.o(.text), UNUSED)
<BR><BR>[Calls]<UL><LI><a href="#[76]">&gt;&gt;</a>&nbsp;&nbsp;&nbsp;__aeabi_memset
</UL>

<P><STRONG><a name="[c4]"></a>strlen</STRONG> (Thumb, 14 bytes, Stack size 0 bytes, strlen.o(.text))
<BR><BR>[Called By]<UL><LI><a href="#[ec]">&gt;&gt;</a>&nbsp;&nbsp;&nbsp;httpd_appcall
<LI><a href="#[c1]">&gt;&gt;</a>&nbsp;&nbsp;&nbsp;bVerifyPassword
</UL>

<P><STRONG><a name="[c5]"></a>strncmp</STRONG> (Thumb, 30 bytes, Stack size 12 bytes, strncmp.o(.text))
<BR><BR>[Stack]<UL><LI>Max Depth = 12<LI>Call Chain = strncmp
</UL>
<BR>[Called By]<UL><LI><a href="#[11d]">&gt;&gt;</a>&nbsp;&nbsp;&nbsp;update_parameter_setting_page_seg_vib
<LI><a href="#[11f]">&gt;&gt;</a>&nbsp;&nbsp;&nbsp;update_parameter_setting_page_pre_vib
<LI><a href="#[11e]">&gt;&gt;</a>&nbsp;&nbsp;&nbsp;update_parameter_setting_page_post_vib
<LI><a href="#[11c]">&gt;&gt;</a>&nbsp;&nbsp;&nbsp;update_parameter_setting_page_2
<LI><a href="#[11b]">&gt;&gt;</a>&nbsp;&nbsp;&nbsp;update_parameter_setting_page_1
<LI><a href="#[ec]">&gt;&gt;</a>&nbsp;&nbsp;&nbsp;httpd_appcall
<LI><a href="#[c1]">&gt;&gt;</a>&nbsp;&nbsp;&nbsp;bVerifyPassword
</UL>

<P><STRONG><a name="[78]"></a>atoi</STRONG> (Thumb, 26 bytes, Stack size 16 bytes, atoi.o(.text))
<BR><BR>[Stack]<UL><LI>Max Depth = 88<LI>Call Chain = atoi &rArr; strtol &rArr; _strtoul
</UL>
<BR>[Calls]<UL><LI><a href="#[7a]">&gt;&gt;</a>&nbsp;&nbsp;&nbsp;strtol
<LI><a href="#[79]">&gt;&gt;</a>&nbsp;&nbsp;&nbsp;__aeabi_errno_addr
</UL>
<BR>[Called By]<UL><LI><a href="#[11d]">&gt;&gt;</a>&nbsp;&nbsp;&nbsp;update_parameter_setting_page_seg_vib
<LI><a href="#[11f]">&gt;&gt;</a>&nbsp;&nbsp;&nbsp;update_parameter_setting_page_pre_vib
<LI><a href="#[11e]">&gt;&gt;</a>&nbsp;&nbsp;&nbsp;update_parameter_setting_page_post_vib
<LI><a href="#[11c]">&gt;&gt;</a>&nbsp;&nbsp;&nbsp;update_parameter_setting_page_2
<LI><a href="#[11b]">&gt;&gt;</a>&nbsp;&nbsp;&nbsp;update_parameter_setting_page_1
</UL>

<P><STRONG><a name="[74]"></a>__aeabi_llsl</STRONG> (Thumb, 30 bytes, Stack size 0 bytes, llshl.o(.text), UNUSED)
<BR><BR>[Called By]<UL><LI><a href="#[72]">&gt;&gt;</a>&nbsp;&nbsp;&nbsp;__aeabi_uldivmod
</UL>

<P><STRONG><a name="[15e]"></a>_ll_shift_l</STRONG> (Thumb, 0 bytes, Stack size 0 bytes, llshl.o(.text), UNUSED)

<P><STRONG><a name="[73]"></a>__aeabi_llsr</STRONG> (Thumb, 32 bytes, Stack size 0 bytes, llushr.o(.text), UNUSED)
<BR><BR>[Called By]<UL><LI><a href="#[72]">&gt;&gt;</a>&nbsp;&nbsp;&nbsp;__aeabi_uldivmod
</UL>

<P><STRONG><a name="[15f]"></a>_ll_ushift_r</STRONG> (Thumb, 0 bytes, Stack size 0 bytes, llushr.o(.text), UNUSED)

<P><STRONG><a name="[7a]"></a>strtol</STRONG> (Thumb, 112 bytes, Stack size 32 bytes, strtol.o(.text))
<BR><BR>[Stack]<UL><LI>Max Depth = 72<LI>Call Chain = strtol &rArr; _strtoul
</UL>
<BR>[Calls]<UL><LI><a href="#[7c]">&gt;&gt;</a>&nbsp;&nbsp;&nbsp;_strtoul
<LI><a href="#[7b]">&gt;&gt;</a>&nbsp;&nbsp;&nbsp;__rt_ctype_table
<LI><a href="#[79]">&gt;&gt;</a>&nbsp;&nbsp;&nbsp;__aeabi_errno_addr
</UL>
<BR>[Called By]<UL><LI><a href="#[78]">&gt;&gt;</a>&nbsp;&nbsp;&nbsp;atoi
</UL>

<P><STRONG><a name="[71]"></a>__scatterload</STRONG> (Thumb, 28 bytes, Stack size 0 bytes, init.o(.text))
<BR><BR>[Calls]<UL><LI><a href="#[7d]">&gt;&gt;</a>&nbsp;&nbsp;&nbsp;__main_after_scatterload
</UL>
<BR>[Called By]<UL><LI><a href="#[70]">&gt;&gt;</a>&nbsp;&nbsp;&nbsp;_main_scatterload
</UL>

<P><STRONG><a name="[160]"></a>__scatterload_rt2</STRONG> (Thumb, 0 bytes, Stack size 0 bytes, init.o(.text), UNUSED)

<P><STRONG><a name="[7b]"></a>__rt_ctype_table</STRONG> (Thumb, 4 bytes, Stack size 0 bytes, ctype_o.o(.text))
<BR><BR>[Called By]<UL><LI><a href="#[7a]">&gt;&gt;</a>&nbsp;&nbsp;&nbsp;strtol
</UL>

<P><STRONG><a name="[7c]"></a>_strtoul</STRONG> (Thumb, 158 bytes, Stack size 40 bytes, _strtoul.o(.text))
<BR><BR>[Stack]<UL><LI>Max Depth = 40<LI>Call Chain = _strtoul
</UL>
<BR>[Calls]<UL><LI><a href="#[7e]">&gt;&gt;</a>&nbsp;&nbsp;&nbsp;_chval
<LI><a href="#[79]">&gt;&gt;</a>&nbsp;&nbsp;&nbsp;__aeabi_errno_addr
</UL>
<BR>[Called By]<UL><LI><a href="#[7a]">&gt;&gt;</a>&nbsp;&nbsp;&nbsp;strtol
</UL>

<P><STRONG><a name="[7e]"></a>_chval</STRONG> (Thumb, 28 bytes, Stack size 0 bytes, _chval.o(.text))
<BR><BR>[Called By]<UL><LI><a href="#[7c]">&gt;&gt;</a>&nbsp;&nbsp;&nbsp;_strtoul
</UL>

<P><STRONG><a name="[161]"></a>__decompress</STRONG> (Thumb, 0 bytes, Stack size unknown bytes, __dczerorl2.o(.text), UNUSED)

<P><STRONG><a name="[162]"></a>__decompress1</STRONG> (Thumb, 86 bytes, Stack size unknown bytes, __dczerorl2.o(.text), UNUSED)

<P><STRONG><a name="[80]"></a>CLK_DisablePLL</STRONG> (Thumb, 18 bytes, Stack size 0 bytes, clk.o(i.CLK_DisablePLL))
<BR><BR>[Called By]<UL><LI><a href="#[7f]">&gt;&gt;</a>&nbsp;&nbsp;&nbsp;CLK_EnablePLL
</UL>

<P><STRONG><a name="[98]"></a>CLK_EnableModuleClock</STRONG> (Thumb, 24 bytes, Stack size 0 bytes, clk.o(i.CLK_EnableModuleClock))
<BR><BR>[Called By]<UL><LI><a href="#[121]">&gt;&gt;</a>&nbsp;&nbsp;&nbsp;webserver_init
<LI><a href="#[97]">&gt;&gt;</a>&nbsp;&nbsp;&nbsp;SYS_Init
</UL>

<P><STRONG><a name="[7f]"></a>CLK_EnablePLL</STRONG> (Thumb, 308 bytes, Stack size 40 bytes, clk.o(i.CLK_EnablePLL))
<BR><BR>[Stack]<UL><LI>Max Depth = 56<LI>Call Chain = CLK_EnablePLL &rArr; CLK_WaitClockReady
</UL>
<BR>[Calls]<UL><LI><a href="#[82]">&gt;&gt;</a>&nbsp;&nbsp;&nbsp;CLK_GetPLLClockFreq
<LI><a href="#[80]">&gt;&gt;</a>&nbsp;&nbsp;&nbsp;CLK_DisablePLL
<LI><a href="#[81]">&gt;&gt;</a>&nbsp;&nbsp;&nbsp;CLK_WaitClockReady
</UL>
<BR>[Called By]<UL><LI><a href="#[86]">&gt;&gt;</a>&nbsp;&nbsp;&nbsp;CLK_SetCoreClock
</UL>

<P><STRONG><a name="[83]"></a>CLK_GetPCLK0Freq</STRONG> (Thumb, 96 bytes, Stack size 8 bytes, clk.o(i.CLK_GetPCLK0Freq))
<BR><BR>[Stack]<UL><LI>Max Depth = 24<LI>Call Chain = CLK_GetPCLK0Freq &rArr; SystemCoreClockUpdate &rArr; CLK_GetPLLClockFreq
</UL>
<BR>[Calls]<UL><LI><a href="#[84]">&gt;&gt;</a>&nbsp;&nbsp;&nbsp;SystemCoreClockUpdate
</UL>
<BR>[Called By]<UL><LI><a href="#[9b]">&gt;&gt;</a>&nbsp;&nbsp;&nbsp;TIMER_GetModuleClock
</UL>

<P><STRONG><a name="[85]"></a>CLK_GetPCLK1Freq</STRONG> (Thumb, 98 bytes, Stack size 8 bytes, clk.o(i.CLK_GetPCLK1Freq))
<BR><BR>[Stack]<UL><LI>Max Depth = 24<LI>Call Chain = CLK_GetPCLK1Freq &rArr; SystemCoreClockUpdate &rArr; CLK_GetPLLClockFreq
</UL>
<BR>[Calls]<UL><LI><a href="#[84]">&gt;&gt;</a>&nbsp;&nbsp;&nbsp;SystemCoreClockUpdate
</UL>
<BR>[Called By]<UL><LI><a href="#[9b]">&gt;&gt;</a>&nbsp;&nbsp;&nbsp;TIMER_GetModuleClock
</UL>

<P><STRONG><a name="[82]"></a>CLK_GetPLLClockFreq</STRONG> (Thumb, 66 bytes, Stack size 8 bytes, clk.o(i.CLK_GetPLLClockFreq))
<BR><BR>[Stack]<UL><LI>Max Depth = 8<LI>Call Chain = CLK_GetPLLClockFreq
</UL>
<BR>[Called By]<UL><LI><a href="#[84]">&gt;&gt;</a>&nbsp;&nbsp;&nbsp;SystemCoreClockUpdate
<LI><a href="#[7f]">&gt;&gt;</a>&nbsp;&nbsp;&nbsp;CLK_EnablePLL
<LI><a href="#[b2]">&gt;&gt;</a>&nbsp;&nbsp;&nbsp;UART_Open
</UL>

<P><STRONG><a name="[86]"></a>CLK_SetCoreClock</STRONG> (Thumb, 128 bytes, Stack size 16 bytes, clk.o(i.CLK_SetCoreClock))
<BR><BR>[Stack]<UL><LI>Max Depth = 72<LI>Call Chain = CLK_SetCoreClock &rArr; CLK_EnablePLL &rArr; CLK_WaitClockReady
</UL>
<BR>[Calls]<UL><LI><a href="#[87]">&gt;&gt;</a>&nbsp;&nbsp;&nbsp;CLK_SetHCLK
<LI><a href="#[7f]">&gt;&gt;</a>&nbsp;&nbsp;&nbsp;CLK_EnablePLL
<LI><a href="#[81]">&gt;&gt;</a>&nbsp;&nbsp;&nbsp;CLK_WaitClockReady
</UL>
<BR>[Called By]<UL><LI><a href="#[97]">&gt;&gt;</a>&nbsp;&nbsp;&nbsp;SYS_Init
</UL>

<P><STRONG><a name="[87]"></a>CLK_SetHCLK</STRONG> (Thumb, 98 bytes, Stack size 24 bytes, clk.o(i.CLK_SetHCLK))
<BR><BR>[Stack]<UL><LI>Max Depth = 40<LI>Call Chain = CLK_SetHCLK &rArr; SystemCoreClockUpdate &rArr; CLK_GetPLLClockFreq
</UL>
<BR>[Calls]<UL><LI><a href="#[84]">&gt;&gt;</a>&nbsp;&nbsp;&nbsp;SystemCoreClockUpdate
<LI><a href="#[81]">&gt;&gt;</a>&nbsp;&nbsp;&nbsp;CLK_WaitClockReady
</UL>
<BR>[Called By]<UL><LI><a href="#[86]">&gt;&gt;</a>&nbsp;&nbsp;&nbsp;CLK_SetCoreClock
</UL>

<P><STRONG><a name="[99]"></a>CLK_SetModuleClock</STRONG> (Thumb, 140 bytes, Stack size 20 bytes, clk.o(i.CLK_SetModuleClock))
<BR><BR>[Stack]<UL><LI>Max Depth = 20<LI>Call Chain = CLK_SetModuleClock
</UL>
<BR>[Called By]<UL><LI><a href="#[121]">&gt;&gt;</a>&nbsp;&nbsp;&nbsp;webserver_init
<LI><a href="#[97]">&gt;&gt;</a>&nbsp;&nbsp;&nbsp;SYS_Init
</UL>

<P><STRONG><a name="[81]"></a>CLK_WaitClockReady</STRONG> (Thumb, 52 bytes, Stack size 16 bytes, clk.o(i.CLK_WaitClockReady))
<BR><BR>[Stack]<UL><LI>Max Depth = 16<LI>Call Chain = CLK_WaitClockReady
</UL>
<BR>[Called By]<UL><LI><a href="#[97]">&gt;&gt;</a>&nbsp;&nbsp;&nbsp;SYS_Init
<LI><a href="#[87]">&gt;&gt;</a>&nbsp;&nbsp;&nbsp;CLK_SetHCLK
<LI><a href="#[7f]">&gt;&gt;</a>&nbsp;&nbsp;&nbsp;CLK_EnablePLL
<LI><a href="#[86]">&gt;&gt;</a>&nbsp;&nbsp;&nbsp;CLK_SetCoreClock
</UL>

<P><STRONG><a name="[93]"></a>EMAC_EnableCamEntry</STRONG> (Thumb, 46 bytes, Stack size 0 bytes, emac.o(i.EMAC_EnableCamEntry))
<BR><BR>[Called By]<UL><LI><a href="#[8b]">&gt;&gt;</a>&nbsp;&nbsp;&nbsp;EMAC_SetMacAddr
</UL>

<P><STRONG><a name="[88]"></a>EMAC_Open</STRONG> (Thumb, 46 bytes, Stack size 8 bytes, emac.o(i.EMAC_Open))
<BR><BR>[Stack]<UL><LI>Max Depth = 24<LI>Call Chain = EMAC_Open &rArr; EMAC_TxDescInit
</UL>
<BR>[Calls]<UL><LI><a href="#[8b]">&gt;&gt;</a>&nbsp;&nbsp;&nbsp;EMAC_SetMacAddr
<LI><a href="#[89]">&gt;&gt;</a>&nbsp;&nbsp;&nbsp;EMAC_TxDescInit
<LI><a href="#[8a]">&gt;&gt;</a>&nbsp;&nbsp;&nbsp;EMAC_RxDescInit
</UL>
<BR>[Called By]<UL><LI><a href="#[121]">&gt;&gt;</a>&nbsp;&nbsp;&nbsp;webserver_init
</UL>

<P><STRONG><a name="[8c]"></a>EMAC_PhyInit</STRONG> (Thumb, 242 bytes, Stack size 16 bytes, emac.o(i.EMAC_PhyInit))
<BR><BR>[Stack]<UL><LI>Max Depth = 24<LI>Call Chain = EMAC_PhyInit &rArr; EMAC_MdioWrite
</UL>
<BR>[Calls]<UL><LI><a href="#[8d]">&gt;&gt;</a>&nbsp;&nbsp;&nbsp;EMAC_MdioWrite
<LI><a href="#[8e]">&gt;&gt;</a>&nbsp;&nbsp;&nbsp;EMAC_MdioRead
</UL>
<BR>[Called By]<UL><LI><a href="#[121]">&gt;&gt;</a>&nbsp;&nbsp;&nbsp;webserver_init
</UL>

<P><STRONG><a name="[49]"></a>EMAC_RX_IRQHandler</STRONG> (Thumb, 22 bytes, Stack size 8 bytes, webserver.o(i.EMAC_RX_IRQHandler))
<BR><BR>[Stack]<UL><LI>Max Depth = 24<LI>Call Chain = EMAC_RX_IRQHandler &rArr; EMAC_RecvPkt
</UL>
<BR>[Calls]<UL><LI><a href="#[90]">&gt;&gt;</a>&nbsp;&nbsp;&nbsp;EMAC_RecvPktDone
<LI><a href="#[8f]">&gt;&gt;</a>&nbsp;&nbsp;&nbsp;EMAC_RecvPkt
</UL>
<BR>[Address Reference Count : 1]<UL><LI> startup_m480.o(RESET)
</UL>
<P><STRONG><a name="[8f]"></a>EMAC_RecvPkt</STRONG> (Thumb, 56 bytes, Stack size 16 bytes, emac.o(i.EMAC_RecvPkt))
<BR><BR>[Stack]<UL><LI>Max Depth = 16<LI>Call Chain = EMAC_RecvPkt
</UL>
<BR>[Calls]<UL><LI><a href="#[91]">&gt;&gt;</a>&nbsp;&nbsp;&nbsp;__aeabi_memcpy
</UL>
<BR>[Called By]<UL><LI><a href="#[49]">&gt;&gt;</a>&nbsp;&nbsp;&nbsp;EMAC_RX_IRQHandler
</UL>

<P><STRONG><a name="[90]"></a>EMAC_RecvPktDone</STRONG> (Thumb, 34 bytes, Stack size 0 bytes, emac.o(i.EMAC_RecvPktDone))
<BR><BR>[Called By]<UL><LI><a href="#[49]">&gt;&gt;</a>&nbsp;&nbsp;&nbsp;EMAC_RX_IRQHandler
</UL>

<P><STRONG><a name="[92]"></a>EMAC_SendPkt</STRONG> (Thumb, 54 bytes, Stack size 16 bytes, emac.o(i.EMAC_SendPkt))
<BR><BR>[Stack]<UL><LI>Max Depth = 16<LI>Call Chain = EMAC_SendPkt
</UL>
<BR>[Calls]<UL><LI><a href="#[91]">&gt;&gt;</a>&nbsp;&nbsp;&nbsp;__aeabi_memcpy
</UL>
<BR>[Called By]<UL><LI><a href="#[151]">&gt;&gt;</a>&nbsp;&nbsp;&nbsp;uip_write
</UL>

<P><STRONG><a name="[94]"></a>EMAC_SendPktDone</STRONG> (Thumb, 68 bytes, Stack size 8 bytes, emac.o(i.EMAC_SendPktDone))
<BR><BR>[Stack]<UL><LI>Max Depth = 8<LI>Call Chain = EMAC_SendPktDone
</UL>
<BR>[Called By]<UL><LI><a href="#[48]">&gt;&gt;</a>&nbsp;&nbsp;&nbsp;EMAC_TX_IRQHandler
</UL>

<P><STRONG><a name="[8b]"></a>EMAC_SetMacAddr</STRONG> (Thumb, 8 bytes, Stack size 0 bytes, emac.o(i.EMAC_SetMacAddr))
<BR><BR>[Calls]<UL><LI><a href="#[93]">&gt;&gt;</a>&nbsp;&nbsp;&nbsp;EMAC_EnableCamEntry
</UL>
<BR>[Called By]<UL><LI><a href="#[88]">&gt;&gt;</a>&nbsp;&nbsp;&nbsp;EMAC_Open
</UL>

<P><STRONG><a name="[48]"></a>EMAC_TX_IRQHandler</STRONG> (Thumb, 4 bytes, Stack size 0 bytes, webserver.o(i.EMAC_TX_IRQHandler))
<BR><BR>[Stack]<UL><LI>Max Depth = 8<LI>Call Chain = EMAC_TX_IRQHandler &rArr; EMAC_SendPktDone
</UL>
<BR>[Calls]<UL><LI><a href="#[94]">&gt;&gt;</a>&nbsp;&nbsp;&nbsp;EMAC_SendPktDone
</UL>
<BR>[Address Reference Count : 1]<UL><LI> startup_m480.o(RESET)
</UL>
<P><STRONG><a name="[120]"></a>GPIO_SetMode</STRONG> (Thumb, 44 bytes, Stack size 20 bytes, gpio.o(i.GPIO_SetMode))
<BR><BR>[Stack]<UL><LI>Max Depth = 20<LI>Call Chain = GPIO_SetMode
</UL>
<BR>[Called By]<UL><LI><a href="#[69]">&gt;&gt;</a>&nbsp;&nbsp;&nbsp;main
</UL>

<P><STRONG><a name="[6a]"></a>Hard_Fault_Handler</STRONG> (Thumb, 16 bytes, Stack size 0 bytes, retarget.o(i.Hard_Fault_Handler))
<BR><BR>[Stack]<UL><LI>Max Depth = 32<LI>Call Chain = Hard_Fault_Handler &rArr; stackDump &rArr; __2printf
</UL>
<BR>[Calls]<UL><LI><a href="#[96]">&gt;&gt;</a>&nbsp;&nbsp;&nbsp;stackDump
<LI><a href="#[95]">&gt;&gt;</a>&nbsp;&nbsp;&nbsp;__2printf
</UL>
<BR>[Address Reference Count : 1]<UL><LI> retarget.o(.emb_text)
</UL>
<P><STRONG><a name="[97]"></a>SYS_Init</STRONG> (Thumb, 208 bytes, Stack size 8 bytes, dependencies.o(i.SYS_Init))
<BR><BR>[Stack]<UL><LI>Max Depth = 80<LI>Call Chain = SYS_Init &rArr; CLK_SetCoreClock &rArr; CLK_EnablePLL &rArr; CLK_WaitClockReady
</UL>
<BR>[Calls]<UL><LI><a href="#[84]">&gt;&gt;</a>&nbsp;&nbsp;&nbsp;SystemCoreClockUpdate
<LI><a href="#[99]">&gt;&gt;</a>&nbsp;&nbsp;&nbsp;CLK_SetModuleClock
<LI><a href="#[98]">&gt;&gt;</a>&nbsp;&nbsp;&nbsp;CLK_EnableModuleClock
<LI><a href="#[81]">&gt;&gt;</a>&nbsp;&nbsp;&nbsp;CLK_WaitClockReady
<LI><a href="#[86]">&gt;&gt;</a>&nbsp;&nbsp;&nbsp;CLK_SetCoreClock
</UL>
<BR>[Called By]<UL><LI><a href="#[69]">&gt;&gt;</a>&nbsp;&nbsp;&nbsp;main
</UL>

<P><STRONG><a name="[84]"></a>SystemCoreClockUpdate</STRONG> (Thumb, 64 bytes, Stack size 8 bytes, system_m480.o(i.SystemCoreClockUpdate))
<BR><BR>[Stack]<UL><LI>Max Depth = 16<LI>Call Chain = SystemCoreClockUpdate &rArr; CLK_GetPLLClockFreq
</UL>
<BR>[Calls]<UL><LI><a href="#[82]">&gt;&gt;</a>&nbsp;&nbsp;&nbsp;CLK_GetPLLClockFreq
</UL>
<BR>[Called By]<UL><LI><a href="#[97]">&gt;&gt;</a>&nbsp;&nbsp;&nbsp;SYS_Init
<LI><a href="#[87]">&gt;&gt;</a>&nbsp;&nbsp;&nbsp;CLK_SetHCLK
<LI><a href="#[85]">&gt;&gt;</a>&nbsp;&nbsp;&nbsp;CLK_GetPCLK1Freq
<LI><a href="#[83]">&gt;&gt;</a>&nbsp;&nbsp;&nbsp;CLK_GetPCLK0Freq
</UL>

<P><STRONG><a name="[6b]"></a>SystemInit</STRONG> (Thumb, 108 bytes, Stack size 0 bytes, system_m480.o(i.SystemInit))
<BR>[Address Reference Count : 1]<UL><LI> startup_m480.o(.text)
</UL>
<P><STRONG><a name="[9a]"></a>TIMER_Delay</STRONG> (Thumb, 170 bytes, Stack size 24 bytes, timer.o(i.TIMER_Delay))
<BR><BR>[Stack]<UL><LI>Max Depth = 88<LI>Call Chain = TIMER_Delay &rArr; TIMER_GetModuleClock &rArr; CLK_GetPCLK1Freq &rArr; SystemCoreClockUpdate &rArr; CLK_GetPLLClockFreq
</UL>
<BR>[Calls]<UL><LI><a href="#[9b]">&gt;&gt;</a>&nbsp;&nbsp;&nbsp;TIMER_GetModuleClock
</UL>
<BR>[Called By]<UL><LI><a href="#[2a]">&gt;&gt;</a>&nbsp;&nbsp;&nbsp;TMR0_IRQHandler
<LI><a href="#[b8]">&gt;&gt;</a>&nbsp;&nbsp;&nbsp;UART1_TEST_HANDLE
<LI><a href="#[b0]">&gt;&gt;</a>&nbsp;&nbsp;&nbsp;UART0_TEST_HANDLE
</UL>

<P><STRONG><a name="[9b]"></a>TIMER_GetModuleClock</STRONG> (Thumb, 102 bytes, Stack size 40 bytes, timer.o(i.TIMER_GetModuleClock))
<BR><BR>[Stack]<UL><LI>Max Depth = 64<LI>Call Chain = TIMER_GetModuleClock &rArr; CLK_GetPCLK1Freq &rArr; SystemCoreClockUpdate &rArr; CLK_GetPLLClockFreq
</UL>
<BR>[Calls]<UL><LI><a href="#[9c]">&gt;&gt;</a>&nbsp;&nbsp;&nbsp;__aeabi_memcpy4
<LI><a href="#[85]">&gt;&gt;</a>&nbsp;&nbsp;&nbsp;CLK_GetPCLK1Freq
<LI><a href="#[83]">&gt;&gt;</a>&nbsp;&nbsp;&nbsp;CLK_GetPCLK0Freq
</UL>
<BR>[Called By]<UL><LI><a href="#[9d]">&gt;&gt;</a>&nbsp;&nbsp;&nbsp;TIMER_Open
<LI><a href="#[9a]">&gt;&gt;</a>&nbsp;&nbsp;&nbsp;TIMER_Delay
</UL>

<P><STRONG><a name="[9d]"></a>TIMER_Open</STRONG> (Thumb, 54 bytes, Stack size 16 bytes, timer.o(i.TIMER_Open))
<BR><BR>[Stack]<UL><LI>Max Depth = 80<LI>Call Chain = TIMER_Open &rArr; TIMER_GetModuleClock &rArr; CLK_GetPCLK1Freq &rArr; SystemCoreClockUpdate &rArr; CLK_GetPLLClockFreq
</UL>
<BR>[Calls]<UL><LI><a href="#[9b]">&gt;&gt;</a>&nbsp;&nbsp;&nbsp;TIMER_GetModuleClock
</UL>
<BR>[Called By]<UL><LI><a href="#[69]">&gt;&gt;</a>&nbsp;&nbsp;&nbsp;main
</UL>

<P><STRONG><a name="[2a]"></a>TMR0_IRQHandler</STRONG> (Thumb, 276 bytes, Stack size 24 bytes, main.o(i.TMR0_IRQHandler))
<BR><BR>[Stack]<UL><LI>Max Depth = 112<LI>Call Chain = TMR0_IRQHandler &rArr; TIMER_Delay &rArr; TIMER_GetModuleClock &rArr; CLK_GetPCLK1Freq &rArr; SystemCoreClockUpdate &rArr; CLK_GetPLLClockFreq
</UL>
<BR>[Calls]<UL><LI><a href="#[af]">&gt;&gt;</a>&nbsp;&nbsp;&nbsp;write_button_test
<LI><a href="#[a3]">&gt;&gt;</a>&nbsp;&nbsp;&nbsp;read_timeout_occured
<LI><a href="#[9f]">&gt;&gt;</a>&nbsp;&nbsp;&nbsp;read_overload_display
<LI><a href="#[a0]">&gt;&gt;</a>&nbsp;&nbsp;&nbsp;read_entered_main_page
<LI><a href="#[ae]">&gt;&gt;</a>&nbsp;&nbsp;&nbsp;read_button_test_display
<LI><a href="#[9e]">&gt;&gt;</a>&nbsp;&nbsp;&nbsp;read_broken_transducer
<LI><a href="#[ab]">&gt;&gt;</a>&nbsp;&nbsp;&nbsp;print_page_weld_record
<LI><a href="#[a4]">&gt;&gt;</a>&nbsp;&nbsp;&nbsp;print_page_timeout
<LI><a href="#[a7]">&gt;&gt;</a>&nbsp;&nbsp;&nbsp;print_page_setting_2
<LI><a href="#[a6]">&gt;&gt;</a>&nbsp;&nbsp;&nbsp;print_page_setting_1
<LI><a href="#[a2]">&gt;&gt;</a>&nbsp;&nbsp;&nbsp;print_page_overload
<LI><a href="#[a5]">&gt;&gt;</a>&nbsp;&nbsp;&nbsp;print_page_lock_freq
<LI><a href="#[ad]">&gt;&gt;</a>&nbsp;&nbsp;&nbsp;print_page_head_test
<LI><a href="#[ac]">&gt;&gt;</a>&nbsp;&nbsp;&nbsp;print_page_head_down
<LI><a href="#[aa]">&gt;&gt;</a>&nbsp;&nbsp;&nbsp;print_page_head_diagnosis
<LI><a href="#[a9]">&gt;&gt;</a>&nbsp;&nbsp;&nbsp;print_page_early_after_trigger
<LI><a href="#[a1]">&gt;&gt;</a>&nbsp;&nbsp;&nbsp;print_page_broken_transducer
<LI><a href="#[a8]">&gt;&gt;</a>&nbsp;&nbsp;&nbsp;print_page_SectionVib
<LI><a href="#[9a]">&gt;&gt;</a>&nbsp;&nbsp;&nbsp;TIMER_Delay
</UL>
<BR>[Address Reference Count : 1]<UL><LI> startup_m480.o(RESET)
</UL>
<P><STRONG><a name="[2e]"></a>UART0_IRQHandler</STRONG> (Thumb, 4 bytes, Stack size 0 bytes, dependencies.o(i.UART0_IRQHandler))
<BR><BR>[Stack]<UL><LI>Max Depth = 112<LI>Call Chain = UART0_IRQHandler &rArr; UART0_TEST_HANDLE &rArr; TIMER_Delay &rArr; TIMER_GetModuleClock &rArr; CLK_GetPCLK1Freq &rArr; SystemCoreClockUpdate &rArr; CLK_GetPLLClockFreq
</UL>
<BR>[Calls]<UL><LI><a href="#[b0]">&gt;&gt;</a>&nbsp;&nbsp;&nbsp;UART0_TEST_HANDLE
</UL>
<BR>[Address Reference Count : 1]<UL><LI> startup_m480.o(RESET)
</UL>
<P><STRONG><a name="[b1]"></a>UART0_Init</STRONG> (Thumb, 10 bytes, Stack size 0 bytes, dependencies.o(i.UART0_Init))
<BR><BR>[Stack]<UL><LI>Max Depth = 48<LI>Call Chain = UART0_Init &rArr; UART_Open &rArr; CLK_GetPLLClockFreq
</UL>
<BR>[Calls]<UL><LI><a href="#[b2]">&gt;&gt;</a>&nbsp;&nbsp;&nbsp;UART_Open
</UL>
<BR>[Called By]<UL><LI><a href="#[69]">&gt;&gt;</a>&nbsp;&nbsp;&nbsp;main
</UL>

<P><STRONG><a name="[b0]"></a>UART0_TEST_HANDLE</STRONG> (Thumb, 84 bytes, Stack size 24 bytes, dependencies.o(i.UART0_TEST_HANDLE))
<BR><BR>[Stack]<UL><LI>Max Depth = 112<LI>Call Chain = UART0_TEST_HANDLE &rArr; TIMER_Delay &rArr; TIMER_GetModuleClock &rArr; CLK_GetPCLK1Freq &rArr; SystemCoreClockUpdate &rArr; CLK_GetPLLClockFreq
</UL>
<BR>[Calls]<UL><LI><a href="#[9a]">&gt;&gt;</a>&nbsp;&nbsp;&nbsp;TIMER_Delay
<LI><a href="#[b4]">&gt;&gt;</a>&nbsp;&nbsp;&nbsp;mcu_to_fpga
<LI><a href="#[b3]">&gt;&gt;</a>&nbsp;&nbsp;&nbsp;fpga_to_mcu
</UL>
<BR>[Called By]<UL><LI><a href="#[2e]">&gt;&gt;</a>&nbsp;&nbsp;&nbsp;UART0_IRQHandler
</UL>

<P><STRONG><a name="[b5]"></a>UART0_interrrupt</STRONG> (Thumb, 56 bytes, Stack size 8 bytes, dependencies.o(i.UART0_interrrupt))
<BR><BR>[Stack]<UL><LI>Max Depth = 8<LI>Call Chain = UART0_interrrupt
</UL>
<BR>[Calls]<UL><LI><a href="#[b7]">&gt;&gt;</a>&nbsp;&nbsp;&nbsp;NVIC_EnableIRQ
<LI><a href="#[b6]">&gt;&gt;</a>&nbsp;&nbsp;&nbsp;UART_SetTimeoutCnt
</UL>
<BR>[Called By]<UL><LI><a href="#[69]">&gt;&gt;</a>&nbsp;&nbsp;&nbsp;main
</UL>

<P><STRONG><a name="[2f]"></a>UART1_IRQHandler</STRONG> (Thumb, 4 bytes, Stack size 0 bytes, dependencies.o(i.UART1_IRQHandler))
<BR><BR>[Stack]<UL><LI>Max Depth = 120<LI>Call Chain = UART1_IRQHandler &rArr; UART1_TEST_HANDLE &rArr; TIMER_Delay &rArr; TIMER_GetModuleClock &rArr; CLK_GetPCLK1Freq &rArr; SystemCoreClockUpdate &rArr; CLK_GetPLLClockFreq
</UL>
<BR>[Calls]<UL><LI><a href="#[b8]">&gt;&gt;</a>&nbsp;&nbsp;&nbsp;UART1_TEST_HANDLE
</UL>
<BR>[Address Reference Count : 1]<UL><LI> startup_m480.o(RESET)
</UL>
<P><STRONG><a name="[b9]"></a>UART1_Init</STRONG> (Thumb, 10 bytes, Stack size 0 bytes, dependencies.o(i.UART1_Init))
<BR><BR>[Stack]<UL><LI>Max Depth = 48<LI>Call Chain = UART1_Init &rArr; UART_Open &rArr; CLK_GetPLLClockFreq
</UL>
<BR>[Calls]<UL><LI><a href="#[b2]">&gt;&gt;</a>&nbsp;&nbsp;&nbsp;UART_Open
</UL>
<BR>[Called By]<UL><LI><a href="#[69]">&gt;&gt;</a>&nbsp;&nbsp;&nbsp;main
</UL>

<P><STRONG><a name="[b8]"></a>UART1_TEST_HANDLE</STRONG> (Thumb, 116 bytes, Stack size 32 bytes, dependencies.o(i.UART1_TEST_HANDLE))
<BR><BR>[Stack]<UL><LI>Max Depth = 120<LI>Call Chain = UART1_TEST_HANDLE &rArr; TIMER_Delay &rArr; TIMER_GetModuleClock &rArr; CLK_GetPCLK1Freq &rArr; SystemCoreClockUpdate &rArr; CLK_GetPLLClockFreq
</UL>
<BR>[Calls]<UL><LI><a href="#[9a]">&gt;&gt;</a>&nbsp;&nbsp;&nbsp;TIMER_Delay
<LI><a href="#[ba]">&gt;&gt;</a>&nbsp;&nbsp;&nbsp;display_to_mcu
</UL>
<BR>[Called By]<UL><LI><a href="#[2f]">&gt;&gt;</a>&nbsp;&nbsp;&nbsp;UART1_IRQHandler
</UL>

<P><STRONG><a name="[bb]"></a>UART1_interrrupt</STRONG> (Thumb, 56 bytes, Stack size 8 bytes, dependencies.o(i.UART1_interrrupt))
<BR><BR>[Stack]<UL><LI>Max Depth = 8<LI>Call Chain = UART1_interrrupt
</UL>
<BR>[Calls]<UL><LI><a href="#[b7]">&gt;&gt;</a>&nbsp;&nbsp;&nbsp;NVIC_EnableIRQ
<LI><a href="#[b6]">&gt;&gt;</a>&nbsp;&nbsp;&nbsp;UART_SetTimeoutCnt
</UL>
<BR>[Called By]<UL><LI><a href="#[69]">&gt;&gt;</a>&nbsp;&nbsp;&nbsp;main
</UL>

<P><STRONG><a name="[b2]"></a>UART_Open</STRONG> (Thumb, 314 bytes, Stack size 40 bytes, uart.o(i.UART_Open))
<BR><BR>[Stack]<UL><LI>Max Depth = 48<LI>Call Chain = UART_Open &rArr; CLK_GetPLLClockFreq
</UL>
<BR>[Calls]<UL><LI><a href="#[82]">&gt;&gt;</a>&nbsp;&nbsp;&nbsp;CLK_GetPLLClockFreq
</UL>
<BR>[Called By]<UL><LI><a href="#[b9]">&gt;&gt;</a>&nbsp;&nbsp;&nbsp;UART1_Init
<LI><a href="#[b1]">&gt;&gt;</a>&nbsp;&nbsp;&nbsp;UART0_Init
</UL>

<P><STRONG><a name="[b6]"></a>UART_SetTimeoutCnt</STRONG> (Thumb, 20 bytes, Stack size 0 bytes, uart.o(i.UART_SetTimeoutCnt))
<BR><BR>[Called By]<UL><LI><a href="#[bb]">&gt;&gt;</a>&nbsp;&nbsp;&nbsp;UART1_interrrupt
<LI><a href="#[b5]">&gt;&gt;</a>&nbsp;&nbsp;&nbsp;UART0_interrrupt
</UL>

<P><STRONG><a name="[123]"></a>UART_Write</STRONG> (Thumb, 46 bytes, Stack size 20 bytes, uart.o(i.UART_Write))
<BR><BR>[Stack]<UL><LI>Max Depth = 20<LI>Call Chain = UART_Write
</UL>
<BR>[Called By]<UL><LI><a href="#[ab]">&gt;&gt;</a>&nbsp;&nbsp;&nbsp;print_page_weld_record
<LI><a href="#[a4]">&gt;&gt;</a>&nbsp;&nbsp;&nbsp;print_page_timeout
<LI><a href="#[a7]">&gt;&gt;</a>&nbsp;&nbsp;&nbsp;print_page_setting_2
<LI><a href="#[a6]">&gt;&gt;</a>&nbsp;&nbsp;&nbsp;print_page_setting_1
<LI><a href="#[a2]">&gt;&gt;</a>&nbsp;&nbsp;&nbsp;print_page_overload
<LI><a href="#[a5]">&gt;&gt;</a>&nbsp;&nbsp;&nbsp;print_page_lock_freq
<LI><a href="#[ad]">&gt;&gt;</a>&nbsp;&nbsp;&nbsp;print_page_head_test
<LI><a href="#[ac]">&gt;&gt;</a>&nbsp;&nbsp;&nbsp;print_page_head_down
<LI><a href="#[aa]">&gt;&gt;</a>&nbsp;&nbsp;&nbsp;print_page_head_diagnosis
<LI><a href="#[a9]">&gt;&gt;</a>&nbsp;&nbsp;&nbsp;print_page_early_after_trigger
<LI><a href="#[a1]">&gt;&gt;</a>&nbsp;&nbsp;&nbsp;print_page_broken_transducer
<LI><a href="#[a8]">&gt;&gt;</a>&nbsp;&nbsp;&nbsp;print_page_SectionVib
</UL>

<P><STRONG><a name="[bc]"></a>__0printf$8</STRONG> (Thumb, 22 bytes, Stack size 24 bytes, printf8.o(i.__0printf$8), UNUSED)
<BR><BR>[Calls]<UL><LI><a href="#[bd]">&gt;&gt;</a>&nbsp;&nbsp;&nbsp;_printf_core
</UL>

<P><STRONG><a name="[163]"></a>__1printf$8</STRONG> (Thumb, 0 bytes, Stack size 24 bytes, printf8.o(i.__0printf$8), UNUSED)

<P><STRONG><a name="[95]"></a>__2printf</STRONG> (Thumb, 0 bytes, Stack size 24 bytes, printf8.o(i.__0printf$8))
<BR><BR>[Stack]<UL><LI>Max Depth = 24<LI>Call Chain = __2printf
</UL>
<BR>[Called By]<UL><LI><a href="#[6a]">&gt;&gt;</a>&nbsp;&nbsp;&nbsp;Hard_Fault_Handler
<LI><a href="#[96]">&gt;&gt;</a>&nbsp;&nbsp;&nbsp;stackDump
</UL>

<P><STRONG><a name="[be]"></a>__0sprintf$8</STRONG> (Thumb, 34 bytes, Stack size 24 bytes, printf8.o(i.__0sprintf$8), UNUSED)
<BR><BR>[Calls]<UL><LI><a href="#[6e]">&gt;&gt;</a>&nbsp;&nbsp;&nbsp;_sputc
<LI><a href="#[bd]">&gt;&gt;</a>&nbsp;&nbsp;&nbsp;_printf_core
</UL>

<P><STRONG><a name="[164]"></a>__1sprintf$8</STRONG> (Thumb, 0 bytes, Stack size 24 bytes, printf8.o(i.__0sprintf$8), UNUSED)

<P><STRONG><a name="[f8]"></a>__2sprintf</STRONG> (Thumb, 0 bytes, Stack size 24 bytes, printf8.o(i.__0sprintf$8))
<BR><BR>[Stack]<UL><LI>Max Depth = 24<LI>Call Chain = __2sprintf
</UL>
<BR>[Called By]<UL><LI><a href="#[ed]">&gt;&gt;</a>&nbsp;&nbsp;&nbsp;pack_css_data
<LI><a href="#[ec]">&gt;&gt;</a>&nbsp;&nbsp;&nbsp;httpd_appcall
</UL>

<P><STRONG><a name="[79]"></a>__aeabi_errno_addr</STRONG> (Thumb, 4 bytes, Stack size 0 bytes, errno.o(i.__aeabi_errno_addr))
<BR><BR>[Called By]<UL><LI><a href="#[7c]">&gt;&gt;</a>&nbsp;&nbsp;&nbsp;_strtoul
<LI><a href="#[7a]">&gt;&gt;</a>&nbsp;&nbsp;&nbsp;strtol
<LI><a href="#[78]">&gt;&gt;</a>&nbsp;&nbsp;&nbsp;atoi
</UL>

<P><STRONG><a name="[165]"></a>__rt_errno_addr</STRONG> (Thumb, 0 bytes, Stack size 0 bytes, errno.o(i.__aeabi_errno_addr), UNUSED)

<P><STRONG><a name="[166]"></a>__scatterload_copy</STRONG> (Thumb, 14 bytes, Stack size unknown bytes, handlers.o(i.__scatterload_copy), UNUSED)

<P><STRONG><a name="[167]"></a>__scatterload_null</STRONG> (Thumb, 2 bytes, Stack size unknown bytes, handlers.o(i.__scatterload_null), UNUSED)

<P><STRONG><a name="[168]"></a>__scatterload_zeroinit</STRONG> (Thumb, 14 bytes, Stack size unknown bytes, handlers.o(i.__scatterload_zeroinit), UNUSED)

<P><STRONG><a name="[119]"></a>bIsContinuationPacket</STRONG> (Thumb, 26 bytes, Stack size 0 bytes, webserver.o(i.bIsContinuationPacket))
<BR><BR>[Called By]<UL><LI><a href="#[ec]">&gt;&gt;</a>&nbsp;&nbsp;&nbsp;httpd_appcall
</UL>

<P><STRONG><a name="[c1]"></a>bVerifyPassword</STRONG> (Thumb, 104 bytes, Stack size 160 bytes, webserver.o(i.bVerifyPassword))
<BR><BR>[Stack]<UL><LI>Max Depth = 192<LI>Call Chain = bVerifyPassword &rArr; base64_decode
</UL>
<BR>[Calls]<UL><LI><a href="#[c3]">&gt;&gt;</a>&nbsp;&nbsp;&nbsp;parsing_json
<LI><a href="#[c6]">&gt;&gt;</a>&nbsp;&nbsp;&nbsp;base64_decode
<LI><a href="#[c5]">&gt;&gt;</a>&nbsp;&nbsp;&nbsp;strncmp
<LI><a href="#[c4]">&gt;&gt;</a>&nbsp;&nbsp;&nbsp;strlen
<LI><a href="#[c2]">&gt;&gt;</a>&nbsp;&nbsp;&nbsp;__aeabi_memclr4
</UL>
<BR>[Called By]<UL><LI><a href="#[ec]">&gt;&gt;</a>&nbsp;&nbsp;&nbsp;httpd_appcall
</UL>

<P><STRONG><a name="[c6]"></a>base64_decode</STRONG> (Thumb, 156 bytes, Stack size 32 bytes, webserver.o(i.base64_decode))
<BR><BR>[Stack]<UL><LI>Max Depth = 32<LI>Call Chain = base64_decode
</UL>
<BR>[Calls]<UL><LI><a href="#[c7]">&gt;&gt;</a>&nbsp;&nbsp;&nbsp;build_decoding_table
</UL>
<BR>[Called By]<UL><LI><a href="#[c1]">&gt;&gt;</a>&nbsp;&nbsp;&nbsp;bVerifyPassword
</UL>

<P><STRONG><a name="[124]"></a>binary_to_bcd_array</STRONG> (Thumb, 94 bytes, Stack size 8 bytes, mcu_display_control.o(i.binary_to_bcd_array))
<BR><BR>[Stack]<UL><LI>Max Depth = 8<LI>Call Chain = binary_to_bcd_array
</UL>
<BR>[Called By]<UL><LI><a href="#[ab]">&gt;&gt;</a>&nbsp;&nbsp;&nbsp;print_page_weld_record
<LI><a href="#[a7]">&gt;&gt;</a>&nbsp;&nbsp;&nbsp;print_page_setting_2
<LI><a href="#[a6]">&gt;&gt;</a>&nbsp;&nbsp;&nbsp;print_page_setting_1
<LI><a href="#[ad]">&gt;&gt;</a>&nbsp;&nbsp;&nbsp;print_page_head_test
<LI><a href="#[ac]">&gt;&gt;</a>&nbsp;&nbsp;&nbsp;print_page_head_down
<LI><a href="#[aa]">&gt;&gt;</a>&nbsp;&nbsp;&nbsp;print_page_head_diagnosis
<LI><a href="#[a9]">&gt;&gt;</a>&nbsp;&nbsp;&nbsp;print_page_early_after_trigger
<LI><a href="#[a8]">&gt;&gt;</a>&nbsp;&nbsp;&nbsp;print_page_SectionVib
</UL>

<P><STRONG><a name="[c7]"></a>build_decoding_table</STRONG> (Thumb, 18 bytes, Stack size 0 bytes, webserver.o(i.build_decoding_table))
<BR><BR>[Called By]<UL><LI><a href="#[c6]">&gt;&gt;</a>&nbsp;&nbsp;&nbsp;base64_decode
</UL>

<P><STRONG><a name="[ba]"></a>display_to_mcu</STRONG> (Thumb, 720 bytes, Stack size 24 bytes, mcu_display_control.o(i.display_to_mcu))
<BR><BR>[Stack]<UL><LI>Max Depth = 24<LI>Call Chain = display_to_mcu
</UL>
<BR>[Calls]<UL><LI><a href="#[af]">&gt;&gt;</a>&nbsp;&nbsp;&nbsp;write_button_test
<LI><a href="#[d8]">&gt;&gt;</a>&nbsp;&nbsp;&nbsp;write_timeout_set
<LI><a href="#[cd]">&gt;&gt;</a>&nbsp;&nbsp;&nbsp;write_time_set_stage_one_set
<LI><a href="#[db]">&gt;&gt;</a>&nbsp;&nbsp;&nbsp;write_time_set_stage2
<LI><a href="#[e7]">&gt;&gt;</a>&nbsp;&nbsp;&nbsp;write_time_on_after_stage_set
<LI><a href="#[df]">&gt;&gt;</a>&nbsp;&nbsp;&nbsp;write_time_early_trigger_set
<LI><a href="#[e3]">&gt;&gt;</a>&nbsp;&nbsp;&nbsp;write_time_after_trigger_set
<LI><a href="#[cc]">&gt;&gt;</a>&nbsp;&nbsp;&nbsp;write_stage2_mode_address_set
<LI><a href="#[e2]">&gt;&gt;</a>&nbsp;&nbsp;&nbsp;write_power_early_stage_set
<LI><a href="#[e6]">&gt;&gt;</a>&nbsp;&nbsp;&nbsp;write_power_after_stage_set
<LI><a href="#[ca]">&gt;&gt;</a>&nbsp;&nbsp;&nbsp;write_mode_set
<LI><a href="#[e1]">&gt;&gt;</a>&nbsp;&nbsp;&nbsp;write_mode_early_stage_set
<LI><a href="#[e5]">&gt;&gt;</a>&nbsp;&nbsp;&nbsp;write_mode_after_stage_set
<LI><a href="#[d6]">&gt;&gt;</a>&nbsp;&nbsp;&nbsp;write_hold_time_set
<LI><a href="#[d5]">&gt;&gt;</a>&nbsp;&nbsp;&nbsp;write_force_set
<LI><a href="#[de]">&gt;&gt;</a>&nbsp;&nbsp;&nbsp;write_energy_set_stage2
<LI><a href="#[d1]">&gt;&gt;</a>&nbsp;&nbsp;&nbsp;write_energy_set
<LI><a href="#[dc]">&gt;&gt;</a>&nbsp;&nbsp;&nbsp;write_distance_set_stage2
<LI><a href="#[ce]">&gt;&gt;</a>&nbsp;&nbsp;&nbsp;write_distance_relative_set
<LI><a href="#[e0]">&gt;&gt;</a>&nbsp;&nbsp;&nbsp;write_distance_early_trigger_set
<LI><a href="#[e4]">&gt;&gt;</a>&nbsp;&nbsp;&nbsp;write_distance_after_trigger_set
<LI><a href="#[cf]">&gt;&gt;</a>&nbsp;&nbsp;&nbsp;write_distance_absolute_set
<LI><a href="#[c9]">&gt;&gt;</a>&nbsp;&nbsp;&nbsp;write_amplitude_set
<LI><a href="#[da]">&gt;&gt;</a>&nbsp;&nbsp;&nbsp;write_amplitudeB_set_stage2
<LI><a href="#[d9]">&gt;&gt;</a>&nbsp;&nbsp;&nbsp;write_amplitudeA_set_stage2
<LI><a href="#[cb]">&gt;&gt;</a>&nbsp;&nbsp;&nbsp;read_stage2_mode_address_display
<LI><a href="#[d0]">&gt;&gt;</a>&nbsp;&nbsp;&nbsp;write_power_stage_one_set
<LI><a href="#[dd]">&gt;&gt;</a>&nbsp;&nbsp;&nbsp;write_power_set_stage2
<LI><a href="#[ea]">&gt;&gt;</a>&nbsp;&nbsp;&nbsp;write_history_point_set
<LI><a href="#[d7]">&gt;&gt;</a>&nbsp;&nbsp;&nbsp;write_head_up_set
<LI><a href="#[d4]">&gt;&gt;</a>&nbsp;&nbsp;&nbsp;write_head_sweep_set
<LI><a href="#[d2]">&gt;&gt;</a>&nbsp;&nbsp;&nbsp;write_gnd_set
<LI><a href="#[c8]">&gt;&gt;</a>&nbsp;&nbsp;&nbsp;write_entered_main_page
<LI><a href="#[d3]">&gt;&gt;</a>&nbsp;&nbsp;&nbsp;write_amplitude_head_test_set
<LI><a href="#[e8]">&gt;&gt;</a>&nbsp;&nbsp;&nbsp;read_history_point_set
<LI><a href="#[e9]">&gt;&gt;</a>&nbsp;&nbsp;&nbsp;read_history_point_display
</UL>
<BR>[Called By]<UL><LI><a href="#[b8]">&gt;&gt;</a>&nbsp;&nbsp;&nbsp;UART1_TEST_HANDLE
</UL>

<P><STRONG><a name="[b3]"></a>fpga_to_mcu</STRONG> (Thumb, 520 bytes, Stack size 64 bytes, dependencies.o(i.fpga_to_mcu))
<BR><BR>[Stack]<UL><LI>Max Depth = 64<LI>Call Chain = fpga_to_mcu
</UL>
<BR>[Called By]<UL><LI><a href="#[b0]">&gt;&gt;</a>&nbsp;&nbsp;&nbsp;UART0_TEST_HANDLE
</UL>

<P><STRONG><a name="[6d]"></a>fputc</STRONG> (Thumb, 12 bytes, Stack size 8 bytes, retarget.o(i.fputc))
<BR><BR>[Stack]<UL><LI>Max Depth = 8<LI>Call Chain = fputc
</UL>
<BR>[Calls]<UL><LI><a href="#[eb]">&gt;&gt;</a>&nbsp;&nbsp;&nbsp;SendChar
</UL>
<BR>[Address Reference Count : 1]<UL><LI> printf8.o(i.__0printf$8)
</UL>
<P><STRONG><a name="[14b]"></a>htons</STRONG> (Thumb, 4 bytes, Stack size 0 bytes, uip.o(i.htons))
<BR><BR>[Called By]<UL><LI><a href="#[122]">&gt;&gt;</a>&nbsp;&nbsp;&nbsp;webserver_loop
<LI><a href="#[14a]">&gt;&gt;</a>&nbsp;&nbsp;&nbsp;uip_chksum
<LI><a href="#[14e]">&gt;&gt;</a>&nbsp;&nbsp;&nbsp;uip_tcpchksum
</UL>

<P><STRONG><a name="[ec]"></a>httpd_appcall</STRONG> (Thumb, 2900 bytes, Stack size 528 bytes, webserver.o(i.httpd_appcall))
<BR><BR>[Stack]<UL><LI>Max Depth = 720<LI>Call Chain = httpd_appcall &rArr; bVerifyPassword &rArr; base64_decode
</UL>
<BR>[Calls]<UL><LI><a href="#[118]">&gt;&gt;</a>&nbsp;&nbsp;&nbsp;read_total_time_display_html
<LI><a href="#[fa]">&gt;&gt;</a>&nbsp;&nbsp;&nbsp;read_timeout_set_display
<LI><a href="#[f0]">&gt;&gt;</a>&nbsp;&nbsp;&nbsp;read_time_set_stage_one_display
<LI><a href="#[fb]">&gt;&gt;</a>&nbsp;&nbsp;&nbsp;read_time_set_stage2_display
<LI><a href="#[10f]">&gt;&gt;</a>&nbsp;&nbsp;&nbsp;read_time_on_html
<LI><a href="#[102]">&gt;&gt;</a>&nbsp;&nbsp;&nbsp;read_time_on_after_stage_display
<LI><a href="#[104]">&gt;&gt;</a>&nbsp;&nbsp;&nbsp;read_time_early_trigger_display
<LI><a href="#[100]">&gt;&gt;</a>&nbsp;&nbsp;&nbsp;read_time_after_trigger_display
<LI><a href="#[cb]">&gt;&gt;</a>&nbsp;&nbsp;&nbsp;read_stage2_mode_address_display
<LI><a href="#[106]">&gt;&gt;</a>&nbsp;&nbsp;&nbsp;read_power_early_stage_display
<LI><a href="#[103]">&gt;&gt;</a>&nbsp;&nbsp;&nbsp;read_power_after_stage_display
<LI><a href="#[ef]">&gt;&gt;</a>&nbsp;&nbsp;&nbsp;read_mode_set
<LI><a href="#[f7]">&gt;&gt;</a>&nbsp;&nbsp;&nbsp;read_mode_early_stage_display
<LI><a href="#[f6]">&gt;&gt;</a>&nbsp;&nbsp;&nbsp;read_mode_after_stage_display
<LI><a href="#[f5]">&gt;&gt;</a>&nbsp;&nbsp;&nbsp;read_hold_time_display
<LI><a href="#[108]">&gt;&gt;</a>&nbsp;&nbsp;&nbsp;read_freq_start_html
<LI><a href="#[10b]">&gt;&gt;</a>&nbsp;&nbsp;&nbsp;read_freq_min_html
<LI><a href="#[10a]">&gt;&gt;</a>&nbsp;&nbsp;&nbsp;read_freq_max_html
<LI><a href="#[109]">&gt;&gt;</a>&nbsp;&nbsp;&nbsp;read_freq_end_html
<LI><a href="#[107]">&gt;&gt;</a>&nbsp;&nbsp;&nbsp;read_freq_delta_html
<LI><a href="#[f4]">&gt;&gt;</a>&nbsp;&nbsp;&nbsp;read_force_set_display
<LI><a href="#[ff]">&gt;&gt;</a>&nbsp;&nbsp;&nbsp;read_energy_set_stage2_display
<LI><a href="#[f9]">&gt;&gt;</a>&nbsp;&nbsp;&nbsp;read_energy_set_display
<LI><a href="#[10e]">&gt;&gt;</a>&nbsp;&nbsp;&nbsp;read_energy_display_html
<LI><a href="#[113]">&gt;&gt;</a>&nbsp;&nbsp;&nbsp;read_encoder_speed_history_html
<LI><a href="#[116]">&gt;&gt;</a>&nbsp;&nbsp;&nbsp;read_distance_travelled_html
<LI><a href="#[fc]">&gt;&gt;</a>&nbsp;&nbsp;&nbsp;read_distance_set_stage2_display
<LI><a href="#[f1]">&gt;&gt;</a>&nbsp;&nbsp;&nbsp;read_distance_relative_set_display
<LI><a href="#[114]">&gt;&gt;</a>&nbsp;&nbsp;&nbsp;read_distance_reached_html
<LI><a href="#[105]">&gt;&gt;</a>&nbsp;&nbsp;&nbsp;read_distance_early_trigger_display
<LI><a href="#[101]">&gt;&gt;</a>&nbsp;&nbsp;&nbsp;read_distance_after_trigger_display
<LI><a href="#[f2]">&gt;&gt;</a>&nbsp;&nbsp;&nbsp;read_distance_absolute_set_display
<LI><a href="#[117]">&gt;&gt;</a>&nbsp;&nbsp;&nbsp;read_collapse_hold_html
<LI><a href="#[10d]">&gt;&gt;</a>&nbsp;&nbsp;&nbsp;read_avg_power_html
<LI><a href="#[f3]">&gt;&gt;</a>&nbsp;&nbsp;&nbsp;read_amplitude_set_display
<LI><a href="#[fd]">&gt;&gt;</a>&nbsp;&nbsp;&nbsp;read_amplitudeB_set_stage2_display
<LI><a href="#[fe]">&gt;&gt;</a>&nbsp;&nbsp;&nbsp;read_amplitudeA_set_stage2_display
<LI><a href="#[115]">&gt;&gt;</a>&nbsp;&nbsp;&nbsp;read_absolute_hold_html
<LI><a href="#[10c]">&gt;&gt;</a>&nbsp;&nbsp;&nbsp;read_P_max_html
<LI><a href="#[111]">&gt;&gt;</a>&nbsp;&nbsp;&nbsp;read_F_start_html
<LI><a href="#[110]">&gt;&gt;</a>&nbsp;&nbsp;&nbsp;read_F_set_history_html
<LI><a href="#[112]">&gt;&gt;</a>&nbsp;&nbsp;&nbsp;read_F_max_html
<LI><a href="#[11d]">&gt;&gt;</a>&nbsp;&nbsp;&nbsp;update_parameter_setting_page_seg_vib
<LI><a href="#[11f]">&gt;&gt;</a>&nbsp;&nbsp;&nbsp;update_parameter_setting_page_pre_vib
<LI><a href="#[11e]">&gt;&gt;</a>&nbsp;&nbsp;&nbsp;update_parameter_setting_page_post_vib
<LI><a href="#[11c]">&gt;&gt;</a>&nbsp;&nbsp;&nbsp;update_parameter_setting_page_2
<LI><a href="#[11b]">&gt;&gt;</a>&nbsp;&nbsp;&nbsp;update_parameter_setting_page_1
<LI><a href="#[11a]">&gt;&gt;</a>&nbsp;&nbsp;&nbsp;send_response
<LI><a href="#[c3]">&gt;&gt;</a>&nbsp;&nbsp;&nbsp;parsing_json
<LI><a href="#[ee]">&gt;&gt;</a>&nbsp;&nbsp;&nbsp;parseURL
<LI><a href="#[ed]">&gt;&gt;</a>&nbsp;&nbsp;&nbsp;pack_css_data
<LI><a href="#[c1]">&gt;&gt;</a>&nbsp;&nbsp;&nbsp;bVerifyPassword
<LI><a href="#[119]">&gt;&gt;</a>&nbsp;&nbsp;&nbsp;bIsContinuationPacket
<LI><a href="#[c5]">&gt;&gt;</a>&nbsp;&nbsp;&nbsp;strncmp
<LI><a href="#[c4]">&gt;&gt;</a>&nbsp;&nbsp;&nbsp;strlen
<LI><a href="#[c2]">&gt;&gt;</a>&nbsp;&nbsp;&nbsp;__aeabi_memclr4
<LI><a href="#[f8]">&gt;&gt;</a>&nbsp;&nbsp;&nbsp;__2sprintf
</UL>
<BR>[Called By]<UL><LI><a href="#[14d]">&gt;&gt;</a>&nbsp;&nbsp;&nbsp;uip_process
</UL>

<P><STRONG><a name="[69]"></a>main</STRONG> (Thumb, 96 bytes, Stack size 0 bytes, main.o(i.main))
<BR><BR>[Stack]<UL><LI>Max Depth = 784<LI>Call Chain = main &rArr; webserver_loop &rArr; uip_process &rArr; httpd_appcall &rArr; bVerifyPassword &rArr; base64_decode
</UL>
<BR>[Calls]<UL><LI><a href="#[122]">&gt;&gt;</a>&nbsp;&nbsp;&nbsp;webserver_loop
<LI><a href="#[121]">&gt;&gt;</a>&nbsp;&nbsp;&nbsp;webserver_init
<LI><a href="#[bb]">&gt;&gt;</a>&nbsp;&nbsp;&nbsp;UART1_interrrupt
<LI><a href="#[b9]">&gt;&gt;</a>&nbsp;&nbsp;&nbsp;UART1_Init
<LI><a href="#[b5]">&gt;&gt;</a>&nbsp;&nbsp;&nbsp;UART0_interrrupt
<LI><a href="#[b1]">&gt;&gt;</a>&nbsp;&nbsp;&nbsp;UART0_Init
<LI><a href="#[9d]">&gt;&gt;</a>&nbsp;&nbsp;&nbsp;TIMER_Open
<LI><a href="#[97]">&gt;&gt;</a>&nbsp;&nbsp;&nbsp;SYS_Init
<LI><a href="#[120]">&gt;&gt;</a>&nbsp;&nbsp;&nbsp;GPIO_SetMode
</UL>
<BR>[Address Reference Count : 1]<UL><LI> entry9a.o(.ARM.Collect$$$$0000000B)
</UL>
<P><STRONG><a name="[b4]"></a>mcu_to_fpga</STRONG> (Thumb, 1102 bytes, Stack size 36 bytes, dependencies.o(i.mcu_to_fpga))
<BR><BR>[Stack]<UL><LI>Max Depth = 36<LI>Call Chain = mcu_to_fpga
</UL>
<BR>[Called By]<UL><LI><a href="#[b0]">&gt;&gt;</a>&nbsp;&nbsp;&nbsp;UART0_TEST_HANDLE
</UL>

<P><STRONG><a name="[ed]"></a>pack_css_data</STRONG> (Thumb, 38 bytes, Stack size 16 bytes, webserver.o(i.pack_css_data))
<BR><BR>[Stack]<UL><LI>Max Depth = 40<LI>Call Chain = pack_css_data &rArr; __2sprintf
</UL>
<BR>[Calls]<UL><LI><a href="#[f8]">&gt;&gt;</a>&nbsp;&nbsp;&nbsp;__2sprintf
</UL>
<BR>[Called By]<UL><LI><a href="#[ec]">&gt;&gt;</a>&nbsp;&nbsp;&nbsp;httpd_appcall
</UL>

<P><STRONG><a name="[ee]"></a>parseURL</STRONG> (Thumb, 74 bytes, Stack size 16 bytes, webserver.o(i.parseURL))
<BR><BR>[Stack]<UL><LI>Max Depth = 16<LI>Call Chain = parseURL
</UL>
<BR>[Called By]<UL><LI><a href="#[ec]">&gt;&gt;</a>&nbsp;&nbsp;&nbsp;httpd_appcall
</UL>

<P><STRONG><a name="[c3]"></a>parsing_json</STRONG> (Thumb, 168 bytes, Stack size 28 bytes, webserver.o(i.parsing_json))
<BR><BR>[Stack]<UL><LI>Max Depth = 28<LI>Call Chain = parsing_json
</UL>
<BR>[Called By]<UL><LI><a href="#[ec]">&gt;&gt;</a>&nbsp;&nbsp;&nbsp;httpd_appcall
<LI><a href="#[c1]">&gt;&gt;</a>&nbsp;&nbsp;&nbsp;bVerifyPassword
</UL>

<P><STRONG><a name="[a8]"></a>print_page_SectionVib</STRONG> (Thumb, 232 bytes, Stack size 8 bytes, mcu_display_control.o(i.print_page_SectionVib))
<BR><BR>[Stack]<UL><LI>Max Depth = 28<LI>Call Chain = print_page_SectionVib &rArr; UART_Write
</UL>
<BR>[Calls]<UL><LI><a href="#[fb]">&gt;&gt;</a>&nbsp;&nbsp;&nbsp;read_time_set_stage2_display
<LI><a href="#[cb]">&gt;&gt;</a>&nbsp;&nbsp;&nbsp;read_stage2_mode_address_display
<LI><a href="#[ff]">&gt;&gt;</a>&nbsp;&nbsp;&nbsp;read_energy_set_stage2_display
<LI><a href="#[fc]">&gt;&gt;</a>&nbsp;&nbsp;&nbsp;read_distance_set_stage2_display
<LI><a href="#[fd]">&gt;&gt;</a>&nbsp;&nbsp;&nbsp;read_amplitudeB_set_stage2_display
<LI><a href="#[fe]">&gt;&gt;</a>&nbsp;&nbsp;&nbsp;read_amplitudeA_set_stage2_display
<LI><a href="#[123]">&gt;&gt;</a>&nbsp;&nbsp;&nbsp;UART_Write
<LI><a href="#[124]">&gt;&gt;</a>&nbsp;&nbsp;&nbsp;binary_to_bcd_array
<LI><a href="#[125]">&gt;&gt;</a>&nbsp;&nbsp;&nbsp;read_power_set_stage2_display
</UL>
<BR>[Called By]<UL><LI><a href="#[2a]">&gt;&gt;</a>&nbsp;&nbsp;&nbsp;TMR0_IRQHandler
</UL>

<P><STRONG><a name="[a1]"></a>print_page_broken_transducer</STRONG> (Thumb, 10 bytes, Stack size 0 bytes, mcu_display_control.o(i.print_page_broken_transducer))
<BR><BR>[Stack]<UL><LI>Max Depth = 20<LI>Call Chain = print_page_broken_transducer &rArr; UART_Write
</UL>
<BR>[Calls]<UL><LI><a href="#[123]">&gt;&gt;</a>&nbsp;&nbsp;&nbsp;UART_Write
</UL>
<BR>[Called By]<UL><LI><a href="#[2a]">&gt;&gt;</a>&nbsp;&nbsp;&nbsp;TMR0_IRQHandler
</UL>

<P><STRONG><a name="[a9]"></a>print_page_early_after_trigger</STRONG> (Thumb, 346 bytes, Stack size 24 bytes, mcu_display_control.o(i.print_page_early_after_trigger))
<BR><BR>[Stack]<UL><LI>Max Depth = 44<LI>Call Chain = print_page_early_after_trigger &rArr; UART_Write
</UL>
<BR>[Calls]<UL><LI><a href="#[102]">&gt;&gt;</a>&nbsp;&nbsp;&nbsp;read_time_on_after_stage_display
<LI><a href="#[104]">&gt;&gt;</a>&nbsp;&nbsp;&nbsp;read_time_early_trigger_display
<LI><a href="#[100]">&gt;&gt;</a>&nbsp;&nbsp;&nbsp;read_time_after_trigger_display
<LI><a href="#[106]">&gt;&gt;</a>&nbsp;&nbsp;&nbsp;read_power_early_stage_display
<LI><a href="#[103]">&gt;&gt;</a>&nbsp;&nbsp;&nbsp;read_power_after_stage_display
<LI><a href="#[f7]">&gt;&gt;</a>&nbsp;&nbsp;&nbsp;read_mode_early_stage_display
<LI><a href="#[f6]">&gt;&gt;</a>&nbsp;&nbsp;&nbsp;read_mode_after_stage_display
<LI><a href="#[105]">&gt;&gt;</a>&nbsp;&nbsp;&nbsp;read_distance_early_trigger_display
<LI><a href="#[101]">&gt;&gt;</a>&nbsp;&nbsp;&nbsp;read_distance_after_trigger_display
<LI><a href="#[123]">&gt;&gt;</a>&nbsp;&nbsp;&nbsp;UART_Write
<LI><a href="#[124]">&gt;&gt;</a>&nbsp;&nbsp;&nbsp;binary_to_bcd_array
</UL>
<BR>[Called By]<UL><LI><a href="#[2a]">&gt;&gt;</a>&nbsp;&nbsp;&nbsp;TMR0_IRQHandler
</UL>

<P><STRONG><a name="[aa]"></a>print_page_head_diagnosis</STRONG> (Thumb, 116 bytes, Stack size 8 bytes, mcu_display_control.o(i.print_page_head_diagnosis))
<BR><BR>[Stack]<UL><LI>Max Depth = 28<LI>Call Chain = print_page_head_diagnosis &rArr; UART_Write
</UL>
<BR>[Calls]<UL><LI><a href="#[123]">&gt;&gt;</a>&nbsp;&nbsp;&nbsp;UART_Write
<LI><a href="#[124]">&gt;&gt;</a>&nbsp;&nbsp;&nbsp;binary_to_bcd_array
<LI><a href="#[127]">&gt;&gt;</a>&nbsp;&nbsp;&nbsp;read_resonance_frequency
<LI><a href="#[126]">&gt;&gt;</a>&nbsp;&nbsp;&nbsp;read_head_sweep_display
<LI><a href="#[128]">&gt;&gt;</a>&nbsp;&nbsp;&nbsp;read_anti_resonance_frequency
</UL>
[...]
</UL>

<P><STRONG><a name="[11c]"></a>update_parameter_setting_page_2</STRONG> (Thumb, 32 bytes, Stack size 8 bytes, webserver.o(i.update_parameter_setting_page_2))
<BR><BR>[Stack]<UL><LI>Max Depth = 96<LI>Call Chain = update_parameter_setting_page_2 &rArr; atoi &rArr; strtol &rArr; _strtoul
</UL>
<BR>[Calls]<UL><LI><a href="#[d8]">&gt;&gt;</a>&nbsp;&nbsp;&nbsp;write_timeout_set
<LI><a href="#[c5]">&gt;&gt;</a>&nbsp;&nbsp;&nbsp;strncmp
<LI><a href="#[78]">&gt;&gt;</a>&nbsp;&nbsp;&nbsp;atoi
</UL>
<BR>[Called By]<UL><LI><a href="#[ec]">&gt;&gt;</a>&nbsp;&nbsp;&nbsp;httpd_appcall
</UL>

<P><STRONG><a name="[11e]"></a>update_parameter_setting_page_post_vib</STRONG> (Thumb, 142 bytes, Stack size 16 bytes, webserver.o(i.update_parameter_setting_page_post_vib))
<BR><BR>[Stack]<UL><LI>Max Depth = 104<LI>Call Chain = update_parameter_setting_page_post_vib &rArr; atoi &rArr; strtol &rArr; _strtoul
</UL>
<BR>[Calls]<UL><LI><a href="#[e7]">&gt;&gt;</a>&nbsp;&nbsp;&nbsp;write_time_on_after_stage_set
<LI><a href="#[e3]">&gt;&gt;</a>&nbsp;&nbsp;&nbsp;write_time_after_trigger_set
<LI><a href="#[e6]">&gt;&gt;</a>&nbsp;&nbsp;&nbsp;write_power_after_stage_set
<LI><a href="#[e5]">&gt;&gt;</a>&nbsp;&nbsp;&nbsp;write_mode_after_stage_set
<LI><a href="#[e4]">&gt;&gt;</a>&nbsp;&nbsp;&nbsp;write_distance_after_trigger_set
<LI><a href="#[f6]">&gt;&gt;</a>&nbsp;&nbsp;&nbsp;read_mode_after_stage_display
<LI><a href="#[c5]">&gt;&gt;</a>&nbsp;&nbsp;&nbsp;strncmp
<LI><a href="#[78]">&gt;&gt;</a>&nbsp;&nbsp;&nbsp;atoi
</UL>
<BR>[Called By]<UL><LI><a href="#[ec]">&gt;&gt;</a>&nbsp;&nbsp;&nbsp;httpd_appcall
</UL>

<P><STRONG><a name="[11f]"></a>update_parameter_setting_page_pre_vib</STRONG> (Thumb, 116 bytes, Stack size 16 bytes, webserver.o(i.update_parameter_setting_page_pre_vib))
<BR><BR>[Stack]<UL><LI>Max Depth = 104<LI>Call Chain = update_parameter_setting_page_pre_vib &rArr; atoi &rArr; strtol &rArr; _strtoul
</UL>
<BR>[Calls]<UL><LI><a href="#[df]">&gt;&gt;</a>&nbsp;&nbsp;&nbsp;write_time_early_trigger_set
<LI><a href="#[e2]">&gt;&gt;</a>&nbsp;&nbsp;&nbsp;write_power_early_stage_set
<LI><a href="#[e1]">&gt;&gt;</a>&nbsp;&nbsp;&nbsp;write_mode_early_stage_set
<LI><a href="#[e0]">&gt;&gt;</a>&nbsp;&nbsp;&nbsp;write_distance_early_trigger_set
<LI><a href="#[f7]">&gt;&gt;</a>&nbsp;&nbsp;&nbsp;read_mode_early_stage_display
<LI><a href="#[c5]">&gt;&gt;</a>&nbsp;&nbsp;&nbsp;strncmp
<LI><a href="#[78]">&gt;&gt;</a>&nbsp;&nbsp;&nbsp;atoi
</UL>
<BR>[Called By]<UL><LI><a href="#[ec]">&gt;&gt;</a>&nbsp;&nbsp;&nbsp;httpd_appcall
</UL>

<P><STRONG><a name="[11d]"></a>update_parameter_setting_page_seg_vib</STRONG> (Thumb, 176 bytes, Stack size 16 bytes, webserver.o(i.update_parameter_setting_page_seg_vib))
<BR><BR>[Stack]<UL><LI>Max Depth = 104<LI>Call Chain = update_parameter_setting_page_seg_vib &rArr; atoi &rArr; strtol &rArr; _strtoul
</UL>
<BR>[Calls]<UL><LI><a href="#[db]">&gt;&gt;</a>&nbsp;&nbsp;&nbsp;write_time_set_stage2
<LI><a href="#[cc]">&gt;&gt;</a>&nbsp;&nbsp;&nbsp;write_stage2_mode_address_set
<LI><a href="#[de]">&gt;&gt;</a>&nbsp;&nbsp;&nbsp;write_energy_set_stage2
<LI><a href="#[dc]">&gt;&gt;</a>&nbsp;&nbsp;&nbsp;write_distance_set_stage2
<LI><a href="#[da]">&gt;&gt;</a>&nbsp;&nbsp;&nbsp;write_amplitudeB_set_stage2
<LI><a href="#[d9]">&gt;&gt;</a>&nbsp;&nbsp;&nbsp;write_amplitudeA_set_stage2
<LI><a href="#[cb]">&gt;&gt;</a>&nbsp;&nbsp;&nbsp;read_stage2_mode_address_display
<LI><a href="#[c5]">&gt;&gt;</a>&nbsp;&nbsp;&nbsp;strncmp
<LI><a href="#[78]">&gt;&gt;</a>&nbsp;&nbsp;&nbsp;atoi
</UL>
<BR>[Called By]<UL><LI><a href="#[ec]">&gt;&gt;</a>&nbsp;&nbsp;&nbsp;httpd_appcall
</UL>

<P><STRONG><a name="[121]"></a>webserver_init</STRONG> (Thumb, 210 bytes, Stack size 16 bytes, webserver.o(i.webserver_init))
<BR><BR>[Stack]<UL><LI>Max Depth = 40<LI>Call Chain = webserver_init &rArr; EMAC_PhyInit &rArr; EMAC_MdioWrite
</UL>
<BR>[Calls]<UL><LI><a href="#[150]">&gt;&gt;</a>&nbsp;&nbsp;&nbsp;NVIC_EnableIRQ
<LI><a href="#[152]">&gt;&gt;</a>&nbsp;&nbsp;&nbsp;uip_listen
<LI><a href="#[8c]">&gt;&gt;</a>&nbsp;&nbsp;&nbsp;EMAC_PhyInit
<LI><a href="#[88]">&gt;&gt;</a>&nbsp;&nbsp;&nbsp;EMAC_Open
<LI><a href="#[99]">&gt;&gt;</a>&nbsp;&nbsp;&nbsp;CLK_SetModuleClock
<LI><a href="#[98]">&gt;&gt;</a>&nbsp;&nbsp;&nbsp;CLK_EnableModuleClock
</UL>
<BR>[Called By]<UL><LI><a href="#[69]">&gt;&gt;</a>&nbsp;&nbsp;&nbsp;main
</UL>

<P><STRONG><a name="[122]"></a>webserver_loop</STRONG> (Thumb, 148 bytes, Stack size 24 bytes, webserver.o(i.webserver_loop))
<BR><BR>[Stack]<UL><LI>Max Depth = 784<LI>Call Chain = webserver_loop &rArr; uip_process &rArr; httpd_appcall &rArr; bVerifyPassword &rArr; base64_decode
</UL>
<BR>[Calls]<UL><LI><a href="#[14d]">&gt;&gt;</a>&nbsp;&nbsp;&nbsp;uip_process
<LI><a href="#[153]">&gt;&gt;</a>&nbsp;&nbsp;&nbsp;uip_arp_timer
<LI><a href="#[149]">&gt;&gt;</a>&nbsp;&nbsp;&nbsp;uip_arp_out
<LI><a href="#[148]">&gt;&gt;</a>&nbsp;&nbsp;&nbsp;uip_arp_ipin
<LI><a href="#[146]">&gt;&gt;</a>&nbsp;&nbsp;&nbsp;uip_arp_arpin
<LI><a href="#[14b]">&gt;&gt;</a>&nbsp;&nbsp;&nbsp;htons
<LI><a href="#[151]">&gt;&gt;</a>&nbsp;&nbsp;&nbsp;uip_write
<LI><a href="#[14f]">&gt;&gt;</a>&nbsp;&nbsp;&nbsp;uip_read
</UL>
<BR>[Called By]<UL><LI><a href="#[69]">&gt;&gt;</a>&nbsp;&nbsp;&nbsp;main
</UL>

<P><STRONG><a name="[d9]"></a>write_amplitudeA_set_stage2</STRONG> (Thumb, 6 bytes, Stack size 0 bytes, dependencies.o(i.write_amplitudeA_set_stage2))
<BR><BR>[Called By]<UL><LI><a href="#[11d]">&gt;&gt;</a>&nbsp;&nbsp;&nbsp;update_parameter_setting_page_seg_vib
<LI><a href="#[ba]">&gt;&gt;</a>&nbsp;&nbsp;&nbsp;display_to_mcu
</UL>

<P><STRONG><a name="[da]"></a>write_amplitudeB_set_stage2</STRONG> (Thumb, 6 bytes, Stack size 0 bytes, dependencies.o(i.write_amplitudeB_set_stage2))
<BR><BR>[Called By]<UL><LI><a href="#[11d]">&gt;&gt;</a>&nbsp;&nbsp;&nbsp;update_parameter_setting_page_seg_vib
<LI><a href="#[ba]">&gt;&gt;</a>&nbsp;&nbsp;&nbsp;display_to_mcu
</UL>

<P><STRONG><a name="[d3]"></a>write_amplitude_head_test_set</STRONG> (Thumb, 6 bytes, Stack size 0 bytes, dependencies.o(i.write_amplitude_head_test_set))
<BR><BR>[Called By]<UL><LI><a href="#[ba]">&gt;&gt;</a>&nbsp;&nbsp;&nbsp;display_to_mcu
</UL>

<P><STRONG><a name="[c9]"></a>write_amplitude_set</STRONG> (Thumb, 6 bytes, Stack size 0 bytes, dependencies.o(i.write_amplitude_set))
<BR><BR>[Called By]<UL><LI><a href="#[11b]">&gt;&gt;</a>&nbsp;&nbsp;&nbsp;update_parameter_setting_page_1
<LI><a href="#[ba]">&gt;&gt;</a>&nbsp;&nbsp;&nbsp;display_to_mcu
</UL>

<P><STRONG><a name="[af]"></a>write_button_test</STRONG> (Thumb, 6 bytes, Stack size 0 bytes, dependencies.o(i.write_button_test))
<BR><BR>[Called By]<UL><LI><a href="#[2a]">&gt;&gt;</a>&nbsp;&nbsp;&nbsp;TMR0_IRQHandler
<LI><a href="#[ba]">&gt;&gt;</a>&nbsp;&nbsp;&nbsp;display_to_mcu
</UL>

<P><STRONG><a name="[cf]"></a>write_distance_absolute_set</STRONG> (Thumb, 6 bytes, Stack size 0 bytes, dependencies.o(i.write_distance_absolute_set))
<BR><BR>[Called By]<UL><LI><a href="#[11b]">&gt;&gt;</a>&nbsp;&nbsp;&nbsp;update_parameter_setting_page_1
<LI><a href="#[ba]">&gt;&gt;</a>&nbsp;&nbsp;&nbsp;display_to_mcu
</UL>

<P><STRONG><a name="[e4]"></a>write_distance_after_trigger_set</STRONG> (Thumb, 6 bytes, Stack size 0 bytes, dependencies.o(i.write_distance_after_trigger_set))
<BR><BR>[Called By]<UL><LI><a href="#[11e]">&gt;&gt;</a>&nbsp;&nbsp;&nbsp;update_parameter_setting_page_post_vib
<LI><a href="#[ba]">&gt;&gt;</a>&nbsp;&nbsp;&nbsp;display_to_mcu
</UL>

<P><STRONG><a name="[e0]"></a>write_distance_early_trigger_set</STRONG> (Thumb, 6 bytes, Stack size 0 bytes, dependencies.o(i.write_distance_early_trigger_set))
<BR><BR>[Called By]<UL><LI><a href="#[11f]">&gt;&gt;</a>&nbsp;&nbsp;&nbsp;update_parameter_setting_page_pre_vib
<LI><a href="#[ba]">&gt;&gt;</a>&nbsp;&nbsp;&nbsp;display_to_mcu
</UL>

<P><STRONG><a name="[ce]"></a>write_distance_relative_set</STRONG> (Thumb, 6 bytes, Stack size 0 bytes, dependencies.o(i.write_distance_relative_set))
<BR><BR>[Called By]<UL><LI><a href="#[11b]">&gt;&gt;</a>&nbsp;&nbsp;&nbsp;update_parameter_setting_page_1
<LI><a href="#[ba]">&gt;&gt;</a>&nbsp;&nbsp;&nbsp;display_to_mcu
</UL>

<P><STRONG><a name="[dc]"></a>write_distance_set_stage2</STRONG> (Thumb, 6 bytes, Stack size 0 bytes, dependencies.o(i.write_distance_set_stage2))
<BR><BR>[Called By]<UL><LI><a href="#[11d]">&gt;&gt;</a>&nbsp;&nbsp;&nbsp;update_parameter_setting_page_seg_vib
<LI><a href="#[ba]">&gt;&gt;</a>&nbsp;&nbsp;&nbsp;display_to_mcu
</UL>

<P><STRONG><a name="[d1]"></a>write_energy_set</STRONG> (Thumb, 6 bytes, Stack size 0 bytes, dependencies.o(i.write_energy_set))
<BR><BR>[Called By]<UL><LI><a href="#[11b]">&gt;&gt;</a>&nbsp;&nbsp;&nbsp;update_parameter_setting_page_1
<LI><a href="#[ba]">&gt;&gt;</a>&nbsp;&nbsp;&nbsp;display_to_mcu
</UL>

<P><STRONG><a name="[de]"></a>write_energy_set_stage2</STRONG> (Thumb, 6 bytes, Stack size 0 bytes, dependencies.o(i.write_energy_set_stage2))
<BR><BR>[Called By]<UL><LI><a href="#[11d]">&gt;&gt;</a>&nbsp;&nbsp;&nbsp;update_parameter_setting_page_seg_vib
<LI><a href="#[ba]">&gt;&gt;</a>&nbsp;&nbsp;&nbsp;display_to_mcu
</UL>

<P><STRONG><a name="[c8]"></a>write_entered_main_page</STRONG> (Thumb, 6 bytes, Stack size 0 bytes, dependencies.o(i.write_entered_main_page))
<BR><BR>[Called By]<UL><LI><a href="#[ba]">&gt;&gt;</a>&nbsp;&nbsp;&nbsp;display_to_mcu
</UL>

<P><STRONG><a name="[d5]"></a>write_force_set</STRONG> (Thumb, 6 bytes, Stack size 0 bytes, dependencies.o(i.write_force_set))
<BR><BR>[Called By]<UL><LI><a href="#[11b]">&gt;&gt;</a>&nbsp;&nbsp;&nbsp;update_parameter_setting_page_1
<LI><a href="#[ba]">&gt;&gt;</a>&nbsp;&nbsp;&nbsp;display_to_mcu
</UL>

<P><STRONG><a name="[d2]"></a>write_gnd_set</STRONG> (Thumb, 6 bytes, Stack size 0 bytes, dependencies.o(i.write_gnd_set))
<BR><BR>[Called By]<UL><LI><a href="#[ba]">&gt;&gt;</a>&nbsp;&nbsp;&nbsp;display_to_mcu
</UL>

<P><STRONG><a name="[d4]"></a>write_head_sweep_set</STRONG> (Thumb, 6 bytes, Stack size 0 bytes, dependencies.o(i.write_head_sweep_set))
<BR><BR>[Called By]<UL><LI><a href="#[ba]">&gt;&gt;</a>&nbsp;&nbsp;&nbsp;display_to_mcu
</UL>

<P><STRONG><a name="[d7]"></a>write_head_up_set</STRONG> (Thumb, 6 bytes, Stack size 0 bytes, dependencies.o(i.write_head_up_set))
<BR><BR>[Called By]<UL><LI><a href="#[ba]">&gt;&gt;</a>&nbsp;&nbsp;&nbsp;display_to_mcu
</UL>

<P><STRONG><a name="[ea]"></a>write_history_point_set</STRONG> (Thumb, 22 bytes, Stack size 0 bytes, dependencies.o(i.write_history_point_set))
<BR><BR>[Called By]<UL><LI><a href="#[ba]">&gt;&gt;</a>&nbsp;&nbsp;&nbsp;display_to_mcu
</UL>

<P><STRONG><a name="[d6]"></a>write_hold_time_set</STRONG> (Thumb, 6 bytes, Stack size 0 bytes, dependencies.o(i.write_hold_time_set))
<BR><BR>[Called By]<UL><LI><a href="#[11b]">&gt;&gt;</a>&nbsp;&nbsp;&nbsp;update_parameter_setting_page_1
<LI><a href="#[ba]">&gt;&gt;</a>&nbsp;&nbsp;&nbsp;display_to_mcu
</UL>

<P><STRONG><a name="[e5]"></a>write_mode_after_stage_set</STRONG> (Thumb, 6 bytes, Stack size 0 bytes, dependencies.o(i.write_mode_after_stage_set))
<BR><BR>[Called By]<UL><LI><a href="#[11e]">&gt;&gt;</a>&nbsp;&nbsp;&nbsp;update_parameter_setting_page_post_vib
<LI><a href="#[ba]">&gt;&gt;</a>&nbsp;&nbsp;&nbsp;display_to_mcu
</UL>

<P><STRONG><a name="[e1]"></a>write_mode_early_stage_set</STRONG> (Thumb, 6 bytes, Stack size 0 bytes, dependencies.o(i.write_mode_early_stage_set))
<BR><BR>[Called By]<UL><LI><a href="#[11f]">&gt;&gt;</a>&nbsp;&nbsp;&nbsp;update_parameter_setting_page_pre_vib
<LI><a href="#[ba]">&gt;&gt;</a>&nbsp;&nbsp;&nbsp;display_to_mcu
</UL>

<P><STRONG><a name="[ca]"></a>write_mode_set</STRONG> (Thumb, 6 bytes, Stack size 0 bytes, dependencies.o(i.write_mode_set))
<BR><BR>[Called By]<UL><LI><a href="#[11b]">&gt;&gt;</a>&nbsp;&nbsp;&nbsp;update_parameter_setting_page_1
<LI><a href="#[ba]">&gt;&gt;</a>&nbsp;&nbsp;&nbsp;display_to_mcu
</UL>

<P><STRONG><a name="[e6]"></a>write_power_after_stage_set</STRONG> (Thumb, 6 bytes, Stack size 0 bytes, dependencies.o(i.write_power_after_stage_set))
<BR><BR>[Called By]<UL><LI><a href="#[11e]">&gt;&gt;</a>&nbsp;&nbsp;&nbsp;update_parameter_setting_page_post_vib
<LI><a href="#[ba]">&gt;&gt;</a>&nbsp;&nbsp;&nbsp;display_to_mcu
</UL>

<P><STRONG><a name="[e2]"></a>write_power_early_stage_set</STRONG> (Thumb, 6 bytes, Stack size 0 bytes, dependencies.o(i.write_power_early_stage_set))
<BR><BR>[Called By]<UL><LI><a href="#[11f]">&gt;&gt;</a>&nbsp;&nbsp;&nbsp;update_parameter_setting_page_pre_vib
<LI><a href="#[ba]">&gt;&gt;</a>&nbsp;&nbsp;&nbsp;display_to_mcu
</UL>

<P><STRONG><a name="[dd]"></a>write_power_set_stage2</STRONG> (Thumb, 6 bytes, Stack size 0 bytes, dependencies.o(i.write_power_set_stage2))
<BR><BR>[Called By]<UL><LI><a href="#[ba]">&gt;&gt;</a>&nbsp;&nbsp;&nbsp;display_to_mcu
</UL>

<P><STRONG><a name="[d0]"></a>write_power_stage_one_set</STRONG> (Thumb, 6 bytes, Stack size 0 bytes, dependencies.o(i.write_power_stage_one_set))
<BR><BR>[Called By]<UL><LI><a href="#[ba]">&gt;&gt;</a>&nbsp;&nbsp;&nbsp;display_to_mcu
</UL>

<P><STRONG><a name="[cc]"></a>write_stage2_mode_address_set</STRONG> (Thumb, 6 bytes, Stack size 0 bytes, dependencies.o(i.write_stage2_mode_address_set))
<BR><BR>[Called By]<UL><LI><a href="#[11d]">&gt;&gt;</a>&nbsp;&nbsp;&nbsp;update_parameter_setting_page_seg_vib
<LI><a href="#[11b]">&gt;&gt;</a>&nbsp;&nbsp;&nbsp;update_parameter_setting_page_1
<LI><a href="#[ba]">&gt;&gt;</a>&nbsp;&nbsp;&nbsp;display_to_mcu
</UL>

<P><STRONG><a name="[e3]"></a>write_time_after_trigger_set</STRONG> (Thumb, 6 bytes, Stack size 0 bytes, dependencies.o(i.write_time_after_trigger_set))
<BR><BR>[Called By]<UL><LI><a href="#[11e]">&gt;&gt;</a>&nbsp;&nbsp;&nbsp;update_parameter_setting_page_post_vib
<LI><a href="#[ba]">&gt;&gt;</a>&nbsp;&nbsp;&nbsp;display_to_mcu
</UL>

<P><STRONG><a name="[df]"></a>write_time_early_trigger_set</STRONG> (Thumb, 6 bytes, Stack size 0 bytes, dependencies.o(i.write_time_early_trigger_set))
<BR><BR>[Called By]<UL><LI><a href="#[11f]">&gt;&gt;</a>&nbsp;&nbsp;&nbsp;update_parameter_setting_page_pre_vib
<LI><a href="#[ba]">&gt;&gt;</a>&nbsp;&nbsp;&nbsp;display_to_mcu
</UL>

<P><STRONG><a name="[e7]"></a>write_time_on_after_stage_set</STRONG> (Thumb, 6 bytes, Stack size 0 bytes, dependencies.o(i.write_time_on_after_stage_set))
<BR><BR>[Called By]<UL><LI><a href="#[11e]">&gt;&gt;</a>&nbsp;&nbsp;&nbsp;update_parameter_setting_page_post_vib
<LI><a href="#[ba]">&gt;&gt;</a>&nbsp;&nbsp;&nbsp;display_to_mcu
</UL>

<P><STRONG><a name="[db]"></a>write_time_set_stage2</STRONG> (Thumb, 6 bytes, Stack size 0 bytes, dependencies.o(i.write_time_set_stage2))
<BR><BR>[Called By]<UL><LI><a href="#[11d]">&gt;&gt;</a>&nbsp;&nbsp;&nbsp;update_parameter_setting_page_seg_vib
<LI><a href="#[ba]">&gt;&gt;</a>&nbsp;&nbsp;&nbsp;display_to_mcu
</UL>

<P><STRONG><a name="[cd]"></a>write_time_set_stage_one_set</STRONG> (Thumb, 6 bytes, Stack size 0 bytes, dependencies.o(i.write_time_set_stage_one_set))
<BR><BR>[Called By]<UL><LI><a href="#[11b]">&gt;&gt;</a>&nbsp;&nbsp;&nbsp;update_parameter_setting_page_1
<LI><a href="#[ba]">&gt;&gt;</a>&nbsp;&nbsp;&nbsp;display_to_mcu
</UL>

<P><STRONG><a name="[d8]"></a>write_timeout_set</STRONG> (Thumb, 6 bytes, Stack size 0 bytes, dependencies.o(i.write_timeout_set))
<BR><BR>[Called By]<UL><LI><a href="#[11c]">&gt;&gt;</a>&nbsp;&nbsp;&nbsp;update_parameter_setting_page_2
<LI><a href="#[ba]">&gt;&gt;</a>&nbsp;&nbsp;&nbsp;display_to_mcu
</UL>
<P>
<H3>
Local Symbols
</H3>
<P><STRONG><a name="[f]"></a>Default_Handler</STRONG> (Thumb, 2 bytes, Stack size 0 bytes, startup_m480.o(.text))
<BR><BR>[Calls]<UL><LI><a href="#[f]">&gt;&gt;</a>&nbsp;&nbsp;&nbsp;Default_Handler
</UL>
<BR>[Called By]<UL><LI><a href="#[f]">&gt;&gt;</a>&nbsp;&nbsp;&nbsp;Default_Handler
</UL>
<BR>[Address Reference Count : 1]<UL><LI> startup_m480.o(RESET)
</UL>
<P><STRONG><a name="[150]"></a>NVIC_EnableIRQ</STRONG> (Thumb, 22 bytes, Stack size 0 bytes, webserver.o(i.NVIC_EnableIRQ))
<BR><BR>[Called By]<UL><LI><a href="#[121]">&gt;&gt;</a>&nbsp;&nbsp;&nbsp;webserver_init
<LI><a href="#[14f]">&gt;&gt;</a>&nbsp;&nbsp;&nbsp;uip_read
</UL>

<P><STRONG><a name="[b7]"></a>NVIC_EnableIRQ</STRONG> (Thumb, 22 bytes, Stack size 0 bytes, dependencies.o(i.NVIC_EnableIRQ))
<BR><BR>[Called By]<UL><LI><a href="#[bb]">&gt;&gt;</a>&nbsp;&nbsp;&nbsp;UART1_interrrupt
<LI><a href="#[b5]">&gt;&gt;</a>&nbsp;&nbsp;&nbsp;UART0_interrrupt
</UL>

<P><STRONG><a name="[8e]"></a>EMAC_MdioRead</STRONG> (Thumb, 60 bytes, Stack size 0 bytes, emac.o(i.EMAC_MdioRead))
<BR><BR>[Called By]<UL><LI><a href="#[8c]">&gt;&gt;</a>&nbsp;&nbsp;&nbsp;EMAC_PhyInit
</UL>

<P><STRONG><a name="[8d]"></a>EMAC_MdioWrite</STRONG> (Thumb, 62 bytes, Stack size 8 bytes, emac.o(i.EMAC_MdioWrite))
<BR><BR>[Stack]<UL><LI>Max Depth = 8<LI>Call Chain = EMAC_MdioWrite
</UL>
<BR>[Called By]<UL><LI><a href="#[8c]">&gt;&gt;</a>&nbsp;&nbsp;&nbsp;EMAC_PhyInit
</UL>

<P><STRONG><a name="[8a]"></a>EMAC_RxDescInit</STRONG> (Thumb, 86 bytes, Stack size 16 bytes, emac.o(i.EMAC_RxDescInit))
<BR><BR>[Stack]<UL><LI>Max Depth = 16<LI>Call Chain = EMAC_RxDescInit
</UL>
<BR>[Called By]<UL><LI><a href="#[88]">&gt;&gt;</a>&nbsp;&nbsp;&nbsp;EMAC_Open
</UL>

<P><STRONG><a name="[89]"></a>EMAC_TxDescInit</STRONG> (Thumb, 98 bytes, Stack size 16 bytes, emac.o(i.EMAC_TxDescInit))
<BR><BR>[Stack]<UL><LI>Max Depth = 16<LI>Call Chain = EMAC_TxDescInit
</UL>
<BR>[Called By]<UL><LI><a href="#[88]">&gt;&gt;</a>&nbsp;&nbsp;&nbsp;EMAC_Open
</UL>

<P><STRONG><a name="[eb]"></a>SendChar</STRONG> (Thumb, 26 bytes, Stack size 0 bytes, retarget.o(i.SendChar))
<BR><BR>[Called By]<UL><LI><a href="#[6d]">&gt;&gt;</a>&nbsp;&nbsp;&nbsp;fputc
</UL>

<P><STRONG><a name="[96]"></a>stackDump</STRONG> (Thumb, 72 bytes, Stack size 8 bytes, retarget.o(i.stackDump))
<BR><BR>[Stack]<UL><LI>Max Depth = 32<LI>Call Chain = stackDump &rArr; __2printf
</UL>
<BR>[Calls]<UL><LI><a href="#[95]">&gt;&gt;</a>&nbsp;&nbsp;&nbsp;__2printf
</UL>
<BR>[Called By]<UL><LI><a href="#[6a]">&gt;&gt;</a>&nbsp;&nbsp;&nbsp;Hard_Fault_Handler
</UL>

<P><STRONG><a name="[144]"></a>uip_add_rcv_nxt</STRONG> (Thumb, 38 bytes, Stack size 8 bytes, uip.o(i.uip_add_rcv_nxt))
<BR><BR>[Stack]<UL><LI>Max Depth = 8<LI>Call Chain = uip_add_rcv_nxt
</UL>
<BR>[Calls]<UL><LI><a href="#[145]">&gt;&gt;</a>&nbsp;&nbsp;&nbsp;uip_add32
</UL>
<BR>[Called By]<UL><LI><a href="#[14d]">&gt;&gt;</a>&nbsp;&nbsp;&nbsp;uip_process
</UL>

<P><STRONG><a name="[147]"></a>uip_arp_update</STRONG> (Thumb, 166 bytes, Stack size 20 bytes, uip_arp.o(i.uip_arp_update))
<BR><BR>[Stack]<UL><LI>Max Depth = 20<LI>Call Chain = uip_arp_update
</UL>
<BR>[Called By]<UL><LI><a href="#[148]">&gt;&gt;</a>&nbsp;&nbsp;&nbsp;uip_arp_ipin
<LI><a href="#[146]">&gt;&gt;</a>&nbsp;&nbsp;&nbsp;uip_arp_arpin
</UL>

<P><STRONG><a name="[bd]"></a>_printf_core</STRONG> (Thumb, 996 bytes, Stack size 104 bytes, printf8.o(i._printf_core), UNUSED)
<BR><BR>[Calls]<UL><LI><a href="#[72]">&gt;&gt;</a>&nbsp;&nbsp;&nbsp;__aeabi_uldivmod
<LI><a href="#[bf]">&gt;&gt;</a>&nbsp;&nbsp;&nbsp;_printf_pre_padding
<LI><a href="#[c0]">&gt;&gt;</a>&nbsp;&nbsp;&nbsp;_printf_post_padding
</UL>
<BR>[Called By]<UL><LI><a href="#[be]">&gt;&gt;</a>&nbsp;&nbsp;&nbsp;__0sprintf$8
<LI><a href="#[bc]">&gt;&gt;</a>&nbsp;&nbsp;&nbsp;__0printf$8
</UL>

<P><STRONG><a name="[c0]"></a>_printf_post_padding</STRONG> (Thumb, 36 bytes, Stack size 24 bytes, printf8.o(i._printf_post_padding), UNUSED)
<BR><BR>[Called By]<UL><LI><a href="#[bd]">&gt;&gt;</a>&nbsp;&nbsp;&nbsp;_printf_core
</UL>

<P><STRONG><a name="[bf]"></a>_printf_pre_padding</STRONG> (Thumb, 46 bytes, Stack size 24 bytes, printf8.o(i._printf_pre_padding), UNUSED)
<BR><BR>[Called By]<UL><LI><a href="#[bd]">&gt;&gt;</a>&nbsp;&nbsp;&nbsp;_printf_core
</UL>

<P><STRONG><a name="[6e]"></a>_sputc</STRONG> (Thumb, 10 bytes, Stack size 0 bytes, printf8.o(i._sputc))
<BR><BR>[Called By]<UL><LI><a href="#[be]">&gt;&gt;</a>&nbsp;&nbsp;&nbsp;__0sprintf$8
</UL>
<BR>[Address Reference Count : 1]<UL><LI> printf8.o(i.__0sprintf$8)
</UL><P>
<H3>
Undefined Global Symbols
</H3><HR></body></html>
