<html>
<body>
<pre>
<h1>µVision Build Log</h1>
<h2>Tool Versions:</h2>
IDE-Version: µVision V5.38.0.0
Copyright (C) 2022 ARM Ltd and ARM Germany GmbH. All rights reserved.
License Information: kevin kevinsagen47@Gmail.com, itri, LIC=CUUS7-YFINV-XZPWZ-X29F4-T85HB-IVFEL
 
Tool Versions:
Toolchain:       MDK-ARM Community  Version: 5.38.0.0
Toolchain Path:  C:\Keil_v5\ARM\ARM_Compiler_5.06u7\Bin
C Compiler:      Armcc.exe V5.06 update 7 (build 960)
Assembler:       Armasm.exe V5.06 update 7 (build 960)
Linker/Locator:  ArmLink.exe V5.06 update 7 (build 960)
Library Manager: ArmAr.exe V5.06 update 7 (build 960)
Hex Converter:   FromElf.exe V5.06 update 7 (build 960)
CPU DLL:         SARMCM3.DLL V5.38.0.0
Dialog DLL:      DARMCM1.DLL V1.19.6.0
Target DLL:      Nu_Link.dll V3.12
Dialog DLL:      TARMCM1.DLL V1.14.6.0
 
<h2>Project:</h2>
C:\Users\kevin\Documents\Github\mcu-fpga-display\firmware\MMSL\KEIL\mmsl_ultrasound.uvproj
Project File Date:  01/02/2024

<h2>Output:</h2>
*** Using Compiler 'V5.06 update 7 (build 960)', folder: 'C:\Keil_v5\ARM\ARM_Compiler_5.06u7\Bin'
Build target 'ultrasound'
compiling main.c...
compiling external_flash_api.c...
compiling mcu_display_control.c...
linking...
Program Size: Code=25768 RO-data=35004 RW-data=2096 ZI-data=97856  
FromELF: creating hex file...
After Build - User command #1: fromelf --bin ".\Objects\mmsl_ultrasound.axf" --output ".\Objects\mmsl_ultrasound.bin"
After Build - User command #2: fromelf --text -c ".\Objects\mmsl_ultrasound.axf" --output ".\Objects\mmsl_ultrasound.txt"
".\Objects\mmsl_ultrasound.axf" - 0 Error(s), 0 Warning(s).
Build Time Elapsed:  00:00:02
</pre>
</body>
</html>
