Component: ARM Compiler 5.06 update 7 (build 960) Tool: armlink [4d3601]

==============================================================================

Section Cross References

    system_m480.o(i.SystemCoreClockUpdate) refers to clk.o(i.CLK_GetPLLClockFreq) for CLK_GetPLLClockFreq
    system_m480.o(i.SystemCoreClockUpdate) refers to system_m480.o(.data) for .data
    startup_m480.o(RESET) refers to startup_m480.o(STACK) for __initial_sp
    startup_m480.o(RESET) refers to startup_m480.o(.text) for Reset_Handler
    startup_m480.o(RESET) refers to retarget.o(.emb_text) for HardFault_Handler
    startup_m480.o(RESET) refers to main.o(i.TMR0_IRQHandler) for TMR0_IRQHandler
    startup_m480.o(RESET) refers to dependencies.o(i.UART0_IRQHandler) for UART0_IRQHandler
    startup_m480.o(RESET) refers to dependencies.o(i.UART1_IRQHandler) for UART1_IRQHandler
    startup_m480.o(RESET) refers to webserver.o(i.EMAC_TX_IRQHandler) for EMAC_TX_IRQHandler
    startup_m480.o(RESET) refers to webserver.o(i.EMAC_RX_IRQHandler) for EMAC_RX_IRQHandler
    startup_m480.o(.text) refers to system_m480.o(i.SystemInit) for SystemInit
    startup_m480.o(.text) refers to entry.o(.ARM.Collect$$$$00000000) for __main
    main.o(i.TMR0_IRQHandler) refers to dependencies.o(i.read_broken_transducer) for read_broken_transducer
    main.o(i.TMR0_IRQHandler) refers to dependencies.o(i.read_overload_display) for read_overload_display
    main.o(i.TMR0_IRQHandler) refers to dependencies.o(i.read_entered_main_page) for read_entered_main_page
    main.o(i.TMR0_IRQHandler) refers to mcu_display_control.o(i.print_page_broken_transducer) for print_page_broken_transducer
    main.o(i.TMR0_IRQHandler) refers to mcu_display_control.o(i.print_page_overload) for print_page_overload
    main.o(i.TMR0_IRQHandler) refers to dependencies.o(i.read_timeout_occured) for read_timeout_occured
    main.o(i.TMR0_IRQHandler) refers to mcu_display_control.o(i.print_page_timeout) for print_page_timeout
    main.o(i.TMR0_IRQHandler) refers to dependencies.o(i.read_two_hand_alarm) for read_two_hand_alarm
    main.o(i.TMR0_IRQHandler) refers to timer.o(i.TIMER_Delay) for TIMER_Delay
    main.o(i.TMR0_IRQHandler) refers to mcu_display_control.o(i.print_page_two_hand_alarm) for print_page_two_hand_alarm
    main.o(i.TMR0_IRQHandler) refers to mcu_display_control.o(i.print_page_lock_freq) for print_page_lock_freq
    main.o(i.TMR0_IRQHandler) refers to mcu_display_control.o(i.print_page_setting_1) for print_page_setting_1
    main.o(i.TMR0_IRQHandler) refers to mcu_display_control.o(i.print_page_setting_2) for print_page_setting_2
    main.o(i.TMR0_IRQHandler) refers to mcu_display_control.o(i.print_page_SectionVib) for print_page_SectionVib
    main.o(i.TMR0_IRQHandler) refers to mcu_display_control.o(i.print_page_early_after_trigger) for print_page_early_after_trigger
    main.o(i.TMR0_IRQHandler) refers to mcu_display_control.o(i.print_page_head_diagnosis) for print_page_head_diagnosis
    main.o(i.TMR0_IRQHandler) refers to mcu_display_control.o(i.print_page_weld_record) for print_page_weld_record
    main.o(i.TMR0_IRQHandler) refers to mcu_display_control.o(i.print_page_head_down) for print_page_head_down
    main.o(i.TMR0_IRQHandler) refers to mcu_display_control.o(i.print_page_head_test) for print_page_head_test
    main.o(i.TMR0_IRQHandler) refers to dependencies.o(i.read_button_test_display) for read_button_test_display
    main.o(i.TMR0_IRQHandler) refers to dependencies.o(i.write_button_test) for write_button_test
    main.o(i.TMR0_IRQHandler) refers to mcu_display_control.o(i.print_back_to_main_page) for print_back_to_main_page
    main.o(i.TMR0_IRQHandler) refers to webserver.o(.data) for curTime
    main.o(i.TMR0_IRQHandler) refers to dependencies.o(.data) for display_page
    main.o(i.TMR0_IRQHandler) refers to main.o(.data) for .data
    main.o(i.main) refers to dependencies.o(i.SYS_Init) for SYS_Init
    main.o(i.main) refers to dependencies.o(i.UART0_Init) for UART0_Init
    main.o(i.main) refers to dependencies.o(i.UART1_Init) for UART1_Init
    main.o(i.main) refers to gpio.o(i.GPIO_SetMode) for GPIO_SetMode
    main.o(i.main) refers to timer.o(i.TIMER_Open) for TIMER_Open
    main.o(i.main) refers to dependencies.o(i.UART1_interrrupt) for UART1_interrrupt
    main.o(i.main) refers to dependencies.o(i.UART0_interrrupt) for UART0_interrrupt
    main.o(i.main) refers to webserver.o(i.webserver_init) for webserver_init
    main.o(i.main) refers to webserver.o(i.webserver_loop) for webserver_loop
    webserver.o(i.EMAC_RX_IRQHandler) refers to emac.o(i.EMAC_RecvPkt) for EMAC_RecvPkt
    webserver.o(i.EMAC_RX_IRQHandler) refers to emac.o(i.EMAC_RecvPktDone) for EMAC_RecvPktDone
    webserver.o(i.EMAC_RX_IRQHandler) refers to webserver.o(.data) for .data
    webserver.o(i.EMAC_RX_IRQHandler) refers to webserver.o(.bss) for .bss
    webserver.o(i.EMAC_TX_IRQHandler) refers to emac.o(i.EMAC_SendPktDone) for EMAC_SendPktDone
[...]
    RAMPE_IRQHandler                         0x0000027b   Thumb Code     0  startup_m480.o(.text)
    RTC_IRQHandler                           0x0000027b   Thumb Code     0  startup_m480.o(.text)
    SC0_IRQHandler                           0x0000027b   Thumb Code     0  startup_m480.o(.text)
    SC1_IRQHandler                           0x0000027b   Thumb Code     0  startup_m480.o(.text)
    SC2_IRQHandler                           0x0000027b   Thumb Code     0  startup_m480.o(.text)
    SDH0_IRQHandler                          0x0000027b   Thumb Code     0  startup_m480.o(.text)
    SDH1_IRQHandler                          0x0000027b   Thumb Code     0  startup_m480.o(.text)
    SPI0_IRQHandler                          0x0000027b   Thumb Code     0  startup_m480.o(.text)
    SPI1_IRQHandler                          0x0000027b   Thumb Code     0  startup_m480.o(.text)
    SPI2_IRQHandler                          0x0000027b   Thumb Code     0  startup_m480.o(.text)
    SPI3_IRQHandler                          0x0000027b   Thumb Code     0  startup_m480.o(.text)
    SPIM_IRQHandler                          0x0000027b   Thumb Code     0  startup_m480.o(.text)
    TAMPER_IRQHandler                        0x0000027b   Thumb Code     0  startup_m480.o(.text)
    TMR1_IRQHandler                          0x0000027b   Thumb Code     0  startup_m480.o(.text)
    TMR2_IRQHandler                          0x0000027b   Thumb Code     0  startup_m480.o(.text)
    TMR3_IRQHandler                          0x0000027b   Thumb Code     0  startup_m480.o(.text)
    TRNG_IRQHandler                          0x0000027b   Thumb Code     0  startup_m480.o(.text)
    UART2_IRQHandler                         0x0000027b   Thumb Code     0  startup_m480.o(.text)
    UART3_IRQHandler                         0x0000027b   Thumb Code     0  startup_m480.o(.text)
    UART4_IRQHandler                         0x0000027b   Thumb Code     0  startup_m480.o(.text)
    UART5_IRQHandler                         0x0000027b   Thumb Code     0  startup_m480.o(.text)
    UART6_IRQHandler                         0x0000027b   Thumb Code     0  startup_m480.o(.text)
    UART7_IRQHandler                         0x0000027b   Thumb Code     0  startup_m480.o(.text)
    USBD20_IRQHandler                        0x0000027b   Thumb Code     0  startup_m480.o(.text)
    USBD_IRQHandler                          0x0000027b   Thumb Code     0  startup_m480.o(.text)
    USBOTG20_IRQHandler                      0x0000027b   Thumb Code     0  startup_m480.o(.text)
    USBOTG_IRQHandler                        0x0000027b   Thumb Code     0  startup_m480.o(.text)
    USCI0_IRQHandler                         0x0000027b   Thumb Code     0  startup_m480.o(.text)
    USCI1_IRQHandler                         0x0000027b   Thumb Code     0  startup_m480.o(.text)
    WDT_IRQHandler                           0x0000027b   Thumb Code     0  startup_m480.o(.text)
    WWDT_IRQHandler                          0x0000027b   Thumb Code     0  startup_m480.o(.text)
    __aeabi_uldivmod                         0x00000291   Thumb Code    98  uldiv.o(.text)
    __aeabi_memcpy                           0x000002f3   Thumb Code    36  memcpya.o(.text)
    __aeabi_memcpy4                          0x000002f3   Thumb Code     0  memcpya.o(.text)
    __aeabi_memcpy8                          0x000002f3   Thumb Code     0  memcpya.o(.text)
    __aeabi_memset                           0x00000317   Thumb Code    14  memseta.o(.text)
    __aeabi_memset4                          0x00000317   Thumb Code     0  memseta.o(.text)
    __aeabi_memset8                          0x00000317   Thumb Code     0  memseta.o(.text)
    __aeabi_memclr                           0x00000325   Thumb Code     4  memseta.o(.text)
    __aeabi_memclr4                          0x00000325   Thumb Code     0  memseta.o(.text)
    __aeabi_memclr8                          0x00000325   Thumb Code     0  memseta.o(.text)
    _memset$wrapper                          0x00000329   Thumb Code    18  memseta.o(.text)
    strlen                                   0x0000033b   Thumb Code    14  strlen.o(.text)
    strncmp                                  0x00000349   Thumb Code    30  strncmp.o(.text)
    atoi                                     0x00000367   Thumb Code    26  atoi.o(.text)
    __aeabi_llsl                             0x00000381   Thumb Code    30  llshl.o(.text)
    _ll_shift_l                              0x00000381   Thumb Code     0  llshl.o(.text)
    __aeabi_llsr                             0x0000039f   Thumb Code    32  llushr.o(.text)
    _ll_ushift_r                             0x0000039f   Thumb Code     0  llushr.o(.text)
    strtol                                   0x000003bf   Thumb Code   112  strtol.o(.text)
    __scatterload                            0x00000431   Thumb Code    28  init.o(.text)
    __scatterload_rt2                        0x00000431   Thumb Code     0  init.o(.text)
    __rt_ctype_table                         0x00000455   Thumb Code     4  ctype_o.o(.text)
    _strtoul                                 0x0000045d   Thumb Code   158  _strtoul.o(.text)
    _chval                                   0x000004fb   Thumb Code    28  _chval.o(.text)
    __decompress                             0x00000517   Thumb Code     0  __dczerorl2.o(.text)
    __decompress1                            0x00000517   Thumb Code    86  __dczerorl2.o(.text)
    CLK_DisablePLL                           0x0000056d   Thumb Code    18  clk.o(i.CLK_DisablePLL)
    CLK_EnableModuleClock                    0x00000581   Thumb Code    24  clk.o(i.CLK_EnableModuleClock)
    CLK_EnablePLL                            0x0000059d   Thumb Code   308  clk.o(i.CLK_EnablePLL)
    CLK_GetPCLK0Freq                         0x000006f1   Thumb Code    96  clk.o(i.CLK_GetPCLK0Freq)
    CLK_GetPCLK1Freq                         0x00000755   Thumb Code    98  clk.o(i.CLK_GetPCLK1Freq)
    CLK_GetPLLClockFreq                      0x000007bd   Thumb Code    66  clk.o(i.CLK_GetPLLClockFreq)
    CLK_SetCoreClock                         0x0000080d   Thumb Code   128  clk.o(i.CLK_SetCoreClock)
    CLK_SetHCLK                              0x00000891   Thumb Code    98  clk.o(i.CLK_SetHCLK)
    CLK_SetModuleClock                       0x000008f5   Thumb Code   140  clk.o(i.CLK_SetModuleClock)
    CLK_WaitClockReady                       0x00000989   Thumb Code    52  clk.o(i.CLK_WaitClockReady)
    EMAC_EnableCamEntry                      0x000009c5   Thumb Code    52  emac.o(i.EMAC_EnableCamEntry)
    EMAC_Open                                0x00000a99   Thumb Code    46  emac.o(i.EMAC_Open)
    EMAC_PhyInit                             0x00000ad5   Thumb Code   242  emac.o(i.EMAC_PhyInit)
    EMAC_RX_IRQHandler                       0x00000bd5   Thumb Code    22  webserver.o(i.EMAC_RX_IRQHandler)
    EMAC_RecvPkt                             0x00000bf5   Thumb Code    56  emac.o(i.EMAC_RecvPkt)
    EMAC_RecvPktDone                         0x00000c35   Thumb Code    34  emac.o(i.EMAC_RecvPktDone)
    EMAC_SendPkt                             0x00000cc5   Thumb Code    54  emac.o(i.EMAC_SendPkt)
    EMAC_SendPktDone                         0x00000d05   Thumb Code    68  emac.o(i.EMAC_SendPktDone)
    EMAC_SetMacAddr                          0x00000d55   Thumb Code     8  emac.o(i.EMAC_SetMacAddr)
    EMAC_TX_IRQHandler                       0x00000d5d   Thumb Code     4  webserver.o(i.EMAC_TX_IRQHandler)
    GPIO_SetMode                             0x00000dd1   Thumb Code    44  gpio.o(i.GPIO_SetMode)
    Hard_Fault_Handler                       0x00000dfd   Thumb Code    16  retarget.o(i.Hard_Fault_Handler)
    SYS_Init                                 0x00000e51   Thumb Code   208  dependencies.o(i.SYS_Init)
    SystemCoreClockUpdate                    0x00000f4d   Thumb Code    64  system_m480.o(i.SystemCoreClockUpdate)
    SystemInit                               0x00000f95   Thumb Code   108  system_m480.o(i.SystemInit)
    TIMER_Delay                              0x0000100d   Thumb Code   170  timer.o(i.TIMER_Delay)
    TIMER_GetModuleClock                     0x000010c5   Thumb Code   102  timer.o(i.TIMER_GetModuleClock)
    TIMER_Open                               0x0000113d   Thumb Code    54  timer.o(i.TIMER_Open)
    TMR0_IRQHandler                          0x00001175   Thumb Code   356  main.o(i.TMR0_IRQHandler)
    UART0_IRQHandler                         0x000012f1   Thumb Code     4  dependencies.o(i.UART0_IRQHandler)
    UART0_Init                               0x000012f5   Thumb Code    10  dependencies.o(i.UART0_Init)
    UART0_TEST_HANDLE                        0x00001305   Thumb Code    84  dependencies.o(i.UART0_TEST_HANDLE)
    UART0_interrrupt                         0x00001369   Thumb Code    56  dependencies.o(i.UART0_interrrupt)
    UART1_IRQHandler                         0x000013a5   Thumb Code     4  dependencies.o(i.UART1_IRQHandler)
    UART1_Init                               0x000013a9   Thumb Code    10  dependencies.o(i.UART1_Init)
    UART1_TEST_HANDLE                        0x000013b9   Thumb Code   116  dependencies.o(i.UART1_TEST_HANDLE)
    UART1_interrrupt                         0x00001439   Thumb Code    56  dependencies.o(i.UART1_interrrupt)
    UART_Open                                0x00001475   Thumb Code   314  uart.o(i.UART_Open)
    UART_SetTimeoutCnt                       0x000015d9   Thumb Code    20  uart.o(i.UART_SetTimeoutCnt)
    UART_Write                               0x000015ed   Thumb Code    46  uart.o(i.UART_Write)
    __0printf$8                              0x0000161d   Thumb Code    22  printf8.o(i.__0printf$8)
    __1printf$8                              0x0000161d   Thumb Code     0  printf8.o(i.__0printf$8)
    __2printf                                0x0000161d   Thumb Code     0  printf8.o(i.__0printf$8)
    __0sprintf$8                             0x0000163d   Thumb Code    34  printf8.o(i.__0sprintf$8)
    __1sprintf$8                             0x0000163d   Thumb Code     0  printf8.o(i.__0sprintf$8)
    __2sprintf                               0x0000163d   Thumb Code     0  printf8.o(i.__0sprintf$8)
    __aeabi_errno_addr                       0x00001665   Thumb Code     4  errno.o(i.__aeabi_errno_addr)
    __rt_errno_addr                          0x00001665   Thumb Code     0  errno.o(i.__aeabi_errno_addr)
    __scatterload_copy                       0x0000166d   Thumb Code    14  handlers.o(i.__scatterload_copy)
    __scatterload_null                       0x0000167b   Thumb Code     2  handlers.o(i.__scatterload_null)
    __scatterload_zeroinit                   0x0000167d   Thumb Code    14  handlers.o(i.__scatterload_zeroinit)
    bIsContinuationPacket                    0x00001aed   Thumb Code    26  webserver.o(i.bIsContinuationPacket)
    bVerifyPassword                          0x00001b09   Thumb Code   104  webserver.o(i.bVerifyPassword)
    base64_decode                            0x00001b75   Thumb Code   156  webserver.o(i.base64_decode)
    binary_to_bcd_array                      0x00001c15   Thumb Code    94  mcu_display_control.o(i.binary_to_bcd_array)
    build_decoding_table                     0x00001c79   Thumb Code    18  webserver.o(i.build_decoding_table)
    display_to_mcu                           0x00001c95   Thumb Code   744  mcu_display_control.o(i.display_to_mcu)
    fpga_to_mcu                              0x00001f89   Thumb Code   590  dependencies.o(i.fpga_to_mcu)
    fputc                                    0x000021e5   Thumb Code    12  retarget.o(i.fputc)
    htons                                    0x000021f1   Thumb Code     4  uip.o(i.htons)
    httpd_appcall                            0x000021f5   Thumb Code  2900  webserver.o(i.httpd_appcall)
    main                                     0x00002d51   Thumb Code    96  main.o(i.main)
    mcu_to_fpga                              0x00002dc1   Thumb Code  1154  dependencies.o(i.mcu_to_fpga)
    pack_css_data                            0x00003249   Thumb Code    38  webserver.o(i.pack_css_data)
    parseURL                                 0x0000327d   Thumb Code    74  webserver.o(i.parseURL)
    parsing_json                             0x000032cd   Thumb Code   168  webserver.o(i.parsing_json)
    print_back_to_main_page                  0x00003375   Thumb Code    10  mcu_display_control.o(i.print_back_to_main_page)
    print_page_SectionVib                    0x00003389   Thumb Code   232  mcu_display_control.o(i.print_page_SectionVib)
    print_page_broken_transducer             0x00003481   Thumb Code    10  mcu_display_control.o(i.print_page_broken_transducer)
    print_page_early_after_trigger           0x00003495   Thumb Code   346  mcu_display_control.o(i.print_page_early_after_trigger)
    print_page_head_diagnosis                0x00003605   Thumb Code   116  mcu_display_control.o(i.print_page_head_diagnosis)
    print_page_head_down                     0x00003689   Thumb Code   228  mcu_display_control.o(i.print_page_head_down)
    print_page_head_test                     0x0000377d   Thumb Code   126  mcu_display_control.o(i.print_page_head_test)
    print_page_lock_freq                     0x0000380d   Thumb Code    10  mcu_display_control.o(i.print_page_lock_freq)
    print_page_overload                      0x00003821   Thumb Code    10  mcu_display_control.o(i.print_page_overload)
    print_page_setting_1                     0x00003835   Thumb Code   460  mcu_display_control.o(i.print_page_setting_1)
    print_page_setting_2                     0x00003a11   Thumb Code    52  mcu_display_control.o(i.print_page_setting_2)
    print_page_timeout                       0x00003a55   Thumb Code    10  mcu_display_control.o(i.print_page_timeout)
    print_page_two_hand_alarm                0x00003a69   Thumb Code    10  mcu_display_control.o(i.print_page_two_hand_alarm)
    print_page_weld_record                   0x00003a7d   Thumb Code  1300  mcu_display_control.o(i.print_page_weld_record)
    read_F_max                               0x00003f9d   Thumb Code    18  dependencies.o(i.read_F_max)
    read_F_max_html                          0x00003fb9   Thumb Code    14  dependencies.o(i.read_F_max_html)
    read_F_set_history                       0x00003fcd   Thumb Code    18  dependencies.o(i.read_F_set_history)
    read_F_set_history_html                  0x00003fe9   Thumb Code    14  dependencies.o(i.read_F_set_history_html)
    read_F_start                             0x00003ffd   Thumb Code    18  dependencies.o(i.read_F_start)
    read_F_start_html                        0x00004019   Thumb Code    14  dependencies.o(i.read_F_start_html)
    read_P_max                               0x0000402d   Thumb Code    18  dependencies.o(i.read_P_max)
    read_P_max_html                          0x00004049   Thumb Code    14  dependencies.o(i.read_P_max_html)
    read_absolute_hold                       0x0000405d   Thumb Code    18  dependencies.o(i.read_absolute_hold)
    read_absolute_hold_html                  0x00004079   Thumb Code    14  dependencies.o(i.read_absolute_hold_html)
    read_amplitudeA_set_stage2_display       0x0000408d   Thumb Code     6  dependencies.o(i.read_amplitudeA_set_stage2_display)
    read_amplitudeB_set_stage2_display       0x00004099   Thumb Code     6  dependencies.o(i.read_amplitudeB_set_stage2_display)
    read_amplitude_set_display               0x000040a5   Thumb Code     6  dependencies.o(i.read_amplitude_set_display)
    read_anti_resonance_frequency            0x000040b1   Thumb Code     6  dependencies.o(i.read_anti_resonance_frequency)
    read_avg_power                           0x000040bd   Thumb Code    18  dependencies.o(i.read_avg_power)
    read_avg_power_html                      0x000040d9   Thumb Code    14  dependencies.o(i.read_avg_power_html)
    read_broken_transducer                   0x000040ed   Thumb Code     6  dependencies.o(i.read_broken_transducer)
    read_button_test_display                 0x000040f9   Thumb Code     6  dependencies.o(i.read_button_test_display)
    read_collapse_hold                       0x00004105   Thumb Code    18  dependencies.o(i.read_collapse_hold)
    read_collapse_hold_html                  0x00004121   Thumb Code    14  dependencies.o(i.read_collapse_hold_html)
    read_distance_absolute_set_display       0x00004135   Thumb Code     6  dependencies.o(i.read_distance_absolute_set_display)
    read_distance_after_trigger_display      0x00004141   Thumb Code    16  dependencies.o(i.read_distance_after_trigger_display)
    read_distance_display                    0x00004155   Thumb Code     6  dependencies.o(i.read_distance_display)
    read_distance_early_trigger_display      0x00004161   Thumb Code    16  dependencies.o(i.read_distance_early_trigger_display)
    read_distance_reached                    0x00004175   Thumb Code    18  dependencies.o(i.read_distance_reached)
    read_distance_reached_html               0x00004191   Thumb Code    14  dependencies.o(i.read_distance_reached_html)
    read_distance_relative_set_display       0x000041a5   Thumb Code     6  dependencies.o(i.read_distance_relative_set_display)
    read_distance_set_stage2_display         0x000041b1   Thumb Code    16  dependencies.o(i.read_distance_set_stage2_display)
    read_distance_travelled                  0x000041c5   Thumb Code    18  dependencies.o(i.read_distance_travelled)
    read_distance_travelled_html             0x000041e1   Thumb Code    14  dependencies.o(i.read_distance_travelled_html)
    read_encoder_speed_display               0x000041f5   Thumb Code    20  dependencies.o(i.read_encoder_speed_display)
    read_encoder_speed_history               0x00004211   Thumb Code    18  dependencies.o(i.read_encoder_speed_history)
    read_encoder_speed_history_html          0x0000422d   Thumb Code    14  dependencies.o(i.read_encoder_speed_history_html)
    read_energy_display                      0x00004241   Thumb Code    18  dependencies.o(i.read_energy_display)
    read_energy_display_html                 0x0000425d   Thumb Code    14  dependencies.o(i.read_energy_display_html)
    read_energy_set_display                  0x00004271   Thumb Code     6  dependencies.o(i.read_energy_set_display)
    read_energy_set_stage2_display           0x0000427d   Thumb Code    16  dependencies.o(i.read_energy_set_stage2_display)
    read_entered_main_page                   0x00004291   Thumb Code     6  dependencies.o(i.read_entered_main_page)
    read_force_display                       0x0000429d   Thumb Code     6  dependencies.o(i.read_force_display)
    read_force_set_display                   0x000042a9   Thumb Code     6  dependencies.o(i.read_force_set_display)
    read_freq_delta                          0x000042b5   Thumb Code    16  dependencies.o(i.read_freq_delta)
    read_freq_delta_html                     0x000042cd   Thumb Code    12  dependencies.o(i.read_freq_delta_html)
    read_freq_display                        0x000042dd   Thumb Code     6  dependencies.o(i.read_freq_display)
    read_freq_end                            0x000042e9   Thumb Code    18  dependencies.o(i.read_freq_end)
    read_freq_end_html                       0x00004305   Thumb Code    14  dependencies.o(i.read_freq_end_html)
    read_freq_max                            0x00004319   Thumb Code    18  dependencies.o(i.read_freq_max)
    read_freq_max_html                       0x00004335   Thumb Code    14  dependencies.o(i.read_freq_max_html)
    read_freq_min                            0x00004349   Thumb Code    18  dependencies.o(i.read_freq_min)
    read_freq_min_html                       0x00004365   Thumb Code    14  dependencies.o(i.read_freq_min_html)
    read_freq_start                          0x00004379   Thumb Code    18  dependencies.o(i.read_freq_start)
    read_freq_start_html                     0x00004395   Thumb Code    14  dependencies.o(i.read_freq_start_html)
    read_gnd_display                         0x000043a9   Thumb Code     6  dependencies.o(i.read_gnd_display)
    read_head_sweep_display                  0x000043b5   Thumb Code     6  dependencies.o(i.read_head_sweep_display)
    read_history_point_display               0x000043c1   Thumb Code     6  dependencies.o(i.read_history_point_display)
    read_history_point_set                   0x000043cd   Thumb Code     6  dependencies.o(i.read_history_point_set)
    read_hold_time_display                   0x000043d9   Thumb Code     6  dependencies.o(i.read_hold_time_display)
    read_mode_after_stage_display            0x000043e5   Thumb Code     6  dependencies.o(i.read_mode_after_stage_display)
    read_mode_early_stage_display            0x000043f1   Thumb Code     6  dependencies.o(i.read_mode_early_stage_display)
    read_mode_set                            0x000043fd   Thumb Code     6  dependencies.o(i.read_mode_set)
    read_overload_display                    0x00004409   Thumb Code     6  dependencies.o(i.read_overload_display)
    read_power_after_stage_display           0x00004415   Thumb Code     6  dependencies.o(i.read_power_after_stage_display)
    read_power_early_stage_display           0x00004421   Thumb Code     6  dependencies.o(i.read_power_early_stage_display)
    read_power_read_display                  0x0000442d   Thumb Code     6  dependencies.o(i.read_power_read_display)
    read_power_set_stage2_display            0x00004439   Thumb Code    16  dependencies.o(i.read_power_set_stage2_display)
    read_power_stage_one_display             0x0000444d   Thumb Code     6  dependencies.o(i.read_power_stage_one_display)
    read_pressure_display                    0x00004459   Thumb Code     6  dependencies.o(i.read_pressure_display)
    read_resonance_frequency                 0x00004465   Thumb Code     6  dependencies.o(i.read_resonance_frequency)
    read_stage2_mode_address_display         0x00004471   Thumb Code     6  dependencies.o(i.read_stage2_mode_address_display)
    read_stage2_mode_address_set             0x0000447d   Thumb Code     6  dependencies.o(i.read_stage2_mode_address_set)
    read_time_after_trigger_display          0x00004489   Thumb Code    16  dependencies.o(i.read_time_after_trigger_display)
    read_time_early_trigger_display          0x0000449d   Thumb Code    16  dependencies.o(i.read_time_early_trigger_display)
    read_time_on                             0x000044b1   Thumb Code    18  dependencies.o(i.read_time_on)
    read_time_on_after_stage_display         0x000044cd   Thumb Code     6  dependencies.o(i.read_time_on_after_stage_display)
    read_time_on_html                        0x000044d9   Thumb Code    14  dependencies.o(i.read_time_on_html)
    read_time_set_stage2_display             0x000044ed   Thumb Code    16  dependencies.o(i.read_time_set_stage2_display)
    read_time_set_stage_one_display          0x00004501   Thumb Code     6  dependencies.o(i.read_time_set_stage_one_display)
    read_timeout_occured                     0x0000450d   Thumb Code     6  dependencies.o(i.read_timeout_occured)
    read_timeout_set_display                 0x00004519   Thumb Code     6  dependencies.o(i.read_timeout_set_display)
    read_total_time_display                  0x00004525   Thumb Code    18  dependencies.o(i.read_total_time_display)
    read_total_time_display_html             0x00004541   Thumb Code    14  dependencies.o(i.read_total_time_display_html)
    read_two_hand_alarm                      0x00004555   Thumb Code     6  dependencies.o(i.read_two_hand_alarm)
    send_response                            0x00004561   Thumb Code    52  webserver.o(i.send_response)
    uip_add32                                0x00004649   Thumb Code    90  uip_arch.o(i.uip_add32)
    uip_arp_arpin                            0x000046d5   Thumb Code   134  uip_arp.o(i.uip_arp_arpin)
    uip_arp_ipin                             0x0000476d   Thumb Code    60  uip_arp.o(i.uip_arp_ipin)
    uip_arp_out                              0x000047b9   Thumb Code   262  uip_arp.o(i.uip_arp_out)
    uip_arp_timer                            0x000048e1   Thumb Code    58  uip_arp.o(i.uip_arp_timer)
    uip_chksum                               0x000049d5   Thumb Code    66  uip_arch.o(i.uip_chksum)
    uip_ipchksum                             0x00004a19   Thumb Code     8  uip_arch.o(i.uip_ipchksum)
    uip_listen                               0x00004a25   Thumb Code    38  uip.o(i.uip_listen)
    uip_process                              0x00004a55   Thumb Code  2260  uip.o(i.uip_process)
    uip_read                                 0x00005335   Thumb Code    72  webserver.o(i.uip_read)
    uip_tcpchksum                            0x0000538d   Thumb Code   168  uip_arch.o(i.uip_tcpchksum)
    uip_write                                0x0000543d   Thumb Code    48  webserver.o(i.uip_write)
    update_parameter_setting_page_1          0x0000547d   Thumb Code   250  webserver.o(i.update_parameter_setting_page_1)
    update_parameter_setting_page_2          0x000055c9   Thumb Code    32  webserver.o(i.update_parameter_setting_page_2)
    update_parameter_setting_page_post_vib   0x000055f5   Thumb Code   142  webserver.o(i.update_parameter_setting_page_post_vib)
    update_parameter_setting_page_pre_vib    0x000056c5   Thumb Code   116  webserver.o(i.update_parameter_setting_page_pre_vib)
    update_parameter_setting_page_seg_vib    0x00005765   Thumb Code   176  webserver.o(i.update_parameter_setting_page_seg_vib)
    webserver_init                           0x00005845   Thumb Code   210  webserver.o(i.webserver_init)
    webserver_loop                           0x0000593d   Thumb Code   148  webserver.o(i.webserver_loop)
    write_amplitudeA_set_stage2              0x000059e1   Thumb Code     6  dependencies.o(i.write_amplitudeA_set_stage2)
    write_amplitudeB_set_stage2              0x000059ed   Thumb Code     6  dependencies.o(i.write_amplitudeB_set_stage2)
    write_amplitude_head_test_set            0x000059f9   Thumb Code     6  dependencies.o(i.write_amplitude_head_test_set)
    write_amplitude_set                      0x00005a05   Thumb Code     6  dependencies.o(i.write_amplitude_set)
    write_button_test                        0x00005a11   Thumb Code     6  dependencies.o(i.write_button_test)
    write_distance_absolute_set              0x00005a1d   Thumb Code     6  dependencies.o(i.write_distance_absolute_set)
    write_distance_after_trigger_set         0x00005a29   Thumb Code     6  dependencies.o(i.write_distance_after_trigger_set)
    write_distance_early_trigger_set         0x00005a35   Thumb Code     6  dependencies.o(i.write_distance_early_trigger_set)
    write_distance_relative_set              0x00005a41   Thumb Code     6  dependencies.o(i.write_distance_relative_set)
    write_distance_set_stage2                0x00005a4d   Thumb Code     6  dependencies.o(i.write_distance_set_stage2)
    write_energy_set                         0x00005a59   Thumb Code     6  dependencies.o(i.write_energy_set)
    write_energy_set_stage2                  0x00005a65   Thumb Code     6  dependencies.o(i.write_energy_set_stage2)
    write_entered_main_page                  0x00005a71   Thumb Code     6  dependencies.o(i.write_entered_main_page)
    write_force_set                          0x00005a7d   Thumb Code     6  dependencies.o(i.write_force_set)
    write_gnd_set                            0x00005a89   Thumb Code     6  dependencies.o(i.write_gnd_set)
    write_head_sweep_set                     0x00005a95   Thumb Code     6  dependencies.o(i.write_head_sweep_set)
    write_head_up_set                        0x00005aa1   Thumb Code     6  dependencies.o(i.write_head_up_set)
    write_history_point_set                  0x00005aad   Thumb Code    22  dependencies.o(i.write_history_point_set)
    write_hold_time_set                      0x00005acd   Thumb Code     6  dependencies.o(i.write_hold_time_set)
    write_mode_after_stage_set               0x00005ad9   Thumb Code     6  dependencies.o(i.write_mode_after_stage_set)
    write_mode_early_stage_set               0x00005ae5   Thumb Code     6  dependencies.o(i.write_mode_early_stage_set)
    write_mode_set                           0x00005af1   Thumb Code     6  dependencies.o(i.write_mode_set)
    write_power_after_stage_set              0x00005afd   Thumb Code     6  dependencies.o(i.write_power_after_stage_set)
    write_power_early_stage_set              0x00005b09   Thumb Code     6  dependencies.o(i.write_power_early_stage_set)
    write_power_set_stage2                   0x00005b15   Thumb Code     6  dependencies.o(i.write_power_set_stage2)
    write_power_stage_one_set                0x00005b21   Thumb Code     6  dependencies.o(i.write_power_stage_one_set)
    write_stage2_mode_address_set            0x00005b2d   Thumb Code     6  dependencies.o(i.write_stage2_mode_address_set)
    write_time_after_trigger_set             0x00005b39   Thumb Code     6  dependencies.o(i.write_time_after_trigger_set)
    write_time_early_trigger_set             0x00005b45   Thumb Code     6  dependencies.o(i.write_time_early_trigger_set)
    write_time_on_after_stage_set            0x00005b51   Thumb Code     6  dependencies.o(i.write_time_on_after_stage_set)
    write_time_set_stage2                    0x00005b5d   Thumb Code     6  dependencies.o(i.write_time_set_stage2)
    write_time_set_stage_one_set             0x00005b69   Thumb Code     6  dependencies.o(i.write_time_set_stage_one_set)
    write_timeout_set                        0x00005b75   Thumb Code     6  dependencies.o(i.write_timeout_set)
    favicon_hex                              0x00005b80   Data        1150  webserver.o(.constdata)
    login_hex                                0x00005ffe   Data         999  webserver.o(.constdata)
    main_page_1_hex                          0x000063e5   Data         665  webserver.o(.constdata)
    common_css_hex                           0x0000667e   Data        1844  webserver.o(.constdata)
    store_and_load_css_hex                   0x00006db2   Data        1306  webserver.o(.constdata)
    system_information_css_hex               0x000072cc   Data         858  webserver.o(.constdata)
    html_header_file_size                    0x00007628   Data          76  webserver.o(.constdata)
    driver_correction_hex                    0x00007674   Data         905  webserver.o(.constdata)
    main_page_2_hex                          0x000079fd   Data         805  webserver.o(.constdata)
    observe_current_parameter_1_hex          0x00007d22   Data        2260  webserver.o(.constdata)
    observe_current_parameter_2_hex          0x000085f6   Data        1174  webserver.o(.constdata)
    observe_current_parameter_3_hex          0x00008a8c   Data        1230  webserver.o(.constdata)
    observe_current_parameter_4_hex          0x00008f5a   Data        1054  webserver.o(.constdata)
    observe_current_parameter_5_hex          0x00009378   Data         810  webserver.o(.constdata)
    parameter_setting_page_1_hex             0x000096a2   Data        2734  webserver.o(.constdata)
    parameter_setting_page_2_hex             0x0000a150   Data        1584  webserver.o(.constdata)
    parameter_setting_page_sec_vib_hex       0x0000a780   Data        1516  webserver.o(.constdata)
    post_vib_hex                             0x0000ad6c   Data        2035  webserver.o(.constdata)
    pre_vib_hex                              0x0000b55f   Data        2005  webserver.o(.constdata)
    store_and_load_hex                       0x0000bd34   Data        1406  webserver.o(.constdata)
    system_configuration_hex                 0x0000c2b2   Data         620  webserver.o(.constdata)
    system_information_hex                   0x0000c51e   Data        1088  webserver.o(.constdata)
    welding_head_diagnosis_hex               0x0000c95e   Data        1063  webserver.o(.constdata)
    welding_head_drop_hex                    0x0000cd85   Data        1245  webserver.o(.constdata)
    welding_record_hex                       0x0000d262   Data        1545  webserver.o(.constdata)
    __ctype_table                            0x0000d8bc   Data         129  ctype_o.o(.constdata)
    Region$$Table$$Base                      0x0000df58   Number         0  anon$$obj.o(Region$$Table)
    Region$$Table$$Limit                     0x0000df78   Number         0  anon$$obj.o(Region$$Table)
    SystemCoreClock                          0x20000000   Data           4  system_m480.o(.data)
    CyclesPerUs                              0x20000004   Data           4  system_m480.o(.data)
    PllClock                                 0x20000008   Data           4  system_m480.o(.data)
    gau32ClkSrcTbl                           0x2000000c   Data          32  system_m480.o(.data)
    header                                   0x2000002c   Data           3  main.o(.data)
    timeout_sent                             0x20000030   Data           4  main.o(.data)
    broken_sent                              0x20000034   Data           4  main.o(.data)
    broken_count                             0x20000038   Data           4  main.o(.data)
    prev_overload                            0x2000003c   Data           4  main.o(.data)
    prev2_overload                           0x20000040   Data           4  main.o(.data)
    prev3_overload                           0x20000044   Data           4  main.o(.data)
    flag_pass_authentication                 0x20000048   Data           1  webserver.o(.data)
    flag_post_continuation                   0x20000049   Data           1  webserver.o(.data)
    flag_post_to_login_continuation          0x2000004a   Data           1  webserver.o(.data)
    flag_post_appdata_found_json             0x2000004b   Data           1  webserver.o(.data)
    flag_check_password                      0x2000004c   Data           1  webserver.o(.data)
    flag_chunked_transfer                    0x2000004d   Data           1  webserver.o(.data)
    post_to_modify_parameter                 0x2000004e   Data           1  webserver.o(.data)
    LOGIN_KEY                                0x20000050   Data           4  webserver.o(.data)
    LOGIN_PASSWORD                           0x20000054   Data           4  webserver.o(.data)
    JSON_PARAMETER_SETTING_PAGE_1            0x20000058   Data           4  webserver.o(.data)
    JSON_PARAMETER_SETTING_PAGE_2            0x2000005c   Data           4  webserver.o(.data)
    JSON_PARAMETER_SETTING_PAGE_SEC_VIB      0x20000060   Data           4  webserver.o(.data)
    JSON_PARAMETER_SETTING_PAGE_POST_VIB     0x20000064   Data           4  webserver.o(.data)
    JSON_PARAMETER_SETTING_PAGE_PRE_VIB      0x20000068   Data           4  webserver.o(.data)
    transfer_ptr                             0x2000006c   Data           4  webserver.o(.data)
    transfer_len                             0x20000070   Data           4  webserver.o(.data)
    curTime                                  0x20000074   Data           4  webserver.o(.data)
    prevTime                                 0x20000078   Data           4  webserver.o(.data)
    u32PktLen                                0x2000007c   Data           4  webserver.o(.data)
    ethaddr                                  0x20000080   Data           6  webserver.o(.data)
    http_header_array                        0x20000088   Data          28  webserver.o(.data)
    html_filename_array                      0x200000a4   Data          76  webserver.o(.data)
    html_header_file_array                   0x200000f0   Data          76  webserver.o(.data)
    input_address                            0x2000017c   Data           1  dependencies.o(.data)
    display_page                             0x2000017d   Data           1  dependencies.o(.data)
    Freq_init                                0x2000017e   Data           1  dependencies.o(.data)
    theta                                    0x2000017f   Data           1  dependencies.o(.data)
    sweep_on_rx                              0x20000180   Data           1  dependencies.o(.data)
    crc_check                                0x20000181   Data           1  dependencies.o(.data)
    crc_display                              0x20000182   Data           1  dependencies.o(.data)
    FPGA_length                              0x20000184   Data           2  dependencies.o(.data)
    FPGA_address                             0x20000186   Data           2  dependencies.o(.data)
    i                                        0x20000188   Data           4  dependencies.o(.data)
    g_i32pointer                             0x2000018c   Data           4  dependencies.o(.data)
    amplitude_set                            0x20000190   Data           4  dependencies.o(.data)
    force_set                                0x20000194   Data           4  dependencies.o(.data)
    timeout_set                              0x20000198   Data           4  dependencies.o(.data)
    hold_time_set                            0x2000019c   Data           4  dependencies.o(.data)
    amplitude_head_test_set                  0x200001a0   Data           4  dependencies.o(.data)
    distance_relative_set                    0x200001a4   Data           4  dependencies.o(.data)
    time_set_stage_one_set                   0x200001a8   Data           4  dependencies.o(.data)
    energy_set                               0x200001ac   Data           4  dependencies.o(.data)
    mode_set                                 0x200001b0   Data           4  dependencies.o(.data)
    power_stage_one_set                      0x200001b4   Data           4  dependencies.o(.data)
    amplitudeB_set_stage2                    0x200001b8   Data           4  dependencies.o(.data)
    power_early_stage_set                    0x200001bc   Data           4  dependencies.o(.data)
    time_early_trigger_set                   0x200001c0   Data           4  dependencies.o(.data)
    distance_early_trigger_set               0x200001c4   Data           4  dependencies.o(.data)
    power_after_stage_set                    0x200001c8   Data           4  dependencies.o(.data)
    time_after_trigger_set                   0x200001cc   Data           4  dependencies.o(.data)
    distance_after_trigger_set               0x200001d0   Data           4  dependencies.o(.data)
    time_on_after_stage_set                  0x200001d4   Data           4  dependencies.o(.data)
    timeout_occured                          0x200001d8   Data           4  dependencies.o(.data)
    history_point_display                    0x200001dc   Data           4  dependencies.o(.data)
    broken_transducer                        0x200001e0   Data           4  dependencies.o(.data)
    entered_main                             0x200001e4   Data           4  dependencies.o(.data)
    g_i32pointer_0                           0x200001e8   Data           4  dependencies.o(.data)
    amplitude_set_display                    0x200001ec   Data           4  dependencies.o(.data)
    freq_display                             0x200001f0   Data           4  dependencies.o(.data)
    timeout_set_display                      0x200001f4   Data           4  dependencies.o(.data)
    force_set_display                        0x200001f8   Data           4  dependencies.o(.data)
    standby                                  0x200001fc   Data           4  dependencies.o(.data)
    hold_time_display                        0x20000200   Data           4  dependencies.o(.data)
    distance_absolute_set_display            0x20000204   Data           4  dependencies.o(.data)
    distance_relative_set_display            0x20000208   Data           4  dependencies.o(.data)
    energy_set_display                       0x2000020c   Data           4  dependencies.o(.data)
    time_set_stage_one_display               0x20000210   Data           4  dependencies.o(.data)
    power_stage_one_display                  0x20000214   Data           4  dependencies.o(.data)
    distance_absolute_set                    0x20000218   Data           4  dependencies.o(.data)
    gnd_set                                  0x2000021c   Data           4  dependencies.o(.data)
    gnd_display                              0x20000220   Data           4  dependencies.o(.data)
    time_set_stage2                          0x20000224   Data           4  dependencies.o(.data)
    distance_set_stage2                      0x20000228   Data           4  dependencies.o(.data)
    energy_set_stage2                        0x2000022c   Data           4  dependencies.o(.data)
    power_set_stage2                         0x20000230   Data           4  dependencies.o(.data)
    amplitudeB_set_stage2_display            0x20000234   Data           4  dependencies.o(.data)
    stage2_mode_address_set                  0x20000238   Data           4  dependencies.o(.data)
    stage2_mode_value_display                0x2000023c   Data           4  dependencies.o(.data)
    stage2_mode_address_display              0x20000240   Data           4  dependencies.o(.data)
    power_early_stage_display                0x20000244   Data           4  dependencies.o(.data)
    mode_early_stage_display                 0x20000248   Data           4  dependencies.o(.data)
    value_early_stage_display                0x2000024c   Data           4  dependencies.o(.data)
    mode_early_stage_set                     0x20000250   Data           4  dependencies.o(.data)
    power_after_stage_display                0x20000254   Data           4  dependencies.o(.data)
    mode_after_stage_display                 0x20000258   Data           4  dependencies.o(.data)
    value_after_stage_display                0x2000025c   Data           4  dependencies.o(.data)
    time_on_after_stage_display              0x20000260   Data           4  dependencies.o(.data)
    mode_after_stage_set                     0x20000264   Data           4  dependencies.o(.data)
    current_display                          0x20000268   Data           4  dependencies.o(.data)
    power_read_display                       0x2000026c   Data           4  dependencies.o(.data)
    force_display                            0x20000270   Data           4  dependencies.o(.data)
    distance_display                         0x20000274   Data           4  dependencies.o(.data)
    energy_display                           0x20000278   Data           4  dependencies.o(.data)
    pressure_display                         0x2000027c   Data           4  dependencies.o(.data)
    overload_display                         0x20000280   Data           4  dependencies.o(.data)
    total_time_display                       0x20000284   Data           4  dependencies.o(.data)
    freq_min                                 0x20000288   Data           4  dependencies.o(.data)
    freq_max                                 0x2000028c   Data           4  dependencies.o(.data)
    freq_start                               0x20000290   Data           4  dependencies.o(.data)
    freq_end                                 0x20000294   Data           4  dependencies.o(.data)
    F_start                                  0x20000298   Data           4  dependencies.o(.data)
    F_max                                    0x2000029c   Data           4  dependencies.o(.data)
    P_max                                    0x200002a0   Data           4  dependencies.o(.data)
    distance_travelled                       0x200002a4   Data           4  dependencies.o(.data)
    time_on                                  0x200002a8   Data           4  dependencies.o(.data)
    distance_reached                         0x200002ac   Data           4  dependencies.o(.data)
    distance_hold                            0x200002b0   Data           4  dependencies.o(.data)
    encoder_speed_display                    0x200002b4   Data           4  dependencies.o(.data)
    history_point_set                        0x200002b8   Data           4  dependencies.o(.data)
    avg_power                                0x200002bc   Data           4  dependencies.o(.data)
    two_hand_alarm                           0x200002c0   Data           4  dependencies.o(.data)
    head_sweep_display                       0x200002c4   Data           4  dependencies.o(.data)
    head_sweep_set                           0x200002c8   Data           4  dependencies.o(.data)
    anti_resonance_frequency                 0x200002cc   Data           4  dependencies.o(.data)
    resonance_frequency                      0x200002d0   Data           4  dependencies.o(.data)
    button_test_set                          0x200002d4   Data           4  dependencies.o(.data)
    button_test_display                      0x200002d8   Data           4  dependencies.o(.data)
    head_up_set                              0x200002dc   Data           4  dependencies.o(.data)
    power_points                             0x200002e0   Data           4  dependencies.o(.data)
    power_accum                              0x200002e4   Data           4  dependencies.o(.data)
    prev_history_point                       0x200002e8   Data           4  dependencies.o(.data)
    temp_point                               0x200002ec   Data           4  dependencies.o(.data)
    relay_display                            0x200002f0   Data           4  dependencies.o(.data)
    temp_power_stage_one_set                 0x200002f4   Data           4  dependencies.o(.data)
    temp_distance_relative_set               0x200002f8   Data           4  dependencies.o(.data)
    temp_distance_absolute_set               0x200002fc   Data           4  dependencies.o(.data)
    temp_energy_set                          0x20000300   Data           4  dependencies.o(.data)
    temp_time_set_stage_one_set              0x20000304   Data           4  dependencies.o(.data)
    temp_timeout_set                         0x20000308   Data           4  dependencies.o(.data)
    temp_value_mode_stage2                   0x2000030c   Data           4  dependencies.o(.data)
    temp_value_early_stage_set               0x20000310   Data           4  dependencies.o(.data)
    temp_value_after_stage_set               0x20000314   Data           4  dependencies.o(.data)
    temp_stage2_address                      0x20000318   Data           4  dependencies.o(.data)
    temp_early_stage_address                 0x2000031c   Data           4  dependencies.o(.data)
    temp_after_stage_address                 0x20000320   Data           4  dependencies.o(.data)
    temp_amplitude_set                       0x20000324   Data           4  dependencies.o(.data)
    temp_gnd_set                             0x20000328   Data           4  dependencies.o(.data)
    sweep_status                             0x2000032c   Data           4  dependencies.o(.data)
    time_wait                                0x20000330   Data           4  dependencies.o(.data)
    display_input_command                    0x20000334   Data           5  dependencies.o(.data)
    one_array_temp                           0x2000033c   Data           1  mcu_display_control.o(.data)
    three_array_temp                         0x2000033d   Data           3  mcu_display_control.o(.data)
    freq_delta                               0x20000340   Data           4  mcu_display_control.o(.data)
    freq_delta_abs                           0x20000344   Data           4  mcu_display_control.o(.data)
    test                                     0x20000348   Data           4  mcu_display_control.o(.data)
    bcd_array                                0x2000034c   Data           5  mcu_display_control.o(.data)
    display_page_2_freq_start                0x20000351   Data           7  mcu_display_control.o(.data)
    display_page_2_freq_end                  0x20000358   Data           7  mcu_display_control.o(.data)
    display_page_2_freq_max                  0x2000035f   Data           7  mcu_display_control.o(.data)
    display_page_2_freq_min                  0x20000366   Data           7  mcu_display_control.o(.data)
    display_page_2_P_max                     0x2000036d   Data           7  mcu_display_control.o(.data)
    display_page_2_P_avg                     0x20000374   Data           7  mcu_display_control.o(.data)
    display_page_2_energy                    0x2000037b   Data           7  mcu_display_control.o(.data)
    display_page_2_F_start                   0x20000382   Data           7  mcu_display_control.o(.data)
    display_page_2_F_set                     0x20000389   Data           7  mcu_display_control.o(.data)
    display_page_2_total_time                0x20000390   Data           7  mcu_display_control.o(.data)
    display_page_2_encoder_speed             0x20000397   Data           7  mcu_display_control.o(.data)
    display_page_head_test_power_read        0x2000039e   Data           7  mcu_display_control.o(.data)
    display_page_head_test_freq_read         0x200003a5   Data           7  mcu_display_control.o(.data)
    display_page_head_diagnosis_anti         0x200003ac   Data           7  mcu_display_control.o(.data)
    display_page_head_diagnosis_res          0x200003b3   Data           7  mcu_display_control.o(.data)
    display_page_2_F_max                     0x200003ba   Data           8  mcu_display_control.o(.data)
    display_main_01                          0x200003c2   Data          15  mcu_display_control.o(.data)
    display_page_setting_1_time              0x200003d1   Data          60  mcu_display_control.o(.data)
    display_page_setting_1_gnd               0x2000040d   Data          60  mcu_display_control.o(.data)
    display_page_setting_1_dist_rel          0x20000449   Data          61  mcu_display_control.o(.data)
    display_page_setting_1_dist_abs          0x20000486   Data          61  mcu_display_control.o(.data)
    display_page_setting_1_power             0x200004c3   Data          81  mcu_display_control.o(.data)
    display_page_setting_1_dist_energy       0x20000514   Data          60  mcu_display_control.o(.data)
    display_page_setting_1_trigger_val       0x20000550   Data          10  mcu_display_control.o(.data)
    display_page_setting_1_force_set         0x2000055a   Data          18  mcu_display_control.o(.data)
    display_page_setting_1_power_set         0x2000056c   Data          12  mcu_display_control.o(.data)
    display_page_setting_1_hold_time_set     0x20000578   Data          14  mcu_display_control.o(.data)
    display_page_lock_freq                   0x20000586   Data          17  mcu_display_control.o(.data)
    display_page_setting_1_two_stages        0x20000597   Data          57  mcu_display_control.o(.data)
    display_page_setting_1_one_stage         0x200005d0   Data          57  mcu_display_control.o(.data)
    display_page_setting_1_early_on          0x20000609   Data          21  mcu_display_control.o(.data)
    display_page_setting_1_early_off         0x2000061e   Data          21  mcu_display_control.o(.data)
    display_page_setting_1_after_on          0x20000633   Data          23  mcu_display_control.o(.data)
    display_page_setting_1_after_off         0x2000064a   Data          23  mcu_display_control.o(.data)
    page_overload                            0x20000661   Data          16  mcu_display_control.o(.data)
    page_timeout                             0x20000671   Data          15  mcu_display_control.o(.data)
    page_broken                              0x20000680   Data          14  mcu_display_control.o(.data)
    page_two_hand_alarm                      0x2000068e   Data          16  mcu_display_control.o(.data)
    display_page_setting_2_timeout           0x2000069e   Data          15  mcu_display_control.o(.data)
    display_page_SectionVib_nstage2          0x200006ad   Data          17  mcu_display_control.o(.data)
    display_page_SectionVib_amplitudeA_stage2 0x200006be   Data          13  mcu_display_control.o(.data)
    display_page_SectionVib_amplitudeB_stage2 0x200006cb   Data          13  mcu_display_control.o(.data)
    display_page_head_down_pressure          0x200006d8   Data           9  mcu_display_control.o(.data)
    display_page_head_down_force_read        0x200006e1   Data           9  mcu_display_control.o(.data)
    display_page_head_down_distance_read     0x200006ea   Data          14  mcu_display_control.o(.data)
    display_page_head_down_speed             0x200006f8   Data          11  mcu_display_control.o(.data)
    display_page_2_time_on                   0x20000703   Data           9  mcu_display_control.o(.data)
    display_page_2_distance_travelled        0x2000070c   Data           9  mcu_display_control.o(.data)
    display_page_2_distance_absolute         0x20000715   Data           9  mcu_display_control.o(.data)
    display_page_2_absolute_hold             0x2000071e   Data           9  mcu_display_control.o(.data)
    display_page_2_collapse_hold             0x20000727   Data           9  mcu_display_control.o(.data)
    display_page_2_freq_delta                0x20000730   Data           9  mcu_display_control.o(.data)
    display_page_2_data_point                0x20000739   Data           9  mcu_display_control.o(.data)
    display_page_head_test_power_set         0x20000742   Data          12  mcu_display_control.o(.data)
    display_page_early_after_mode            0x2000074e   Data          17  mcu_display_control.o(.data)
    display_page_early_after_value           0x2000075f   Data          10  mcu_display_control.o(.data)
    display_page_early_after_ampli           0x20000769   Data          15  mcu_display_control.o(.data)
    display_page_after_time_on               0x20000778   Data          18  mcu_display_control.o(.data)
    display_page_head_diagnosis_on           0x2000078a   Data          24  mcu_display_control.o(.data)
    display_page_head_diagnosis_off          0x200007a2   Data          26  mcu_display_control.o(.data)
    g_CLK_i32ErrCode                         0x200007bc   Data           4  clk.o(.data)
    g_EMAC_i32ErrCode                        0x200007c0   Data           4  emac.o(.data)
    __stdout                                 0x200007d4   Data           4  retarget.o(.data)
    uip_urglen                               0x200007d8   Data           1  uip.o(.data)
    uip_flags                                0x200007d9   Data           1  uip.o(.data)
    uip_len                                  0x200007dc   Data           2  uip.o(.data)
    uip_slen                                 0x200007de   Data           2  uip.o(.data)
    uip_hostaddr                             0x200007e6   Data           4  uip.o(.data)
    uip_appdata                              0x200007ec   Data           4  uip.o(.data)
    uip_sappdata                             0x200007f0   Data           4  uip.o(.data)
    uip_urgdata                              0x200007f4   Data           4  uip.o(.data)
    uip_conn                                 0x200007f8   Data           4  uip.o(.data)
    uip_acc32                                0x20000800   Data           4  uip.o(.data)
    uip_arp_draddr                           0x20000804   Data           4  uip.o(.data)
    uip_arp_netmask                          0x20000808   Data           4  uip.o(.data)
    uip_ethaddr                              0x20000814   Data           6  uip_arp.o(.data)
    http_output_buf                          0x20000920   Data        2048  webserver.o(.bss)
    http_table_buf                           0x20001120   Data        2048  webserver.o(.bss)
    g_u8RecData                              0x200024f4   Data         256  dependencies.o(.bss)
    history_record_array                     0x200025f4   Data       18360  dependencies.o(.bss)
    FPGA_input                               0x20006dac   Data          85  dependencies.o(.bss)
    uip_buf                                  0x20009e44   Data        1516  uip.o(.bss)
    uip_conns                                0x2000a430   Data         400  uip.o(.bss)
    uip_listenports                          0x2000a5c0   Data          20  uip.o(.bss)
    uip_stat                                 0x2000a5d4   Data          44  uip.o(.bss)
    __initial_sp                             0x2000ae60   Data           0  startup_m480.o(STACK)



==============================================================================

Memory Map of the image

  Image Entry point : 0x00000229

  Load Region LR_1 (Base: 0x00000000, Size: 0x0000e798, Max: 0xffffffff, ABSOLUTE, COMPRESSED[0x0000e298])

    Execution Region ER_RO (Exec base: 0x00000000, Load base: 0x00000000, Size: 0x0000df78, Max: 0xffffffff, ABSOLUTE)

    Exec Addr    Load Addr    Size         Type   Attr      Idx    E Section Name        Object

    0x00000000   0x00000000   0x000001f4   Data   RO          327    RESET               startup_m480.o
    0x000001f4   0x000001f4   0x00000000   Code   RO         2756  * .ARM.Collect$$$$00000000  mc_w.l(entry.o)
    0x000001f4   0x000001f4   0x00000004   Code   RO         3046    .ARM.Collect$$$$00000001  mc_w.l(entry2.o)
    0x000001f8   0x000001f8   0x00000004   Code   RO         3049    .ARM.Collect$$$$00000004  mc_w.l(entry5.o)
    0x000001fc   0x000001fc   0x00000000   Code   RO         3051    .ARM.Collect$$$$00000008  mc_w.l(entry7b.o)
    0x000001fc   0x000001fc   0x00000000   Code   RO         3053    .ARM.Collect$$$$0000000A  mc_w.l(entry8b.o)
    0x000001fc   0x000001fc   0x00000008   Code   RO         3054    .ARM.Collect$$$$0000000B  mc_w.l(entry9a.o)
    0x00000204   0x00000204   0x00000004   Code   RO         3061    .ARM.Collect$$$$0000000E  mc_w.l(entry12b.o)
    0x00000208   0x00000208   0x00000000   Code   RO         3056    .ARM.Collect$$$$0000000F  mc_w.l(entry10a.o)
    0x00000208   0x00000208   0x00000000   Code   RO         3058    .ARM.Collect$$$$00000011  mc_w.l(entry11a.o)
    0x00000208   0x00000208   0x00000004   Code   RO         3047    .ARM.Collect$$$$00002712  mc_w.l(entry2.o)
    0x0000020c   0x0000020c   0x0000001c   Code   RO         2524    .emb_text           retarget.o
    0x00000228   0x00000228   0x00000068   Code   RO          328  * .text               startup_m480.o
    0x00000290   0x00000290   0x00000062   Code   RO         2761    .text               mc_w.l(uldiv.o)
    0x000002f2   0x000002f2   0x00000024   Code   RO         2763    .text               mc_w.l(memcpya.o)
    0x00000316   0x00000316   0x00000024   Code   RO         2765    .text               mc_w.l(memseta.o)
    0x0000033a   0x0000033a   0x0000000e   Code   RO         2767    .text               mc_w.l(strlen.o)
    0x00000348   0x00000348   0x0000001e   Code   RO         2771    .text               mc_w.l(strncmp.o)
    0x00000366   0x00000366   0x0000001a   Code   RO         3036    .text               mc_w.l(atoi.o)
    0x00000380   0x00000380   0x0000001e   Code   RO         3064    .text               mc_w.l(llshl.o)
    0x0000039e   0x0000039e   0x00000020   Code   RO         3066    .text               mc_w.l(llushr.o)
    0x000003be   0x000003be   0x00000070   Code   RO         3075    .text               mc_w.l(strtol.o)
    0x0000042e   0x0000042e   0x00000002   PAD
    0x00000430   0x00000430   0x00000024   Code   RO         3086    .text               mc_w.l(init.o)
    0x00000454   0x00000454   0x00000008   Code   RO         3090    .text               mc_w.l(ctype_o.o)
    0x0000045c   0x0000045c   0x0000009e   Code   RO         3118    .text               mc_w.l(_strtoul.o)
    0x000004fa   0x000004fa   0x0000001c   Code   RO         3120    .text               mc_w.l(_chval.o)
    0x00000516   0x00000516   0x00000056   Code   RO         3130    .text               mc_w.l(__dczerorl2.o)
    0x0000056c   0x0000056c   0x00000012   Code   RO         1781    i.CLK_DisablePLL    clk.o
    0x0000057e   0x0000057e   0x00000002   PAD
    0x00000580   0x00000580   0x0000001c   Code   RO         1786    i.CLK_EnableModuleClock  clk.o
    0x0000059c   0x0000059c   0x00000154   Code   RO         1787    i.CLK_EnablePLL     clk.o
    0x000006f0   0x000006f0   0x00000064   Code   RO         1797    i.CLK_GetPCLK0Freq  clk.o
    0x00000754   0x00000754   0x00000068   Code   RO         1798    i.CLK_GetPCLK1Freq  clk.o
    0x000007bc   0x000007bc   0x00000050   Code   RO         1799    i.CLK_GetPLLClockFreq  clk.o
    0x0000080c   0x0000080c   0x00000084   Code   RO         1803    i.CLK_SetCoreClock  clk.o
    0x00000890   0x00000890   0x00000062   Code   RO         1804    i.CLK_SetHCLK       clk.o
    0x000008f2   0x000008f2   0x00000002   PAD
    0x000008f4   0x000008f4   0x00000094   Code   RO         1805    i.CLK_SetModuleClock  clk.o
    0x00000988   0x00000988   0x0000003c   Code   RO         1808    i.CLK_WaitClockReady  clk.o
    0x000009c4   0x000009c4   0x00000038   Code   RO         1989    i.EMAC_EnableCamEntry  emac.o
    0x000009fc   0x000009fc   0x0000004c   Code   RO         1994    i.EMAC_MdioRead     emac.o
    0x00000a48   0x00000a48   0x00000050   Code   RO         1995    i.EMAC_MdioWrite    emac.o
    0x00000a98   0x00000a98   0x0000003c   Code   RO         1997    i.EMAC_Open         emac.o
    0x00000ad4   0x00000ad4   0x00000100   Code   RO         1998    i.EMAC_PhyInit      emac.o
    0x00000bd4   0x00000bd4   0x00000020   Code   RO          389    i.EMAC_RX_IRQHandler  webserver.o
    0x00000bf4   0x00000bf4   0x00000040   Code   RO         1999    i.EMAC_RecvPkt      emac.o
    0x00000c34   0x00000c34   0x0000002c   Code   RO         2000    i.EMAC_RecvPktDone  emac.o
    0x00000c60   0x00000c60   0x00000064   Code   RO         2003    i.EMAC_RxDescInit   emac.o
    0x00000cc4   0x00000cc4   0x00000040   Code   RO         2004    i.EMAC_SendPkt      emac.o
    0x00000d04   0x00000d04   0x00000050   Code   RO         2005    i.EMAC_SendPktDone  emac.o
    0x00000d54   0x00000d54   0x00000008   Code   RO         2008    i.EMAC_SetMacAddr   emac.o
    0x00000d5c   0x00000d5c   0x00000004   Code   RO          390    i.EMAC_TX_IRQHandler  webserver.o
    0x00000d60   0x00000d60   0x00000070   Code   RO         2011    i.EMAC_TxDescInit   emac.o
    0x00000dd0   0x00000dd0   0x0000002c   Code   RO         2188    i.GPIO_SetMode      gpio.o
    0x00000dfc   0x00000dfc   0x00000028   Code   RO         2525    i.Hard_Fault_Handler  retarget.o
    0x00000e24   0x00000e24   0x00000016   Code   RO          391    i.NVIC_EnableIRQ    webserver.o
    0x00000e3a   0x00000e3a   0x00000016   Code   RO          819    i.NVIC_EnableIRQ    dependencies.o
    0x00000e50   0x00000e50   0x000000dc   Code   RO          820    i.SYS_Init          dependencies.o
    0x00000f2c   0x00000f2c   0x00000020   Code   RO         2527    i.SendChar          retarget.o
    0x00000f4c   0x00000f4c   0x00000048   Code   RO            4    i.SystemCoreClockUpdate  system_m480.o
    0x00000f94   0x00000f94   0x00000078   Code   RO            5    i.SystemInit        system_m480.o
    0x0000100c   0x0000100c   0x000000b8   Code   RO         2325    i.TIMER_Delay       timer.o
    0x000010c4   0x000010c4   0x00000078   Code   RO         2332    i.TIMER_GetModuleClock  timer.o
    0x0000113c   0x0000113c   0x00000036   Code   RO         2333    i.TIMER_Open        timer.o
    0x00001172   0x00001172   0x00000002   PAD
    0x00001174   0x00001174   0x0000017c   Code   RO          335    i.TMR0_IRQHandler   main.o
    0x000012f0   0x000012f0   0x00000004   Code   RO          821    i.UART0_IRQHandler  dependencies.o
    0x000012f4   0x000012f4   0x00000010   Code   RO          822    i.UART0_Init        dependencies.o
    0x00001304   0x00001304   0x00000064   Code   RO          823    i.UART0_TEST_HANDLE  dependencies.o
    0x00001368   0x00001368   0x0000003c   Code   RO          824    i.UART0_interrrupt  dependencies.o
    0x000013a4   0x000013a4   0x00000004   Code   RO          825    i.UART1_IRQHandler  dependencies.o
    0x000013a8   0x000013a8   0x00000010   Code   RO          826    i.UART1_Init        dependencies.o
    0x000013b8   0x000013b8   0x00000080   Code   RO          827    i.UART1_TEST_HANDLE  dependencies.o
    0x00001438   0x00001438   0x0000003c   Code   RO          828    i.UART1_interrrupt  dependencies.o
    0x00001474   0x00001474   0x00000164   Code   RO         2427    i.UART_Open         uart.o
    0x000015d8   0x000015d8   0x00000014   Code   RO         2433    i.UART_SetTimeoutCnt  uart.o
    0x000015ec   0x000015ec   0x0000002e   Code   RO         2434    i.UART_Write        uart.o
    0x0000161a   0x0000161a   0x00000002   PAD
    0x0000161c   0x0000161c   0x00000020   Code   RO         2982    i.__0printf$8       mc_w.l(printf8.o)
    0x0000163c   0x0000163c   0x00000028   Code   RO         2984    i.__0sprintf$8      mc_w.l(printf8.o)
    0x00001664   0x00001664   0x00000008   Code   RO         3068    i.__aeabi_errno_addr  mc_w.l(errno.o)
    0x0000166c   0x0000166c   0x0000000e   Code   RO         3124    i.__scatterload_copy  mc_w.l(handlers.o)
    0x0000167a   0x0000167a   0x00000002   Code   RO         3125    i.__scatterload_null  mc_w.l(handlers.o)
    0x0000167c   0x0000167c   0x0000000e   Code   RO         3126    i.__scatterload_zeroinit  mc_w.l(handlers.o)
    0x0000168a   0x0000168a   0x00000002   PAD
    0x0000168c   0x0000168c   0x00000404   Code   RO         2989    i._printf_core      mc_w.l(printf8.o)
    0x00001a90   0x00001a90   0x00000024   Code   RO         2990    i._printf_post_padding  mc_w.l(printf8.o)
    0x00001ab4   0x00001ab4   0x0000002e   Code   RO         2991    i._printf_pre_padding  mc_w.l(printf8.o)
    0x00001ae2   0x00001ae2   0x0000000a   Code   RO         2993    i._sputc            mc_w.l(printf8.o)
    0x00001aec   0x00001aec   0x0000001a   Code   RO          392    i.bIsContinuationPacket  webserver.o
    0x00001b06   0x00001b06   0x00000002   PAD
    0x00001b08   0x00001b08   0x0000006c   Code   RO          393    i.bVerifyPassword   webserver.o
    0x00001b74   0x00001b74   0x000000a0   Code   RO          394    i.base64_decode     webserver.o
    0x00001c14   0x00001c14   0x00000064   Code   RO         1647    i.binary_to_bcd_array  mcu_display_control.o
    0x00001c78   0x00001c78   0x0000001c   Code   RO          395    i.build_decoding_table  webserver.o
    0x00001c94   0x00001c94   0x000002f4   Code   RO         1648    i.display_to_mcu    mcu_display_control.o
    0x00001f88   0x00001f88   0x0000025c   Code   RO          829    i.fpga_to_mcu       dependencies.o
    0x000021e4   0x000021e4   0x0000000c   Code   RO         2531    i.fputc             retarget.o
    0x000021f0   0x000021f0   0x00000004   Code   RO         2603    i.htons             uip.o
    0x000021f4   0x000021f4   0x00000b5c   Code   RO          396    i.httpd_appcall     webserver.o
    0x00002d50   0x00002d50   0x00000070   Code   RO          336    i.main              main.o
    0x00002dc0   0x00002dc0   0x00000488   Code   RO          830    i.mcu_to_fpga       dependencies.o
    0x00003248   0x00003248   0x00000034   Code   RO          399    i.pack_css_data     webserver.o
    0x0000327c   0x0000327c   0x00000050   Code   RO          400    i.parseURL          webserver.o
    0x000032cc   0x000032cc   0x000000a8   Code   RO          401    i.parsing_json      webserver.o
    0x00003374   0x00003374   0x00000014   Code   RO         1649    i.print_back_to_main_page  mcu_display_control.o
    0x00003388   0x00003388   0x000000f8   Code   RO         1650    i.print_page_SectionVib  mcu_display_control.o
    0x00003480   0x00003480   0x00000014   Code   RO         1651    i.print_page_broken_transducer  mcu_display_control.o
    0x00003494   0x00003494   0x00000170   Code   RO         1652    i.print_page_early_after_trigger  mcu_display_control.o
    0x00003604   0x00003604   0x00000084   Code   RO         1653    i.print_page_head_diagnosis  mcu_display_control.o
    0x00003688   0x00003688   0x000000f4   Code   RO         1654    i.print_page_head_down  mcu_display_control.o
    0x0000377c   0x0000377c   0x00000090   Code   RO         1655    i.print_page_head_test  mcu_display_control.o
    0x0000380c   0x0000380c   0x00000014   Code   RO         1656    i.print_page_lock_freq  mcu_display_control.o
    0x00003820   0x00003820   0x00000014   Code   RO         1657    i.print_page_overload  mcu_display_control.o
    0x00003834   0x00003834   0x000001dc   Code   RO         1658    i.print_page_setting_1  mcu_display_control.o
    0x00003a10   0x00003a10   0x00000044   Code   RO         1659    i.print_page_setting_2  mcu_display_control.o
    0x00003a54   0x00003a54   0x00000014   Code   RO         1660    i.print_page_timeout  mcu_display_control.o
    0x00003a68   0x00003a68   0x00000014   Code   RO         1661    i.print_page_two_hand_alarm  mcu_display_control.o
    0x00003a7c   0x00003a7c   0x00000520   Code   RO         1662    i.print_page_weld_record  mcu_display_control.o
    0x00003f9c   0x00003f9c   0x0000001c   Code   RO          831    i.read_F_max        dependencies.o
    0x00003fb8   0x00003fb8   0x00000014   Code   RO          832    i.read_F_max_html   dependencies.o
    0x00003fcc   0x00003fcc   0x0000001c   Code   RO          833    i.read_F_set_history  dependencies.o
    0x00003fe8   0x00003fe8   0x00000014   Code   RO          834    i.read_F_set_history_html  dependencies.o
    0x00003ffc   0x00003ffc   0x0000001c   Code   RO          835    i.read_F_start      dependencies.o
    0x00004018   0x00004018   0x00000014   Code   RO          836    i.read_F_start_html  dependencies.o
    0x0000402c   0x0000402c   0x0000001c   Code   RO          837    i.read_P_max        dependencies.o
    0x00004048   0x00004048   0x00000014   Code   RO          838    i.read_P_max_html   dependencies.o
    0x0000405c   0x0000405c   0x0000001c   Code   RO          839    i.read_absolute_hold  dependencies.o
    0x00004078   0x00004078   0x00000014   Code   RO          840    i.read_absolute_hold_html  dependencies.o
    0x0000408c   0x0000408c   0x0000000c   Code   RO          841    i.read_amplitudeA_set_stage2_display  dependencies.o
    0x00004098   0x00004098   0x0000000c   Code   RO          842    i.read_amplitudeB_set_stage2_display  dependencies.o
    0x000040a4   0x000040a4   0x0000000c   Code   RO          843    i.read_amplitude_set_display  dependencies.o
    0x000040b0   0x000040b0   0x0000000c   Code   RO          844    i.read_anti_resonance_frequency  dependencies.o
    0x000040bc   0x000040bc   0x0000001c   Code   RO          845    i.read_avg_power    dependencies.o
    0x000040d8   0x000040d8   0x00000014   Code   RO          846    i.read_avg_power_html  dependencies.o
    0x000040ec   0x000040ec   0x0000000c   Code   RO          847    i.read_broken_transducer  dependencies.o
    0x000040f8   0x000040f8   0x0000000c   Code   RO          848    i.read_button_test_display  dependencies.o
    0x00004104   0x00004104   0x0000001c   Code   RO          849    i.read_collapse_hold  dependencies.o
    0x00004120   0x00004120   0x00000014   Code   RO          850    i.read_collapse_hold_html  dependencies.o
    0x00004134   0x00004134   0x0000000c   Code   RO          852    i.read_distance_absolute_set_display  dependencies.o
    0x00004140   0x00004140   0x00000014   Code   RO          853    i.read_distance_after_trigger_display  dependencies.o
    0x00004154   0x00004154   0x0000000c   Code   RO          854    i.read_distance_display  dependencies.o
    0x00004160   0x00004160   0x00000014   Code   RO          855    i.read_distance_early_trigger_display  dependencies.o
    0x00004174   0x00004174   0x0000001c   Code   RO          857    i.read_distance_reached  dependencies.o
    0x00004190   0x00004190   0x00000014   Code   RO          858    i.read_distance_reached_html  dependencies.o
    0x000041a4   0x000041a4   0x0000000c   Code   RO          859    i.read_distance_relative_set_display  dependencies.o
    0x000041b0   0x000041b0   0x00000014   Code   RO          860    i.read_distance_set_stage2_display  dependencies.o
    0x000041c4   0x000041c4   0x0000001c   Code   RO          861    i.read_distance_travelled  dependencies.o
    0x000041e0   0x000041e0   0x00000014   Code   RO          862    i.read_distance_travelled_html  dependencies.o
    0x000041f4   0x000041f4   0x0000001c   Code   RO          863    i.read_encoder_speed_display  dependencies.o
    0x00004210   0x00004210   0x0000001c   Code   RO          864    i.read_encoder_speed_history  dependencies.o
    0x0000422c   0x0000422c   0x00000014   Code   RO          865    i.read_encoder_speed_history_html  dependencies.o
    0x00004240   0x00004240   0x0000001c   Code   RO          866    i.read_energy_display  dependencies.o
    0x0000425c   0x0000425c   0x00000014   Code   RO          867    i.read_energy_display_html  dependencies.o
    0x00004270   0x00004270   0x0000000c   Code   RO          868    i.read_energy_set_display  dependencies.o
    0x0000427c   0x0000427c   0x00000014   Code   RO          869    i.read_energy_set_stage2_display  dependencies.o
    0x00004290   0x00004290   0x0000000c   Code   RO          870    i.read_entered_main_page  dependencies.o
    0x0000429c   0x0000429c   0x0000000c   Code   RO          871    i.read_force_display  dependencies.o
    0x000042a8   0x000042a8   0x0000000c   Code   RO          872    i.read_force_set_display  dependencies.o
    0x000042b4   0x000042b4   0x00000018   Code   RO          873    i.read_freq_delta   dependencies.o
    0x000042cc   0x000042cc   0x00000010   Code   RO          874    i.read_freq_delta_html  dependencies.o
    0x000042dc   0x000042dc   0x0000000c   Code   RO          875    i.read_freq_display  dependencies.o
    0x000042e8   0x000042e8   0x0000001c   Code   RO          876    i.read_freq_end     dependencies.o
    0x00004304   0x00004304   0x00000014   Code   RO          877    i.read_freq_end_html  dependencies.o
    0x00004318   0x00004318   0x0000001c   Code   RO          878    i.read_freq_max     dependencies.o
    0x00004334   0x00004334   0x00000014   Code   RO          879    i.read_freq_max_html  dependencies.o
    0x00004348   0x00004348   0x0000001c   Code   RO          880    i.read_freq_min     dependencies.o
    0x00004364   0x00004364   0x00000014   Code   RO          881    i.read_freq_min_html  dependencies.o
    0x00004378   0x00004378   0x0000001c   Code   RO          882    i.read_freq_start   dependencies.o
    0x00004394   0x00004394   0x00000014   Code   RO          883    i.read_freq_start_html  dependencies.o
    0x000043a8   0x000043a8   0x0000000c   Code   RO          884    i.read_gnd_display  dependencies.o
    0x000043b4   0x000043b4   0x0000000c   Code   RO          885    i.read_head_sweep_display  dependencies.o
    0x000043c0   0x000043c0   0x0000000c   Code   RO          886    i.read_history_point_display  dependencies.o
    0x000043cc   0x000043cc   0x0000000c   Code   RO          887    i.read_history_point_set  dependencies.o
    0x000043d8   0x000043d8   0x0000000c   Code   RO          888    i.read_hold_time_display  dependencies.o
    0x000043e4   0x000043e4   0x0000000c   Code   RO          889    i.read_mode_after_stage_display  dependencies.o
    0x000043f0   0x000043f0   0x0000000c   Code   RO          890    i.read_mode_early_stage_display  dependencies.o
    0x000043fc   0x000043fc   0x0000000c   Code   RO          891    i.read_mode_set     dependencies.o
    0x00004408   0x00004408   0x0000000c   Code   RO          892    i.read_overload_display  dependencies.o
    0x00004414   0x00004414   0x0000000c   Code   RO          893    i.read_power_after_stage_display  dependencies.o
    0x00004420   0x00004420   0x0000000c   Code   RO          894    i.read_power_early_stage_display  dependencies.o
    0x0000442c   0x0000442c   0x0000000c   Code   RO          895    i.read_power_read_display  dependencies.o
    0x00004438   0x00004438   0x00000014   Code   RO          896    i.read_power_set_stage2_display  dependencies.o
    0x0000444c   0x0000444c   0x0000000c   Code   RO          897    i.read_power_stage_one_display  dependencies.o
    0x00004458   0x00004458   0x0000000c   Code   RO          898    i.read_pressure_display  dependencies.o
    0x00004464   0x00004464   0x0000000c   Code   RO          899    i.read_resonance_frequency  dependencies.o
    0x00004470   0x00004470   0x0000000c   Code   RO          900    i.read_stage2_mode_address_display  dependencies.o
    0x0000447c   0x0000447c   0x0000000c   Code   RO          901    i.read_stage2_mode_address_set  dependencies.o
    0x00004488   0x00004488   0x00000014   Code   RO          903    i.read_time_after_trigger_display  dependencies.o
    0x0000449c   0x0000449c   0x00000014   Code   RO          904    i.read_time_early_trigger_display  dependencies.o
    0x000044b0   0x000044b0   0x0000001c   Code   RO          905    i.read_time_on      dependencies.o
    0x000044cc   0x000044cc   0x0000000c   Code   RO          906    i.read_time_on_after_stage_display  dependencies.o
    0x000044d8   0x000044d8   0x00000014   Code   RO          907    i.read_time_on_html  dependencies.o
    0x000044ec   0x000044ec   0x00000014   Code   RO          908    i.read_time_set_stage2_display  dependencies.o
    0x00004500   0x00004500   0x0000000c   Code   RO          909    i.read_time_set_stage_one_display  dependencies.o
    0x0000450c   0x0000450c   0x0000000c   Code   RO          910    i.read_timeout_occured  dependencies.o
    0x00004518   0x00004518   0x0000000c   Code   RO          911    i.read_timeout_set_display  dependencies.o
    0x00004524   0x00004524   0x0000001c   Code   RO          912    i.read_total_time_display  dependencies.o
    0x00004540   0x00004540   0x00000014   Code   RO          913    i.read_total_time_display_html  dependencies.o
    0x00004554   0x00004554   0x0000000c   Code   RO          914    i.read_two_hand_alarm  dependencies.o
    0x00004560   0x00004560   0x00000040   Code   RO          402    i.send_response     webserver.o
    0x000045a0   0x000045a0   0x000000a8   Code   RO         2533    i.stackDump         retarget.o
    0x00004648   0x00004648   0x00000060   Code   RO         2726    i.uip_add32         uip_arch.o
    0x000046a8   0x000046a8   0x0000002c   Code   RO         2604    i.uip_add_rcv_nxt   uip.o
    0x000046d4   0x000046d4   0x00000098   Code   RO         2670    i.uip_arp_arpin     uip_arp.o
    0x0000476c   0x0000476c   0x0000004c   Code   RO         2672    i.uip_arp_ipin      uip_arp.o
    0x000047b8   0x000047b8   0x00000128   Code   RO         2673    i.uip_arp_out       uip_arp.o
    0x000048e0   0x000048e0   0x00000044   Code   RO         2674    i.uip_arp_timer     uip_arp.o
    0x00004924   0x00004924   0x000000b0   Code   RO         2675    i.uip_arp_update    uip_arp.o
    0x000049d4   0x000049d4   0x00000042   Code   RO         2727    i.uip_chksum        uip_arch.o
    0x00004a16   0x00004a16   0x00000002   PAD
    0x00004a18   0x00004a18   0x0000000c   Code   RO         2728    i.uip_ipchksum      uip_arch.o
    0x00004a24   0x00004a24   0x00000030   Code   RO         2607    i.uip_listen        uip.o
    0x00004a54   0x00004a54   0x000008e0   Code   RO         2608    i.uip_process       uip.o
    0x00005334   0x00005334   0x00000058   Code   RO          404    i.uip_read          webserver.o
    0x0000538c   0x0000538c   0x000000b0   Code   RO         2729    i.uip_tcpchksum     uip_arch.o
    0x0000543c   0x0000543c   0x00000040   Code   RO          405    i.uip_write         webserver.o
    0x0000547c   0x0000547c   0x0000014c   Code   RO          406    i.update_parameter_setting_page_1  webserver.o
    0x000055c8   0x000055c8   0x0000002c   Code   RO          407    i.update_parameter_setting_page_2  webserver.o
    0x000055f4   0x000055f4   0x000000d0   Code   RO          408    i.update_parameter_setting_page_post_vib  webserver.o
    0x000056c4   0x000056c4   0x000000a0   Code   RO          409    i.update_parameter_setting_page_pre_vib  webserver.o
    0x00005764   0x00005764   0x000000e0   Code   RO          410    i.update_parameter_setting_page_seg_vib  webserver.o
    0x00005844   0x00005844   0x000000f8   Code   RO          411    i.webserver_init    webserver.o
    0x0000593c   0x0000593c   0x000000a4   Code   RO          412    i.webserver_loop    webserver.o
    0x000059e0   0x000059e0   0x0000000c   Code   RO          915    i.write_amplitudeA_set_stage2  dependencies.o
    0x000059ec   0x000059ec   0x0000000c   Code   RO          916    i.write_amplitudeB_set_stage2  dependencies.o
    0x000059f8   0x000059f8   0x0000000c   Code   RO          917    i.write_amplitude_head_test_set  dependencies.o
    0x00005a04   0x00005a04   0x0000000c   Code   RO          918    i.write_amplitude_set  dependencies.o
    0x00005a10   0x00005a10   0x0000000c   Code   RO          919    i.write_button_test  dependencies.o
    0x00005a1c   0x00005a1c   0x0000000c   Code   RO          920    i.write_distance_absolute_set  dependencies.o
    0x00005a28   0x00005a28   0x0000000c   Code   RO          921    i.write_distance_after_trigger_set  dependencies.o
    0x00005a34   0x00005a34   0x0000000c   Code   RO          922    i.write_distance_early_trigger_set  dependencies.o
    0x00005a40   0x00005a40   0x0000000c   Code   RO          923    i.write_distance_relative_set  dependencies.o
    0x00005a4c   0x00005a4c   0x0000000c   Code   RO          924    i.write_distance_set_stage2  dependencies.o
    0x00005a58   0x00005a58   0x0000000c   Code   RO          925    i.write_energy_set  dependencies.o
    0x00005a64   0x00005a64   0x0000000c   Code   RO          926    i.write_energy_set_stage2  dependencies.o
    0x00005a70   0x00005a70   0x0000000c   Code   RO          927    i.write_entered_main_page  dependencies.o
    0x00005a7c   0x00005a7c   0x0000000c   Code   RO          928    i.write_force_set   dependencies.o
    0x00005a88   0x00005a88   0x0000000c   Code   RO          929    i.write_gnd_set     dependencies.o
    0x00005a94   0x00005a94   0x0000000c   Code   RO          930    i.write_head_sweep_set  dependencies.o
    0x00005aa0   0x00005aa0   0x0000000c   Code   RO          931    i.write_head_up_set  dependencies.o
    0x00005aac   0x00005aac   0x00000020   Code   RO          932    i.write_history_point_set  dependencies.o
    0x00005acc   0x00005acc   0x0000000c   Code   RO          933    i.write_hold_time_set  dependencies.o
    0x00005ad8   0x00005ad8   0x0000000c   Code   RO          934    i.write_mode_after_stage_set  dependencies.o
    0x00005ae4   0x00005ae4   0x0000000c   Code   RO          935    i.write_mode_early_stage_set  dependencies.o
    0x00005af0   0x00005af0   0x0000000c   Code   RO          936    i.write_mode_set    dependencies.o
    0x00005afc   0x00005afc   0x0000000c   Code   RO          937    i.write_power_after_stage_set  dependencies.o
    0x00005b08   0x00005b08   0x0000000c   Code   RO          938    i.write_power_early_stage_set  dependencies.o
    0x00005b14   0x00005b14   0x0000000c   Code   RO          939    i.write_power_set_stage2  dependencies.o
    0x00005b20   0x00005b20   0x0000000c   Code   RO          940    i.write_power_stage_one_set  dependencies.o
    0x00005b2c   0x00005b2c   0x0000000c   Code   RO          941    i.write_stage2_mode_address_set  dependencies.o
    0x00005b38   0x00005b38   0x0000000c   Code   RO          942    i.write_time_after_trigger_set  dependencies.o
    0x00005b44   0x00005b44   0x0000000c   Code   RO          943    i.write_time_early_trigger_set  dependencies.o
    0x00005b50   0x00005b50   0x0000000c   Code   RO          944    i.write_time_on_after_stage_set  dependencies.o
    0x00005b5c   0x00005b5c   0x0000000c   Code   RO          945    i.write_time_set_stage2  dependencies.o
    0x00005b68   0x00005b68   0x0000000c   Code   RO          946    i.write_time_set_stage_one_set  dependencies.o
    0x00005b74   0x00005b74   0x0000000c   Code   RO          947    i.write_timeout_set  dependencies.o
    0x00005b80   0x00005b80   0x00001af4   Data   RO          414    .constdata          webserver.o
    0x00007674   0x00007674   0x00000389   Data   RO          415    .constdata          webserver.o
    0x000079fd   0x000079fd   0x00000325   Data   RO          416    .constdata          webserver.o
    0x00007d22   0x00007d22   0x000008d4   Data   RO          417    .constdata          webserver.o
    0x000085f6   0x000085f6   0x00000496   Data   RO          418    .constdata          webserver.o
    0x00008a8c   0x00008a8c   0x000004ce   Data   RO          419    .constdata          webserver.o
    0x00008f5a   0x00008f5a   0x0000041e   Data   RO          420    .constdata          webserver.o
    0x00009378   0x00009378   0x0000032a   Data   RO          421    .constdata          webserver.o
    0x000096a2   0x000096a2   0x00000aae   Data   RO          422    .constdata          webserver.o
    0x0000a150   0x0000a150   0x00000630   Data   RO          423    .constdata          webserver.o
    0x0000a780   0x0000a780   0x000005ec   Data   RO          424    .constdata          webserver.o
    0x0000ad6c   0x0000ad6c   0x000007f3   Data   RO          425    .constdata          webserver.o
    0x0000b55f   0x0000b55f   0x000007d5   Data   RO          426    .constdata          webserver.o
    0x0000bd34   0x0000bd34   0x0000057e   Data   RO          427    .constdata          webserver.o
    0x0000c2b2   0x0000c2b2   0x0000026c   Data   RO          428    .constdata          webserver.o
    0x0000c51e   0x0000c51e   0x00000440   Data   RO          429    .constdata          webserver.o
    0x0000c95e   0x0000c95e   0x00000427   Data   RO          430    .constdata          webserver.o
    0x0000cd85   0x0000cd85   0x000004dd   Data   RO          431    .constdata          webserver.o
    0x0000d262   0x0000d262   0x00000609   Data   RO          432    .constdata          webserver.o
    0x0000d86b   0x0000d86b   0x00000001   PAD
    0x0000d86c   0x0000d86c   0x00000020   Data   RO         2337    .constdata          timer.o
    0x0000d88c   0x0000d88c   0x00000030   Data   RO         2435    .constdata          uart.o
    0x0000d8bc   0x0000d8bc   0x00000081   Data   RO         3091    .constdata          mc_w.l(ctype_o.o)
    0x0000d93d   0x0000d93d   0x00000003   PAD
    0x0000d940   0x0000d940   0x00000004   Data   RO         3092    .constdata          mc_w.l(ctype_o.o)
    0x0000d944   0x0000d944   0x00000611   Data   RO          433    .conststring        webserver.o
    0x0000df55   0x0000df55   0x00000003   PAD
    0x0000df58   0x0000df58   0x00000020   Data   RO         3122    Region$$Table       anon$$obj.o


    Execution Region ER_RW (Exec base: 0x20000000, Load base: 0x0000df78, Size: 0x00000820, Max: 0xffffffff, ABSOLUTE, COMPRESSED[0x00000320])

    Exec Addr    Load Addr    Size         Type   Attr      Idx    E Section Name        Object

    0x20000000   COMPRESSED   0x0000002c   Data   RW            6    .data               system_m480.o
    0x2000002c   COMPRESSED   0x00000003   Data   RW          337    .data               main.o
    0x2000002f   COMPRESSED   0x00000001   PAD
    0x20000030   COMPRESSED   0x00000018   Data   RW          338    .data               main.o
    0x20000048   COMPRESSED   0x00000134   Data   RW          435    .data               webserver.o
    0x2000017c   COMPRESSED   0x000001bd   Data   RW          950    .data               dependencies.o
    0x20000339   COMPRESSED   0x00000003   PAD
    0x2000033c   COMPRESSED   0x00000480   Data   RW         1663    .data               mcu_display_control.o
    0x200007bc   COMPRESSED   0x00000004   Data   RW         1810    .data               clk.o
    0x200007c0   COMPRESSED   0x00000014   Data   RW         2014    .data               emac.o
    0x200007d4   COMPRESSED   0x00000004   Data   RW         2534    .data               retarget.o
    0x200007d8   COMPRESSED   0x0000002c   Data   RW         2611    .data               uip.o
    0x20000804   COMPRESSED   0x00000004   Data   RW         2612    .data               uip.o
    0x20000808   COMPRESSED   0x00000004   Data   RW         2613    .data               uip.o
    0x2000080c   COMPRESSED   0x0000000e   Data   RW         2677    .data               uip_arp.o
    0x2000081a   COMPRESSED   0x00000002   PAD
    0x2000081c   COMPRESSED   0x00000004   Data   RW         3071    .data               mc_w.l(errno.o)


    Execution Region ER_ZI (Exec base: 0x20000820, Load base: 0x0000e298, Size: 0x0000a640, Max: 0xffffffff, ABSOLUTE)

    Exec Addr    Load Addr    Size         Type   Attr      Idx    E Section Name        Object

    0x20000820        -       0x00001cd4   Zero   RW          413    .bss                webserver.o
    0x200024f4        -       0x0000490d   Zero   RW          949    .bss                dependencies.o
    0x20006e01   0x0000e298   0x00000003   PAD
    0x20006e04        -       0x00003040   Zero   RW         2013    .bss                emac.o
    0x20009e44        -       0x000007bc   Zero   RW         2610    .bss                uip.o
    0x2000a600        -       0x00000060   Zero   RW         2676    .bss                uip_arp.o
    0x2000a660        -       0x00000800   Zero   RW          325    STACK               startup_m480.o


==============================================================================

Image component sizes


      Code (inc. data)   RO Data    RW Data    ZI Data      Debug   Object Name

      1108         80          0          4          0       8872   clk.o
      4286        838          0        445      18701     187429   dependencies.o
      1000        134          0         20      12352      11005   emac.o
        44          0          0          0          0       1047   gpio.o
       492         40          0         27          0      44254   main.o
      3968        238          0       1152          0      17232   mcu_display_control.o
       280        130          0          4          0       4919   retarget.o
       104         20        500          0       2048        928   startup_m480.o
       192         20          0         44          0      50399   system_m480.o
       358         32         32          0          0       3230   timer.o
       422         42         48          0          0       2978   uart.o
      2368         72          0         52       1980      11930   uip.o
       350         18          0          0          0       3128   uip_arch.o
       768         88          0         14         96       6312   uip_arp.o
      5184       1106      33532        308       7380     159039   webserver.o

    ----------------------------------------------------------------------
     20936       2858      34148       2076      42560     512702   Object Totals
         0          0         32          0          0          0   (incl. Generated)
        12          0          4          6          3          0   (incl. Padding)

    ----------------------------------------------------------------------

      Code (inc. data)   RO Data    RW Data    ZI Data      Debug   Library Member Name

        86          0          0          0          0          0   __dczerorl2.o
        28          0          0          0          0         68   _chval.o
       158          0          0          0          0         92   _strtoul.o
        26          0          0          0          0         80   atoi.o
         8          4        133          0          0         68   ctype_o.o
         0          0          0          0          0          0   entry.o
         0          0          0          0          0          0   entry10a.o
         0          0          0          0          0          0   entry11a.o
         4          0          0          0          0          0   entry12b.o
         8          4          0          0          0          0   entry2.o
         4          0          0          0          0          0   entry5.o
         0          0          0          0          0          0   entry7b.o
         0          0          0          0          0          0   entry8b.o
         8          4          0          0          0          0   entry9a.o
         8          4          0          4          0         68   errno.o
        30          0          0          0          0          0   handlers.o
        36          8          0          0          0         68   init.o
        30          0          0          0          0         68   llshl.o
        32          0          0          0          0         68   llushr.o
        36          0          0          0          0         68   memcpya.o
        36          0          0          0          0        108   memseta.o
      1192         60          0          0          0        504   printf8.o
        14          0          0          0          0         68   strlen.o
        30          0          0          0          0         80   strncmp.o
       112          0          0          0          0         88   strtol.o
        98          0          0          0          0         92   uldiv.o

    ----------------------------------------------------------------------
      1988         84        136          4          0       1588   Library Totals
         4          0          3          0          0          0   (incl. Padding)

    ----------------------------------------------------------------------

      Code (inc. data)   RO Data    RW Data    ZI Data      Debug   Library Name

      1984         84        133          4          0       1588   mc_w.l

    ----------------------------------------------------------------------
      1988         84        136          4          0       1588   Library Totals

    ----------------------------------------------------------------------

==============================================================================


      Code (inc. data)   RO Data    RW Data    ZI Data      Debug   

     22924       2942      34284       2080      42560     492994   Grand Totals
     22924       2942      34284        800      42560     492994   ELF Image Totals (compressed)
     22924       2942      34284        800          0          0   ROM Totals

==============================================================================

    Total RO  Size (Code + RO Data)                57208 (  55.87kB)
    Total RW  Size (RW Data + ZI Data)             44640 (  43.59kB)
    Total ROM Size (Code + RO Data + RW Data)      58008 (  56.65kB)

==============================================================================

