Component: ARM Compiler 5.06 update 7 (build 960) Tool: armlink [4d3601]

==============================================================================

Section Cross References

    system_m480.o(i.SystemCoreClockUpdate) refers to clk.o(i.CLK_GetPLLClockFreq) for CLK_GetPLLClockFreq
    system_m480.o(i.SystemCoreClockUpdate) refers to system_m480.o(.data) for .data
    startup_m480.o(RESET) refers to startup_m480.o(STACK) for __initial_sp
    startup_m480.o(RESET) refers to startup_m480.o(.text) for Reset_Handler
    startup_m480.o(RESET) refers to retarget.o(.emb_text) for HardFault_Handler
    startup_m480.o(RESET) refers to main.o(i.TMR0_IRQHandler) for TMR0_IRQHandler
    startup_m480.o(RESET) refers to dependencies.o(i.UART0_IRQHandler) for UART0_IRQHandler
    startup_m480.o(RESET) refers to dependencies.o(i.UART1_IRQHandler) for UART1_IRQHandler
    startup_m480.o(RESET) refers to webserver.o(i.EMAC_TX_IRQHandler) for EMAC_TX_IRQHandler
    startup_m480.o(RESET) refers to webserver.o(i.EMAC_RX_IRQHandler) for EMAC_RX_IRQHandler
    startup_m480.o(.text) refers to system_m480.o(i.SystemInit) for SystemInit
    startup_m480.o(.text) refers to entry.o(.ARM.Collect$$$$00000000) for __main
    main.o(i.TMR0_IRQHandler) refers to dependencies.o(i.read_broken_transducer) for read_broken_transducer
    main.o(i.TMR0_IRQHandler) refers to dependencies.o(i.read_overload_display) for read_overload_display
    main.o(i.TMR0_IRQHandler) refers to dependencies.o(i.read_entered_main_page) for read_entered_main_page
    main.o(i.TMR0_IRQHandler) refers to mcu_display_control.o(i.print_page_broken_transducer) for print_page_broken_transducer
    main.o(i.TMR0_IRQHandler) refers to mcu_display_control.o(i.print_page_overload) for print_page_overload
    main.o(i.TMR0_IRQHandler) refers to dependencies.o(i.read_timeout_occured) for read_timeout_occured
    main.o(i.TMR0_IRQHandler) refers to mcu_display_control.o(i.print_page_timeout) for print_page_timeout
    main.o(i.TMR0_IRQHandler) refers to timer.o(i.TIMER_Delay) for TIMER_Delay
    main.o(i.TMR0_IRQHandler) refers to mcu_display_control.o(i.print_page_lock_freq) for print_page_lock_freq
    main.o(i.TMR0_IRQHandler) refers to mcu_display_control.o(i.print_page_setting_1) for print_page_setting_1
    main.o(i.TMR0_IRQHandler) refers to mcu_display_control.o(i.print_page_setting_2) for print_page_setting_2
    main.o(i.TMR0_IRQHandler) refers to mcu_display_control.o(i.print_page_SectionVib) for print_page_SectionVib
    main.o(i.TMR0_IRQHandler) refers to mcu_display_control.o(i.print_page_early_after_trigger) for print_page_early_after_trigger
    main.o(i.TMR0_IRQHandler) refers to mcu_display_control.o(i.print_page_head_diagnosis) for print_page_head_diagnosis
    main.o(i.TMR0_IRQHandler) refers to mcu_display_control.o(i.print_page_weld_record) for print_page_weld_record
    main.o(i.TMR0_IRQHandler) refers to mcu_display_control.o(i.print_page_head_down) for print_page_head_down
    main.o(i.TMR0_IRQHandler) refers to mcu_display_control.o(i.print_page_head_test) for print_page_head_test
    main.o(i.TMR0_IRQHandler) refers to dependencies.o(i.read_button_test_display) for read_button_test_display
    main.o(i.TMR0_IRQHandler) refers to dependencies.o(i.write_button_test) for write_button_test
    main.o(i.TMR0_IRQHandler) refers to mcu_display_control.o(i.print_back_to_main_page) for print_back_to_main_page
    main.o(i.TMR0_IRQHandler) refers to webserver.o(.data) for curTime
    main.o(i.TMR0_IRQHandler) refers to dependencies.o(.data) for display_page
    main.o(i.TMR0_IRQHandler) refers to main.o(.data) for .data
    main.o(i.main) refers to dependencies.o(i.SYS_Init) for SYS_Init
    main.o(i.main) refers to dependencies.o(i.UART0_Init) for UART0_Init
    main.o(i.main) refers to dependencies.o(i.UART1_Init) for UART1_Init
    main.o(i.main) refers to gpio.o(i.GPIO_SetMode) for GPIO_SetMode
    main.o(i.main) refers to timer.o(i.TIMER_Open) for TIMER_Open
    main.o(i.main) refers to dependencies.o(i.UART1_interrrupt) for UART1_interrrupt
    main.o(i.main) refers to dependencies.o(i.UART0_interrrupt) for UART0_interrrupt
    main.o(i.main) refers to webserver.o(i.webserver_init) for webserver_init
    main.o(i.main) refers to webserver.o(i.webserver_loop) for webserver_loop
    webserver.o(i.EMAC_RX_IRQHandler) refers to emac.o(i.EMAC_RecvPkt) for EMAC_RecvPkt
    webserver.o(i.EMAC_RX_IRQHandler) refers to emac.o(i.EMAC_RecvPktDone) for EMAC_RecvPktDone
    webserver.o(i.EMAC_RX_IRQHandler) refers to webserver.o(.data) for .data
    webserver.o(i.EMAC_RX_IRQHandler) refers to webserver.o(.bss) for .bss
    webserver.o(i.EMAC_TX_IRQHandler) refers to emac.o(i.EMAC_SendPktDone) for EMAC_SendPktDone
    webserver.o(i.bVerifyPassword) refers to memseta.o(.text) for __aeabi_memclr4
    webserver.o(i.bVerifyPassword) refers to webserver.o(i.parsing_json) for parsing_json
    webserver.o(i.bVerifyPassword) refers to strlen.o(.text) for strlen
[...]
    I2S0_IRQHandler                          0x0000027b   Thumb Code     0  startup_m480.o(.text)
    IRC_IRQHandler                           0x0000027b   Thumb Code     0  startup_m480.o(.text)
    OHCI_IRQHandler                          0x0000027b   Thumb Code     0  startup_m480.o(.text)
    OPA0_IRQHandler                          0x0000027b   Thumb Code     0  startup_m480.o(.text)
    PDMA_IRQHandler                          0x0000027b   Thumb Code     0  startup_m480.o(.text)
    PWRWU_IRQHandler                         0x0000027b   Thumb Code     0  startup_m480.o(.text)
    QEI0_IRQHandler                          0x0000027b   Thumb Code     0  startup_m480.o(.text)
    QEI1_IRQHandler                          0x0000027b   Thumb Code     0  startup_m480.o(.text)
    QSPI0_IRQHandler                         0x0000027b   Thumb Code     0  startup_m480.o(.text)
    RAMPE_IRQHandler                         0x0000027b   Thumb Code     0  startup_m480.o(.text)
    RTC_IRQHandler                           0x0000027b   Thumb Code     0  startup_m480.o(.text)
    SC0_IRQHandler                           0x0000027b   Thumb Code     0  startup_m480.o(.text)
    SC1_IRQHandler                           0x0000027b   Thumb Code     0  startup_m480.o(.text)
    SC2_IRQHandler                           0x0000027b   Thumb Code     0  startup_m480.o(.text)
    SDH0_IRQHandler                          0x0000027b   Thumb Code     0  startup_m480.o(.text)
    SDH1_IRQHandler                          0x0000027b   Thumb Code     0  startup_m480.o(.text)
    SPI0_IRQHandler                          0x0000027b   Thumb Code     0  startup_m480.o(.text)
    SPI1_IRQHandler                          0x0000027b   Thumb Code     0  startup_m480.o(.text)
    SPI2_IRQHandler                          0x0000027b   Thumb Code     0  startup_m480.o(.text)
    SPI3_IRQHandler                          0x0000027b   Thumb Code     0  startup_m480.o(.text)
    SPIM_IRQHandler                          0x0000027b   Thumb Code     0  startup_m480.o(.text)
    TAMPER_IRQHandler                        0x0000027b   Thumb Code     0  startup_m480.o(.text)
    TMR1_IRQHandler                          0x0000027b   Thumb Code     0  startup_m480.o(.text)
    TMR2_IRQHandler                          0x0000027b   Thumb Code     0  startup_m480.o(.text)
    TMR3_IRQHandler                          0x0000027b   Thumb Code     0  startup_m480.o(.text)
    TRNG_IRQHandler                          0x0000027b   Thumb Code     0  startup_m480.o(.text)
    UART2_IRQHandler                         0x0000027b   Thumb Code     0  startup_m480.o(.text)
    UART3_IRQHandler                         0x0000027b   Thumb Code     0  startup_m480.o(.text)
    UART4_IRQHandler                         0x0000027b   Thumb Code     0  startup_m480.o(.text)
    UART5_IRQHandler                         0x0000027b   Thumb Code     0  startup_m480.o(.text)
    UART6_IRQHandler                         0x0000027b   Thumb Code     0  startup_m480.o(.text)
    UART7_IRQHandler                         0x0000027b   Thumb Code     0  startup_m480.o(.text)
    USBD20_IRQHandler                        0x0000027b   Thumb Code     0  startup_m480.o(.text)
    USBD_IRQHandler                          0x0000027b   Thumb Code     0  startup_m480.o(.text)
    USBOTG20_IRQHandler                      0x0000027b   Thumb Code     0  startup_m480.o(.text)
    USBOTG_IRQHandler                        0x0000027b   Thumb Code     0  startup_m480.o(.text)
    USCI0_IRQHandler                         0x0000027b   Thumb Code     0  startup_m480.o(.text)
    USCI1_IRQHandler                         0x0000027b   Thumb Code     0  startup_m480.o(.text)
    WDT_IRQHandler                           0x0000027b   Thumb Code     0  startup_m480.o(.text)
    WWDT_IRQHandler                          0x0000027b   Thumb Code     0  startup_m480.o(.text)
    __aeabi_uldivmod                         0x00000291   Thumb Code    98  uldiv.o(.text)
    __aeabi_memcpy                           0x000002f3   Thumb Code    36  memcpya.o(.text)
    __aeabi_memcpy4                          0x000002f3   Thumb Code     0  memcpya.o(.text)
    __aeabi_memcpy8                          0x000002f3   Thumb Code     0  memcpya.o(.text)
    __aeabi_memset                           0x00000317   Thumb Code    14  memseta.o(.text)
    __aeabi_memset4                          0x00000317   Thumb Code     0  memseta.o(.text)
    __aeabi_memset8                          0x00000317   Thumb Code     0  memseta.o(.text)
    __aeabi_memclr                           0x00000325   Thumb Code     4  memseta.o(.text)
    __aeabi_memclr4                          0x00000325   Thumb Code     0  memseta.o(.text)
    __aeabi_memclr8                          0x00000325   Thumb Code     0  memseta.o(.text)
    _memset$wrapper                          0x00000329   Thumb Code    18  memseta.o(.text)
    strlen                                   0x0000033b   Thumb Code    14  strlen.o(.text)
    strncmp                                  0x00000349   Thumb Code    30  strncmp.o(.text)
    atoi                                     0x00000367   Thumb Code    26  atoi.o(.text)
    __aeabi_llsl                             0x00000381   Thumb Code    30  llshl.o(.text)
    _ll_shift_l                              0x00000381   Thumb Code     0  llshl.o(.text)
    __aeabi_llsr                             0x0000039f   Thumb Code    32  llushr.o(.text)
    _ll_ushift_r                             0x0000039f   Thumb Code     0  llushr.o(.text)
    strtol                                   0x000003bf   Thumb Code   112  strtol.o(.text)
    __scatterload                            0x00000431   Thumb Code    28  init.o(.text)
    __scatterload_rt2                        0x00000431   Thumb Code     0  init.o(.text)
    __rt_ctype_table                         0x00000455   Thumb Code     4  ctype_o.o(.text)
    _strtoul                                 0x0000045d   Thumb Code   158  _strtoul.o(.text)
    _chval                                   0x000004fb   Thumb Code    28  _chval.o(.text)
    __decompress                             0x00000517   Thumb Code     0  __dczerorl2.o(.text)
    __decompress1                            0x00000517   Thumb Code    86  __dczerorl2.o(.text)
    CLK_DisablePLL                           0x0000056d   Thumb Code    18  clk.o(i.CLK_DisablePLL)
    CLK_EnableModuleClock                    0x00000581   Thumb Code    24  clk.o(i.CLK_EnableModuleClock)
    CLK_EnablePLL                            0x0000059d   Thumb Code   308  clk.o(i.CLK_EnablePLL)
    CLK_GetPCLK0Freq                         0x000006f1   Thumb Code    96  clk.o(i.CLK_GetPCLK0Freq)
    CLK_GetPCLK1Freq                         0x00000755   Thumb Code    98  clk.o(i.CLK_GetPCLK1Freq)
    CLK_GetPLLClockFreq                      0x000007bd   Thumb Code    66  clk.o(i.CLK_GetPLLClockFreq)
    CLK_SetCoreClock                         0x0000080d   Thumb Code   128  clk.o(i.CLK_SetCoreClock)
    CLK_SetHCLK                              0x00000891   Thumb Code    98  clk.o(i.CLK_SetHCLK)
    CLK_SetModuleClock                       0x000008f5   Thumb Code   140  clk.o(i.CLK_SetModuleClock)
    CLK_WaitClockReady                       0x00000989   Thumb Code    52  clk.o(i.CLK_WaitClockReady)
    EMAC_EnableCamEntry                      0x000009c5   Thumb Code    52  emac.o(i.EMAC_EnableCamEntry)
    EMAC_Open                                0x00000a99   Thumb Code    46  emac.o(i.EMAC_Open)
    EMAC_PhyInit                             0x00000ad5   Thumb Code   242  emac.o(i.EMAC_PhyInit)
    EMAC_RX_IRQHandler                       0x00000bd5   Thumb Code    22  webserver.o(i.EMAC_RX_IRQHandler)
    EMAC_RecvPkt                             0x00000bf5   Thumb Code    56  emac.o(i.EMAC_RecvPkt)
    EMAC_RecvPktDone                         0x00000c35   Thumb Code    34  emac.o(i.EMAC_RecvPktDone)
    EMAC_SendPkt                             0x00000cc5   Thumb Code    54  emac.o(i.EMAC_SendPkt)
    EMAC_SendPktDone                         0x00000d05   Thumb Code    68  emac.o(i.EMAC_SendPktDone)
    EMAC_SetMacAddr                          0x00000d55   Thumb Code     8  emac.o(i.EMAC_SetMacAddr)
    EMAC_TX_IRQHandler                       0x00000d5d   Thumb Code     4  webserver.o(i.EMAC_TX_IRQHandler)
    GPIO_SetMode                             0x00000dd1   Thumb Code    44  gpio.o(i.GPIO_SetMode)
    Hard_Fault_Handler                       0x00000dfd   Thumb Code    16  retarget.o(i.Hard_Fault_Handler)
    SYS_Init                                 0x00000e51   Thumb Code   208  dependencies.o(i.SYS_Init)
    SystemCoreClockUpdate                    0x00000f4d   Thumb Code    64  system_m480.o(i.SystemCoreClockUpdate)
    SystemInit                               0x00000f95   Thumb Code   108  system_m480.o(i.SystemInit)
    TIMER_Delay                              0x0000100d   Thumb Code   170  timer.o(i.TIMER_Delay)
    TIMER_GetModuleClock                     0x000010c5   Thumb Code   102  timer.o(i.TIMER_GetModuleClock)
    TIMER_Open                               0x0000113d   Thumb Code    54  timer.o(i.TIMER_Open)
    TMR0_IRQHandler                          0x00001175   Thumb Code   342  main.o(i.TMR0_IRQHandler)
    UART0_IRQHandler                         0x000012e5   Thumb Code     4  dependencies.o(i.UART0_IRQHandler)
    UART0_Init                               0x000012e9   Thumb Code    10  dependencies.o(i.UART0_Init)
    UART0_TEST_HANDLE                        0x000012f9   Thumb Code    84  dependencies.o(i.UART0_TEST_HANDLE)
    UART0_interrrupt                         0x0000135d   Thumb Code    56  dependencies.o(i.UART0_interrrupt)
    UART1_IRQHandler                         0x00001399   Thumb Code     4  dependencies.o(i.UART1_IRQHandler)
    UART1_Init                               0x0000139d   Thumb Code    10  dependencies.o(i.UART1_Init)
    UART1_TEST_HANDLE                        0x000013ad   Thumb Code   116  dependencies.o(i.UART1_TEST_HANDLE)
    UART1_interrrupt                         0x0000142d   Thumb Code    56  dependencies.o(i.UART1_interrrupt)
    UART_Open                                0x00001469   Thumb Code   314  uart.o(i.UART_Open)
    UART_SetTimeoutCnt                       0x000015cd   Thumb Code    20  uart.o(i.UART_SetTimeoutCnt)
    UART_Write                               0x000015e1   Thumb Code    46  uart.o(i.UART_Write)
    __0printf$8                              0x00001611   Thumb Code    22  printf8.o(i.__0printf$8)
    __1printf$8                              0x00001611   Thumb Code     0  printf8.o(i.__0printf$8)
    __2printf                                0x00001611   Thumb Code     0  printf8.o(i.__0printf$8)
    __0sprintf$8                             0x00001631   Thumb Code    34  printf8.o(i.__0sprintf$8)
    __1sprintf$8                             0x00001631   Thumb Code     0  printf8.o(i.__0sprintf$8)
    __2sprintf                               0x00001631   Thumb Code     0  printf8.o(i.__0sprintf$8)
    __aeabi_errno_addr                       0x00001659   Thumb Code     4  errno.o(i.__aeabi_errno_addr)
    __rt_errno_addr                          0x00001659   Thumb Code     0  errno.o(i.__aeabi_errno_addr)
    __scatterload_copy                       0x00001661   Thumb Code    14  handlers.o(i.__scatterload_copy)
    __scatterload_null                       0x0000166f   Thumb Code     2  handlers.o(i.__scatterload_null)
    __scatterload_zeroinit                   0x00001671   Thumb Code    14  handlers.o(i.__scatterload_zeroinit)
    bIsContinuationPacket                    0x00001ae1   Thumb Code    26  webserver.o(i.bIsContinuationPacket)
    bVerifyPassword                          0x00001afd   Thumb Code   104  webserver.o(i.bVerifyPassword)
    base64_decode                            0x00001b69   Thumb Code   156  webserver.o(i.base64_decode)
    binary_to_bcd_array                      0x00001c09   Thumb Code    94  mcu_display_control.o(i.binary_to_bcd_array)
    build_decoding_table                     0x00001c6d   Thumb Code    18  webserver.o(i.build_decoding_table)
    display_to_mcu                           0x00001c89   Thumb Code   766  mcu_display_control.o(i.display_to_mcu)
    fpga_to_mcu                              0x00001f95   Thumb Code   552  dependencies.o(i.fpga_to_mcu)
    fputc                                    0x000021c9   Thumb Code    12  retarget.o(i.fputc)
    htons                                    0x000021d5   Thumb Code     4  uip.o(i.htons)
    httpd_appcall                            0x000021d9   Thumb Code  2900  webserver.o(i.httpd_appcall)
    main                                     0x00002d35   Thumb Code    96  main.o(i.main)
    mcu_to_fpga                              0x00002da5   Thumb Code  1078  dependencies.o(i.mcu_to_fpga)
    pack_css_data                            0x000031dd   Thumb Code    38  webserver.o(i.pack_css_data)
    parseURL                                 0x00003211   Thumb Code    74  webserver.o(i.parseURL)
    parsing_json                             0x00003261   Thumb Code   168  webserver.o(i.parsing_json)
    print_back_to_main_page                  0x00003309   Thumb Code    10  mcu_display_control.o(i.print_back_to_main_page)
    print_page_SectionVib                    0x0000331d   Thumb Code   232  mcu_display_control.o(i.print_page_SectionVib)
    print_page_broken_transducer             0x00003415   Thumb Code    10  mcu_display_control.o(i.print_page_broken_transducer)
    print_page_early_after_trigger           0x00003429   Thumb Code   346  mcu_display_control.o(i.print_page_early_after_trigger)
    print_page_head_diagnosis                0x00003599   Thumb Code   116  mcu_display_control.o(i.print_page_head_diagnosis)
    print_page_head_down                     0x0000361d   Thumb Code   228  mcu_display_control.o(i.print_page_head_down)
    print_page_head_test                     0x00003711   Thumb Code   126  mcu_display_control.o(i.print_page_head_test)
    print_page_lock_freq                     0x000037a1   Thumb Code    10  mcu_display_control.o(i.print_page_lock_freq)
    print_page_overload                      0x000037b5   Thumb Code    10  mcu_display_control.o(i.print_page_overload)
    print_page_setting_1                     0x000037c9   Thumb Code   460  mcu_display_control.o(i.print_page_setting_1)
    print_page_setting_2                     0x000039a5   Thumb Code    52  mcu_display_control.o(i.print_page_setting_2)
    print_page_timeout                       0x000039e9   Thumb Code    10  mcu_display_control.o(i.print_page_timeout)
    print_page_weld_record                   0x000039fd   Thumb Code  1300  mcu_display_control.o(i.print_page_weld_record)
    read_F_max                               0x00003f1d   Thumb Code    18  dependencies.o(i.read_F_max)
    read_F_max_html                          0x00003f39   Thumb Code    14  dependencies.o(i.read_F_max_html)
    read_F_set_history                       0x00003f4d   Thumb Code    18  dependencies.o(i.read_F_set_history)
    read_F_set_history_html                  0x00003f69   Thumb Code    14  dependencies.o(i.read_F_set_history_html)
    read_F_start                             0x00003f7d   Thumb Code    18  dependencies.o(i.read_F_start)
    read_F_start_html                        0x00003f99   Thumb Code    14  dependencies.o(i.read_F_start_html)
    read_P_max                               0x00003fad   Thumb Code    18  dependencies.o(i.read_P_max)
    read_P_max_html                          0x00003fc9   Thumb Code    14  dependencies.o(i.read_P_max_html)
    read_absolute_hold                       0x00003fdd   Thumb Code    18  dependencies.o(i.read_absolute_hold)
    read_absolute_hold_html                  0x00003ff9   Thumb Code    14  dependencies.o(i.read_absolute_hold_html)
    read_amplitudeA_set_stage2_display       0x0000400d   Thumb Code     6  dependencies.o(i.read_amplitudeA_set_stage2_display)
    read_amplitudeB_set_stage2_display       0x00004019   Thumb Code     6  dependencies.o(i.read_amplitudeB_set_stage2_display)
    read_amplitude_set_display               0x00004025   Thumb Code     6  dependencies.o(i.read_amplitude_set_display)
    read_anti_resonance_frequency            0x00004031   Thumb Code     6  dependencies.o(i.read_anti_resonance_frequency)
    read_avg_power                           0x0000403d   Thumb Code    18  dependencies.o(i.read_avg_power)
    read_avg_power_html                      0x00004059   Thumb Code    14  dependencies.o(i.read_avg_power_html)
    read_broken_transducer                   0x0000406d   Thumb Code     6  dependencies.o(i.read_broken_transducer)
    read_button_test_display                 0x00004079   Thumb Code     6  dependencies.o(i.read_button_test_display)
    read_collapse_hold                       0x00004085   Thumb Code    18  dependencies.o(i.read_collapse_hold)
    read_collapse_hold_html                  0x000040a1   Thumb Code    14  dependencies.o(i.read_collapse_hold_html)
    read_distance_absolute_set_display       0x000040b5   Thumb Code     6  dependencies.o(i.read_distance_absolute_set_display)
    read_distance_after_trigger_display      0x000040c1   Thumb Code    16  dependencies.o(i.read_distance_after_trigger_display)
    read_distance_display                    0x000040d5   Thumb Code     6  dependencies.o(i.read_distance_display)
    read_distance_early_trigger_display      0x000040e1   Thumb Code    16  dependencies.o(i.read_distance_early_trigger_display)
    read_distance_reached                    0x000040f5   Thumb Code    18  dependencies.o(i.read_distance_reached)
    read_distance_reached_html               0x00004111   Thumb Code    14  dependencies.o(i.read_distance_reached_html)
    read_distance_relative_set_display       0x00004125   Thumb Code     6  dependencies.o(i.read_distance_relative_set_display)
    read_distance_set_stage2_display         0x00004131   Thumb Code    16  dependencies.o(i.read_distance_set_stage2_display)
    read_distance_travelled                  0x00004145   Thumb Code    18  dependencies.o(i.read_distance_travelled)
    read_distance_travelled_html             0x00004161   Thumb Code    14  dependencies.o(i.read_distance_travelled_html)
    read_encoder_speed_display               0x00004175   Thumb Code    20  dependencies.o(i.read_encoder_speed_display)
    read_encoder_speed_history               0x00004191   Thumb Code    18  dependencies.o(i.read_encoder_speed_history)
    read_encoder_speed_history_html          0x000041ad   Thumb Code    14  dependencies.o(i.read_encoder_speed_history_html)
    read_energy_display                      0x000041c1   Thumb Code    18  dependencies.o(i.read_energy_display)
    read_energy_display_html                 0x000041dd   Thumb Code    14  dependencies.o(i.read_energy_display_html)
    read_energy_set_display                  0x000041f1   Thumb Code     6  dependencies.o(i.read_energy_set_display)
    read_energy_set_stage2_display           0x000041fd   Thumb Code    16  dependencies.o(i.read_energy_set_stage2_display)
    read_entered_main_page                   0x00004211   Thumb Code     6  dependencies.o(i.read_entered_main_page)
    read_force_display                       0x0000421d   Thumb Code     6  dependencies.o(i.read_force_display)
    read_force_set_display                   0x00004229   Thumb Code     6  dependencies.o(i.read_force_set_display)
    read_freq_delta                          0x00004235   Thumb Code    16  dependencies.o(i.read_freq_delta)
    read_freq_delta_html                     0x0000424d   Thumb Code    12  dependencies.o(i.read_freq_delta_html)
    read_freq_display                        0x0000425d   Thumb Code     6  dependencies.o(i.read_freq_display)
    read_freq_end                            0x00004269   Thumb Code    18  dependencies.o(i.read_freq_end)
    read_freq_end_html                       0x00004285   Thumb Code    14  dependencies.o(i.read_freq_end_html)
    read_freq_max                            0x00004299   Thumb Code    18  dependencies.o(i.read_freq_max)
    read_freq_max_html                       0x000042b5   Thumb Code    14  dependencies.o(i.read_freq_max_html)
    read_freq_min                            0x000042c9   Thumb Code    18  dependencies.o(i.read_freq_min)
    read_freq_min_html                       0x000042e5   Thumb Code    14  dependencies.o(i.read_freq_min_html)
    read_freq_start                          0x000042f9   Thumb Code    18  dependencies.o(i.read_freq_start)
    read_freq_start_html                     0x00004315   Thumb Code    14  dependencies.o(i.read_freq_start_html)
    read_gnd_display                         0x00004329   Thumb Code     6  dependencies.o(i.read_gnd_display)
    read_head_sweep_display                  0x00004335   Thumb Code     6  dependencies.o(i.read_head_sweep_display)
    read_history_point_display               0x00004341   Thumb Code     6  dependencies.o(i.read_history_point_display)
    read_history_point_set                   0x0000434d   Thumb Code     6  dependencies.o(i.read_history_point_set)
    read_hold_time_display                   0x00004359   Thumb Code     6  dependencies.o(i.read_hold_time_display)
    read_mode_after_stage_display            0x00004365   Thumb Code     6  dependencies.o(i.read_mode_after_stage_display)
    read_mode_early_stage_display            0x00004371   Thumb Code     6  dependencies.o(i.read_mode_early_stage_display)
    read_mode_set                            0x0000437d   Thumb Code     6  dependencies.o(i.read_mode_set)
    read_overload_display                    0x00004389   Thumb Code     6  dependencies.o(i.read_overload_display)
    read_power_after_stage_display           0x00004395   Thumb Code     6  dependencies.o(i.read_power_after_stage_display)
    read_power_early_stage_display           0x000043a1   Thumb Code     6  dependencies.o(i.read_power_early_stage_display)
    read_power_read_display                  0x000043ad   Thumb Code     6  dependencies.o(i.read_power_read_display)
    read_power_set_stage2_display            0x000043b9   Thumb Code    16  dependencies.o(i.read_power_set_stage2_display)
    read_power_stage_one_display             0x000043cd   Thumb Code     6  dependencies.o(i.read_power_stage_one_display)
    read_pressure_display                    0x000043d9   Thumb Code     6  dependencies.o(i.read_pressure_display)
    read_resonance_frequency                 0x000043e5   Thumb Code     6  dependencies.o(i.read_resonance_frequency)
    read_stage2_mode_address_display         0x000043f1   Thumb Code     6  dependencies.o(i.read_stage2_mode_address_display)
    read_stage2_mode_address_set             0x000043fd   Thumb Code     6  dependencies.o(i.read_stage2_mode_address_set)
    read_time_after_trigger_display          0x00004409   Thumb Code    16  dependencies.o(i.read_time_after_trigger_display)
    read_time_early_trigger_display          0x0000441d   Thumb Code    16  dependencies.o(i.read_time_early_trigger_display)
    read_time_on                             0x00004431   Thumb Code    18  dependencies.o(i.read_time_on)
    read_time_on_after_stage_display         0x0000444d   Thumb Code     6  dependencies.o(i.read_time_on_after_stage_display)
    read_time_on_html                        0x00004459   Thumb Code    14  dependencies.o(i.read_time_on_html)
    read_time_set_stage2_display             0x0000446d   Thumb Code    16  dependencies.o(i.read_time_set_stage2_display)
    read_time_set_stage_one_display          0x00004481   Thumb Code     6  dependencies.o(i.read_time_set_stage_one_display)
    read_timeout_occured                     0x0000448d   Thumb Code     6  dependencies.o(i.read_timeout_occured)
    read_timeout_set_display                 0x00004499   Thumb Code     6  dependencies.o(i.read_timeout_set_display)
    read_total_time_display                  0x000044a5   Thumb Code    18  dependencies.o(i.read_total_time_display)
    read_total_time_display_html             0x000044c1   Thumb Code    14  dependencies.o(i.read_total_time_display_html)
    send_response                            0x000044d5   Thumb Code    52  webserver.o(i.send_response)
    uip_add32                                0x000045bd   Thumb Code    90  uip_arch.o(i.uip_add32)
    uip_arp_arpin                            0x00004649   Thumb Code   134  uip_arp.o(i.uip_arp_arpin)
    uip_arp_ipin                             0x000046e1   Thumb Code    60  uip_arp.o(i.uip_arp_ipin)
    uip_arp_out                              0x0000472d   Thumb Code   262  uip_arp.o(i.uip_arp_out)
    uip_arp_timer                            0x00004855   Thumb Code    58  uip_arp.o(i.uip_arp_timer)
    uip_chksum                               0x00004949   Thumb Code    66  uip_arch.o(i.uip_chksum)
    uip_ipchksum                             0x0000498d   Thumb Code     8  uip_arch.o(i.uip_ipchksum)
    uip_listen                               0x00004999   Thumb Code    38  uip.o(i.uip_listen)
    uip_process                              0x000049c9   Thumb Code  2260  uip.o(i.uip_process)
    uip_read                                 0x000052a9   Thumb Code    72  webserver.o(i.uip_read)
    uip_tcpchksum                            0x00005301   Thumb Code   168  uip_arch.o(i.uip_tcpchksum)
    uip_write                                0x000053b1   Thumb Code    48  webserver.o(i.uip_write)
    update_parameter_setting_page_1          0x000053f1   Thumb Code   250  webserver.o(i.update_parameter_setting_page_1)
    update_parameter_setting_page_2          0x0000553d   Thumb Code    32  webserver.o(i.update_parameter_setting_page_2)
    update_parameter_setting_page_post_vib   0x00005569   Thumb Code   142  webserver.o(i.update_parameter_setting_page_post_vib)
    update_parameter_setting_page_pre_vib    0x00005639   Thumb Code   116  webserver.o(i.update_parameter_setting_page_pre_vib)
    update_parameter_setting_page_seg_vib    0x000056d9   Thumb Code   176  webserver.o(i.update_parameter_setting_page_seg_vib)
    webserver_init                           0x000057b9   Thumb Code   210  webserver.o(i.webserver_init)
    webserver_loop                           0x000058b1   Thumb Code   148  webserver.o(i.webserver_loop)
    write_amplitudeA_set_stage2              0x00005955   Thumb Code     6  dependencies.o(i.write_amplitudeA_set_stage2)
    write_amplitudeB_set_stage2              0x00005961   Thumb Code     6  dependencies.o(i.write_amplitudeB_set_stage2)
    write_amplitude_head_test_set            0x0000596d   Thumb Code     6  dependencies.o(i.write_amplitude_head_test_set)
    write_amplitude_set                      0x00005979   Thumb Code     6  dependencies.o(i.write_amplitude_set)
    write_button_test                        0x00005985   Thumb Code     6  dependencies.o(i.write_button_test)
    write_distance_absolute_set              0x00005991   Thumb Code     6  dependencies.o(i.write_distance_absolute_set)
    write_distance_after_trigger_set         0x0000599d   Thumb Code     6  dependencies.o(i.write_distance_after_trigger_set)
    write_distance_early_trigger_set         0x000059a9   Thumb Code     6  dependencies.o(i.write_distance_early_trigger_set)
    write_distance_relative_set              0x000059b5   Thumb Code     6  dependencies.o(i.write_distance_relative_set)
    write_distance_set_stage2                0x000059c1   Thumb Code     6  dependencies.o(i.write_distance_set_stage2)
    write_energy_set                         0x000059cd   Thumb Code     6  dependencies.o(i.write_energy_set)
    write_energy_set_stage2                  0x000059d9   Thumb Code     6  dependencies.o(i.write_energy_set_stage2)
    write_entered_main_page                  0x000059e5   Thumb Code     6  dependencies.o(i.write_entered_main_page)
    write_force_set                          0x000059f1   Thumb Code     6  dependencies.o(i.write_force_set)
    write_gnd_set                            0x000059fd   Thumb Code     6  dependencies.o(i.write_gnd_set)
    write_head_sweep_set                     0x00005a09   Thumb Code     6  dependencies.o(i.write_head_sweep_set)
    write_head_up_set                        0x00005a15   Thumb Code     6  dependencies.o(i.write_head_up_set)
    write_history_point_set                  0x00005a21   Thumb Code    22  dependencies.o(i.write_history_point_set)
    write_hold_time_set                      0x00005a41   Thumb Code     6  dependencies.o(i.write_hold_time_set)
    write_mode_after_stage_set               0x00005a4d   Thumb Code     6  dependencies.o(i.write_mode_after_stage_set)
    write_mode_early_stage_set               0x00005a59   Thumb Code     6  dependencies.o(i.write_mode_early_stage_set)
    write_mode_set                           0x00005a65   Thumb Code     6  dependencies.o(i.write_mode_set)
    write_power_after_stage_set              0x00005a71   Thumb Code     6  dependencies.o(i.write_power_after_stage_set)
    write_power_early_stage_set              0x00005a7d   Thumb Code     6  dependencies.o(i.write_power_early_stage_set)
    write_power_set_stage2                   0x00005a89   Thumb Code     6  dependencies.o(i.write_power_set_stage2)
    write_power_stage_one_set                0x00005a95   Thumb Code     6  dependencies.o(i.write_power_stage_one_set)
    write_stage2_mode_address_set            0x00005aa1   Thumb Code     6  dependencies.o(i.write_stage2_mode_address_set)
    write_time_after_trigger_set             0x00005aad   Thumb Code     6  dependencies.o(i.write_time_after_trigger_set)
    write_time_early_trigger_set             0x00005ab9   Thumb Code     6  dependencies.o(i.write_time_early_trigger_set)
    write_time_on_after_stage_set            0x00005ac5   Thumb Code     6  dependencies.o(i.write_time_on_after_stage_set)
    write_time_set_stage2                    0x00005ad1   Thumb Code     6  dependencies.o(i.write_time_set_stage2)
    write_time_set_stage_one_set             0x00005add   Thumb Code     6  dependencies.o(i.write_time_set_stage_one_set)
    write_timeout_set                        0x00005ae9   Thumb Code     6  dependencies.o(i.write_timeout_set)
    favicon_hex                              0x00005af4   Data        1150  webserver.o(.constdata)
    login_hex                                0x00005f72   Data         999  webserver.o(.constdata)
    main_page_1_hex                          0x00006359   Data         665  webserver.o(.constdata)
    common_css_hex                           0x000065f2   Data        1844  webserver.o(.constdata)
    store_and_load_css_hex                   0x00006d26   Data        1306  webserver.o(.constdata)
    system_information_css_hex               0x00007240   Data         858  webserver.o(.constdata)
    html_header_file_size                    0x0000759c   Data          76  webserver.o(.constdata)
    driver_correction_hex                    0x000075e8   Data         905  webserver.o(.constdata)
    main_page_2_hex                          0x00007971   Data         805  webserver.o(.constdata)
    observe_current_parameter_1_hex          0x00007c96   Data        2260  webserver.o(.constdata)
    observe_current_parameter_2_hex          0x0000856a   Data        1174  webserver.o(.constdata)
    observe_current_parameter_3_hex          0x00008a00   Data        1230  webserver.o(.constdata)
    observe_current_parameter_4_hex          0x00008ece   Data        1054  webserver.o(.constdata)
    observe_current_parameter_5_hex          0x000092ec   Data         810  webserver.o(.constdata)
    parameter_setting_page_1_hex             0x00009616   Data        2734  webserver.o(.constdata)
    parameter_setting_page_2_hex             0x0000a0c4   Data        1584  webserver.o(.constdata)
    parameter_setting_page_sec_vib_hex       0x0000a6f4   Data        1516  webserver.o(.constdata)
    post_vib_hex                             0x0000ace0   Data        2035  webserver.o(.constdata)
    pre_vib_hex                              0x0000b4d3   Data        2005  webserver.o(.constdata)
    store_and_load_hex                       0x0000bca8   Data        1406  webserver.o(.constdata)
    system_configuration_hex                 0x0000c226   Data         620  webserver.o(.constdata)
    system_information_hex                   0x0000c492   Data        1088  webserver.o(.constdata)
    welding_head_diagnosis_hex               0x0000c8d2   Data        1063  webserver.o(.constdata)
    welding_head_drop_hex                    0x0000ccf9   Data        1245  webserver.o(.constdata)
    welding_record_hex                       0x0000d1d6   Data        1545  webserver.o(.constdata)
    __ctype_table                            0x0000d830   Data         129  ctype_o.o(.constdata)
    Region$$Table$$Base                      0x0000decc   Number         0  anon$$obj.o(Region$$Table)
    Region$$Table$$Limit                     0x0000deec   Number         0  anon$$obj.o(Region$$Table)
    SystemCoreClock                          0x20000000   Data           4  system_m480.o(.data)
    CyclesPerUs                              0x20000004   Data           4  system_m480.o(.data)
    PllClock                                 0x20000008   Data           4  system_m480.o(.data)
    gau32ClkSrcTbl                           0x2000000c   Data          32  system_m480.o(.data)
    header                                   0x2000002c   Data           3  main.o(.data)
    timeout_sent                             0x20000030   Data           4  main.o(.data)
    broken_sent                              0x20000034   Data           4  main.o(.data)
    broken_count                             0x20000038   Data           4  main.o(.data)
    prev_overload                            0x2000003c   Data           4  main.o(.data)
    prev2_overload                           0x20000040   Data           4  main.o(.data)
    prev3_overload                           0x20000044   Data           4  main.o(.data)
    flag_pass_authentication                 0x20000048   Data           1  webserver.o(.data)
    flag_post_continuation                   0x20000049   Data           1  webserver.o(.data)
    flag_post_to_login_continuation          0x2000004a   Data           1  webserver.o(.data)
    flag_post_appdata_found_json             0x2000004b   Data           1  webserver.o(.data)
    flag_check_password                      0x2000004c   Data           1  webserver.o(.data)
    flag_chunked_transfer                    0x2000004d   Data           1  webserver.o(.data)
    post_to_modify_parameter                 0x2000004e   Data           1  webserver.o(.data)
    LOGIN_KEY                                0x20000050   Data           4  webserver.o(.data)
    LOGIN_PASSWORD                           0x20000054   Data           4  webserver.o(.data)
    JSON_PARAMETER_SETTING_PAGE_1            0x20000058   Data           4  webserver.o(.data)
    JSON_PARAMETER_SETTING_PAGE_2            0x2000005c   Data           4  webserver.o(.data)
    JSON_PARAMETER_SETTING_PAGE_SEC_VIB      0x20000060   Data           4  webserver.o(.data)
    JSON_PARAMETER_SETTING_PAGE_POST_VIB     0x20000064   Data           4  webserver.o(.data)
    JSON_PARAMETER_SETTING_PAGE_PRE_VIB      0x20000068   Data           4  webserver.o(.data)
    transfer_ptr                             0x2000006c   Data           4  webserver.o(.data)
    transfer_len                             0x20000070   Data           4  webserver.o(.data)
    curTime                                  0x20000074   Data           4  webserver.o(.data)
    prevTime                                 0x20000078   Data           4  webserver.o(.data)
    u32PktLen                                0x2000007c   Data           4  webserver.o(.data)
    ethaddr                                  0x20000080   Data           6  webserver.o(.data)
    http_header_array                        0x20000088   Data          28  webserver.o(.data)
    html_filename_array                      0x200000a4   Data          76  webserver.o(.data)
    html_header_file_array                   0x200000f0   Data          76  webserver.o(.data)
    input_address                            0x2000017c   Data           1  dependencies.o(.data)
    display_page                             0x2000017d   Data           1  dependencies.o(.data)
    Freq_init                                0x2000017e   Data           1  dependencies.o(.data)
    theta                                    0x2000017f   Data           1  dependencies.o(.data)
    sweep_on_rx                              0x20000180   Data           1  dependencies.o(.data)
    FPGA_length                              0x20000182   Data           2  dependencies.o(.data)
    FPGA_address                             0x20000184   Data           2  dependencies.o(.data)
    i                                        0x20000188   Data           4  dependencies.o(.data)
    g_i32pointer                             0x2000018c   Data           4  dependencies.o(.data)
    amplitude_set                            0x20000190   Data           4  dependencies.o(.data)
    force_set                                0x20000194   Data           4  dependencies.o(.data)
    timeout_set                              0x20000198   Data           4  dependencies.o(.data)
    hold_time_set                            0x2000019c   Data           4  dependencies.o(.data)
    amplitude_head_test_set                  0x200001a0   Data           4  dependencies.o(.data)
    distance_relative_set                    0x200001a4   Data           4  dependencies.o(.data)
    time_set_stage_one_set                   0x200001a8   Data           4  dependencies.o(.data)
    energy_set                               0x200001ac   Data           4  dependencies.o(.data)
    mode_set                                 0x200001b0   Data           4  dependencies.o(.data)
    power_stage_one_set                      0x200001b4   Data           4  dependencies.o(.data)
    amplitudeB_set_stage2                    0x200001b8   Data           4  dependencies.o(.data)
    power_early_stage_set                    0x200001bc   Data           4  dependencies.o(.data)
    time_early_trigger_set                   0x200001c0   Data           4  dependencies.o(.data)
    distance_early_trigger_set               0x200001c4   Data           4  dependencies.o(.data)
    power_after_stage_set                    0x200001c8   Data           4  dependencies.o(.data)
    time_after_trigger_set                   0x200001cc   Data           4  dependencies.o(.data)
    distance_after_trigger_set               0x200001d0   Data           4  dependencies.o(.data)
    time_on_after_stage_set                  0x200001d4   Data           4  dependencies.o(.data)
    timeout_occured                          0x200001d8   Data           4  dependencies.o(.data)
    history_point_display                    0x200001dc   Data           4  dependencies.o(.data)
    broken_transducer                        0x200001e0   Data           4  dependencies.o(.data)
    entered_main                             0x200001e4   Data           4  dependencies.o(.data)
    g_i32pointer_0                           0x200001e8   Data           4  dependencies.o(.data)
    amplitude_set_display                    0x200001ec   Data           4  dependencies.o(.data)
    freq_display                             0x200001f0   Data           4  dependencies.o(.data)
    timeout_set_display                      0x200001f4   Data           4  dependencies.o(.data)
    force_set_display                        0x200001f8   Data           4  dependencies.o(.data)
    standby                                  0x200001fc   Data           4  dependencies.o(.data)
    hold_time_display                        0x20000200   Data           4  dependencies.o(.data)
    distance_absolute_set_display            0x20000204   Data           4  dependencies.o(.data)
    distance_relative_set_display            0x20000208   Data           4  dependencies.o(.data)
    energy_set_display                       0x2000020c   Data           4  dependencies.o(.data)
    time_set_stage_one_display               0x20000210   Data           4  dependencies.o(.data)
    power_stage_one_display                  0x20000214   Data           4  dependencies.o(.data)
    distance_absolute_set                    0x20000218   Data           4  dependencies.o(.data)
    gnd_set                                  0x2000021c   Data           4  dependencies.o(.data)
    gnd_display                              0x20000220   Data           4  dependencies.o(.data)
    time_set_stage2                          0x20000224   Data           4  dependencies.o(.data)
    distance_set_stage2                      0x20000228   Data           4  dependencies.o(.data)
    energy_set_stage2                        0x2000022c   Data           4  dependencies.o(.data)
    power_set_stage2                         0x20000230   Data           4  dependencies.o(.data)
    amplitudeB_set_stage2_display            0x20000234   Data           4  dependencies.o(.data)
    stage2_mode_address_set                  0x20000238   Data           4  dependencies.o(.data)
    stage2_mode_value_display                0x2000023c   Data           4  dependencies.o(.data)
    stage2_mode_address_display              0x20000240   Data           4  dependencies.o(.data)
    power_early_stage_display                0x20000244   Data           4  dependencies.o(.data)
    mode_early_stage_display                 0x20000248   Data           4  dependencies.o(.data)
    value_early_stage_display                0x2000024c   Data           4  dependencies.o(.data)
    mode_early_stage_set                     0x20000250   Data           4  dependencies.o(.data)
    power_after_stage_display                0x20000254   Data           4  dependencies.o(.data)
    mode_after_stage_display                 0x20000258   Data           4  dependencies.o(.data)
    value_after_stage_display                0x2000025c   Data           4  dependencies.o(.data)
    time_on_after_stage_display              0x20000260   Data           4  dependencies.o(.data)
    mode_after_stage_set                     0x20000264   Data           4  dependencies.o(.data)
    current_display                          0x20000268   Data           4  dependencies.o(.data)
    power_read_display                       0x2000026c   Data           4  dependencies.o(.data)
    force_display                            0x20000270   Data           4  dependencies.o(.data)
    distance_display                         0x20000274   Data           4  dependencies.o(.data)
    energy_display                           0x20000278   Data           4  dependencies.o(.data)
    pressure_display                         0x2000027c   Data           4  dependencies.o(.data)
    overload_display                         0x20000280   Data           4  dependencies.o(.data)
    total_time_display                       0x20000284   Data           4  dependencies.o(.data)
    freq_min                                 0x20000288   Data           4  dependencies.o(.data)
    freq_max                                 0x2000028c   Data           4  dependencies.o(.data)
    freq_start                               0x20000290   Data           4  dependencies.o(.data)
    freq_end                                 0x20000294   Data           4  dependencies.o(.data)
    F_start                                  0x20000298   Data           4  dependencies.o(.data)
    F_max                                    0x2000029c   Data           4  dependencies.o(.data)
    P_max                                    0x200002a0   Data           4  dependencies.o(.data)
    distance_travelled                       0x200002a4   Data           4  dependencies.o(.data)
    time_on                                  0x200002a8   Data           4  dependencies.o(.data)
    distance_reached                         0x200002ac   Data           4  dependencies.o(.data)
    distance_hold                            0x200002b0   Data           4  dependencies.o(.data)
    encoder_speed_display                    0x200002b4   Data           4  dependencies.o(.data)
    history_point_set                        0x200002b8   Data           4  dependencies.o(.data)
    avg_power                                0x200002bc   Data           4  dependencies.o(.data)
    head_sweep_display                       0x200002c0   Data           4  dependencies.o(.data)
    head_sweep_set                           0x200002c4   Data           4  dependencies.o(.data)
    anti_resonance_frequency                 0x200002c8   Data           4  dependencies.o(.data)
    resonance_frequency                      0x200002cc   Data           4  dependencies.o(.data)
    button_test_set                          0x200002d0   Data           4  dependencies.o(.data)
    button_test_display                      0x200002d4   Data           4  dependencies.o(.data)
    head_up_set                              0x200002d8   Data           4  dependencies.o(.data)
    power_points                             0x200002dc   Data           4  dependencies.o(.data)
    power_accum                              0x200002e0   Data           4  dependencies.o(.data)
    prev_history_point                       0x200002e4   Data           4  dependencies.o(.data)
    temp_point                               0x200002e8   Data           4  dependencies.o(.data)
    relay_display                            0x200002ec   Data           4  dependencies.o(.data)
    temp_power_stage_one_set                 0x200002f0   Data           4  dependencies.o(.data)
    temp_distance_relative_set               0x200002f4   Data           4  dependencies.o(.data)
    temp_distance_absolute_set               0x200002f8   Data           4  dependencies.o(.data)
    temp_energy_set                          0x200002fc   Data           4  dependencies.o(.data)
    temp_time_set_stage_one_set              0x20000300   Data           4  dependencies.o(.data)
    temp_timeout_set                         0x20000304   Data           4  dependencies.o(.data)
    temp_value_mode_stage2                   0x20000308   Data           4  dependencies.o(.data)
    temp_value_early_stage_set               0x2000030c   Data           4  dependencies.o(.data)
    temp_value_after_stage_set               0x20000310   Data           4  dependencies.o(.data)
    temp_stage2_address                      0x20000314   Data           4  dependencies.o(.data)
    temp_early_stage_address                 0x20000318   Data           4  dependencies.o(.data)
    temp_after_stage_address                 0x2000031c   Data           4  dependencies.o(.data)
    temp_amplitude_set                       0x20000320   Data           4  dependencies.o(.data)
    temp_gnd_set                             0x20000324   Data           4  dependencies.o(.data)
    sweep_status                             0x20000328   Data           4  dependencies.o(.data)
    time_wait                                0x2000032c   Data           4  dependencies.o(.data)
    display_input_command                    0x20000330   Data           5  dependencies.o(.data)
    one_array_temp                           0x20000338   Data           1  mcu_display_control.o(.data)
    three_array_temp                         0x20000339   Data           3  mcu_display_control.o(.data)
    freq_delta                               0x2000033c   Data           4  mcu_display_control.o(.data)
    freq_delta_abs                           0x20000340   Data           4  mcu_display_control.o(.data)
    test                                     0x20000344   Data           4  mcu_display_control.o(.data)
    bcd_array                                0x20000348   Data           5  mcu_display_control.o(.data)
    display_page_2_freq_start                0x2000034d   Data           7  mcu_display_control.o(.data)
    display_page_2_freq_end                  0x20000354   Data           7  mcu_display_control.o(.data)
    display_page_2_freq_max                  0x2000035b   Data           7  mcu_display_control.o(.data)
    display_page_2_freq_min                  0x20000362   Data           7  mcu_display_control.o(.data)
    display_page_2_P_max                     0x20000369   Data           7  mcu_display_control.o(.data)
    display_page_2_P_avg                     0x20000370   Data           7  mcu_display_control.o(.data)
    display_page_2_energy                    0x20000377   Data           7  mcu_display_control.o(.data)
    display_page_2_F_start                   0x2000037e   Data           7  mcu_display_control.o(.data)
    display_page_2_F_set                     0x20000385   Data           7  mcu_display_control.o(.data)
    display_page_2_total_time                0x2000038c   Data           7  mcu_display_control.o(.data)
    display_page_2_encoder_speed             0x20000393   Data           7  mcu_display_control.o(.data)
    display_page_head_test_power_read        0x2000039a   Data           7  mcu_display_control.o(.data)
    display_page_head_test_freq_read         0x200003a1   Data           7  mcu_display_control.o(.data)
    display_page_head_diagnosis_anti         0x200003a8   Data           7  mcu_display_control.o(.data)
    display_page_head_diagnosis_res          0x200003af   Data           7  mcu_display_control.o(.data)
    display_page_2_F_max                     0x200003b6   Data           8  mcu_display_control.o(.data)
    display_main_01                          0x200003be   Data          15  mcu_display_control.o(.data)
    display_page_setting_1_time              0x200003cd   Data          60  mcu_display_control.o(.data)
    display_page_setting_1_gnd               0x20000409   Data          60  mcu_display_control.o(.data)
    display_page_setting_1_dist_rel          0x20000445   Data          61  mcu_display_control.o(.data)
    display_page_setting_1_dist_abs          0x20000482   Data          61  mcu_display_control.o(.data)
    display_page_setting_1_power             0x200004bf   Data          81  mcu_display_control.o(.data)
    display_page_setting_1_dist_energy       0x20000510   Data          60  mcu_display_control.o(.data)
    display_page_setting_1_trigger_val       0x2000054c   Data          10  mcu_display_control.o(.data)
    display_page_setting_1_force_set         0x20000556   Data          18  mcu_display_control.o(.data)
    display_page_setting_1_power_set         0x20000568   Data          12  mcu_display_control.o(.data)
    display_page_setting_1_hold_time_set     0x20000574   Data          14  mcu_display_control.o(.data)
    display_page_lock_freq                   0x20000582   Data          17  mcu_display_control.o(.data)
    display_page_setting_1_two_stages        0x20000593   Data          57  mcu_display_control.o(.data)
    display_page_setting_1_one_stage         0x200005cc   Data          57  mcu_display_control.o(.data)
    display_page_setting_1_early_on          0x20000605   Data          21  mcu_display_control.o(.data)
    display_page_setting_1_early_off         0x2000061a   Data          21  mcu_display_control.o(.data)
    display_page_setting_1_after_on          0x2000062f   Data          23  mcu_display_control.o(.data)
    display_page_setting_1_after_off         0x20000646   Data          23  mcu_display_control.o(.data)
    page_overload                            0x2000065d   Data          16  mcu_display_control.o(.data)
    page_timeout                             0x2000066d   Data          15  mcu_display_control.o(.data)
    page_broken                              0x2000067c   Data          14  mcu_display_control.o(.data)
    display_page_setting_2_timeout           0x2000068a   Data          15  mcu_display_control.o(.data)
    display_page_SectionVib_nstage2          0x20000699   Data          17  mcu_display_control.o(.data)
    display_page_SectionVib_amplitudeA_stage2 0x200006aa   Data          13  mcu_display_control.o(.data)
    display_page_SectionVib_amplitudeB_stage2 0x200006b7   Data          13  mcu_display_control.o(.data)
    display_page_head_down_pressure          0x200006c4   Data           9  mcu_display_control.o(.data)
    display_page_head_down_force_read        0x200006cd   Data           9  mcu_display_control.o(.data)
    display_page_head_down_distance_read     0x200006d6   Data          14  mcu_display_control.o(.data)
    display_page_head_down_speed             0x200006e4   Data          11  mcu_display_control.o(.data)
    display_page_2_time_on                   0x200006ef   Data           9  mcu_display_control.o(.data)
    display_page_2_distance_travelled        0x200006f8   Data           9  mcu_display_control.o(.data)
    display_page_2_distance_absolute         0x20000701   Data           9  mcu_display_control.o(.data)
    display_page_2_absolute_hold             0x2000070a   Data           9  mcu_display_control.o(.data)
    display_page_2_collapse_hold             0x20000713   Data           9  mcu_display_control.o(.data)
    display_page_2_freq_delta                0x2000071c   Data           9  mcu_display_control.o(.data)
    display_page_2_data_point                0x20000725   Data           9  mcu_display_control.o(.data)
    display_page_head_test_power_set         0x2000072e   Data          12  mcu_display_control.o(.data)
    display_page_early_after_mode            0x2000073a   Data          17  mcu_display_control.o(.data)
    display_page_early_after_value           0x2000074b   Data          10  mcu_display_control.o(.data)
    display_page_early_after_ampli           0x20000755   Data          15  mcu_display_control.o(.data)
    display_page_after_time_on               0x20000764   Data          18  mcu_display_control.o(.data)
    display_page_head_diagnosis_on           0x20000776   Data          24  mcu_display_control.o(.data)
    display_page_head_diagnosis_off          0x2000078e   Data          26  mcu_display_control.o(.data)
    g_CLK_i32ErrCode                         0x200007a8   Data           4  clk.o(.data)
    g_EMAC_i32ErrCode                        0x200007ac   Data           4  emac.o(.data)
    __stdout                                 0x200007c0   Data           4  retarget.o(.data)
    uip_urglen                               0x200007c4   Data           1  uip.o(.data)
    uip_flags                                0x200007c5   Data           1  uip.o(.data)
    uip_len                                  0x200007c8   Data           2  uip.o(.data)
    uip_slen                                 0x200007ca   Data           2  uip.o(.data)
    uip_hostaddr                             0x200007d2   Data           4  uip.o(.data)
    uip_appdata                              0x200007d8   Data           4  uip.o(.data)
    uip_sappdata                             0x200007dc   Data           4  uip.o(.data)
    uip_urgdata                              0x200007e0   Data           4  uip.o(.data)
    uip_conn                                 0x200007e4   Data           4  uip.o(.data)
    uip_acc32                                0x200007ec   Data           4  uip.o(.data)
    uip_arp_draddr                           0x200007f0   Data           4  uip.o(.data)
    uip_arp_netmask                          0x200007f4   Data           4  uip.o(.data)
    uip_ethaddr                              0x20000800   Data           6  uip_arp.o(.data)
    http_output_buf                          0x2000090c   Data        2048  webserver.o(.bss)
    http_table_buf                           0x2000110c   Data        2048  webserver.o(.bss)
    g_u8RecData                              0x200024e0   Data         256  dependencies.o(.bss)
    history_record_array                     0x200025e0   Data       18360  dependencies.o(.bss)
    FPGA_input                               0x20006d98   Data          84  dependencies.o(.bss)
    uip_buf                                  0x20009e2c   Data        1516  uip.o(.bss)
    uip_conns                                0x2000a418   Data         400  uip.o(.bss)
    uip_listenports                          0x2000a5a8   Data          20  uip.o(.bss)
    uip_stat                                 0x2000a5bc   Data          44  uip.o(.bss)
    __initial_sp                             0x2000ae48   Data           0  startup_m480.o(STACK)



==============================================================================

Memory Map of the image

  Image Entry point : 0x00000229

  Load Region LR_1 (Base: 0x00000000, Size: 0x0000e6f8, Max: 0xffffffff, ABSOLUTE, COMPRESSED[0x0000e204])

    Execution Region ER_RO (Exec base: 0x00000000, Load base: 0x00000000, Size: 0x0000deec, Max: 0xffffffff, ABSOLUTE)

    Exec Addr    Load Addr    Size         Type   Attr      Idx    E Section Name        Object

    0x00000000   0x00000000   0x000001f4   Data   RO          327    RESET               startup_m480.o
    0x000001f4   0x000001f4   0x00000000   Code   RO         2744  * .ARM.Collect$$$$00000000  mc_w.l(entry.o)
    0x000001f4   0x000001f4   0x00000004   Code   RO         3034    .ARM.Collect$$$$00000001  mc_w.l(entry2.o)
    0x000001f8   0x000001f8   0x00000004   Code   RO         3037    .ARM.Collect$$$$00000004  mc_w.l(entry5.o)
    0x000001fc   0x000001fc   0x00000000   Code   RO         3039    .ARM.Collect$$$$00000008  mc_w.l(entry7b.o)
    0x000001fc   0x000001fc   0x00000000   Code   RO         3041    .ARM.Collect$$$$0000000A  mc_w.l(entry8b.o)
    0x000001fc   0x000001fc   0x00000008   Code   RO         3042    .ARM.Collect$$$$0000000B  mc_w.l(entry9a.o)
    0x00000204   0x00000204   0x00000004   Code   RO         3049    .ARM.Collect$$$$0000000E  mc_w.l(entry12b.o)
    0x00000208   0x00000208   0x00000000   Code   RO         3044    .ARM.Collect$$$$0000000F  mc_w.l(entry10a.o)
    0x00000208   0x00000208   0x00000000   Code   RO         3046    .ARM.Collect$$$$00000011  mc_w.l(entry11a.o)
    0x00000208   0x00000208   0x00000004   Code   RO         3035    .ARM.Collect$$$$00002712  mc_w.l(entry2.o)
    0x0000020c   0x0000020c   0x0000001c   Code   RO         2512    .emb_text           retarget.o
    0x00000228   0x00000228   0x00000068   Code   RO          328  * .text               startup_m480.o
    0x00000290   0x00000290   0x00000062   Code   RO         2749    .text               mc_w.l(uldiv.o)
    0x000002f2   0x000002f2   0x00000024   Code   RO         2751    .text               mc_w.l(memcpya.o)
    0x00000316   0x00000316   0x00000024   Code   RO         2753    .text               mc_w.l(memseta.o)
    0x0000033a   0x0000033a   0x0000000e   Code   RO         2755    .text               mc_w.l(strlen.o)
    0x00000348   0x00000348   0x0000001e   Code   RO         2759    .text               mc_w.l(strncmp.o)
    0x00000366   0x00000366   0x0000001a   Code   RO         3024    .text               mc_w.l(atoi.o)
    0x00000380   0x00000380   0x0000001e   Code   RO         3052    .text               mc_w.l(llshl.o)
    0x0000039e   0x0000039e   0x00000020   Code   RO         3054    .text               mc_w.l(llushr.o)
    0x000003be   0x000003be   0x00000070   Code   RO         3063    .text               mc_w.l(strtol.o)
    0x0000042e   0x0000042e   0x00000002   PAD
    0x00000430   0x00000430   0x00000024   Code   RO         3074    .text               mc_w.l(init.o)
    0x00000454   0x00000454   0x00000008   Code   RO         3078    .text               mc_w.l(ctype_o.o)
    0x0000045c   0x0000045c   0x0000009e   Code   RO         3106    .text               mc_w.l(_strtoul.o)
    0x000004fa   0x000004fa   0x0000001c   Code   RO         3108    .text               mc_w.l(_chval.o)
    0x00000516   0x00000516   0x00000056   Code   RO         3118    .text               mc_w.l(__dczerorl2.o)
    0x0000056c   0x0000056c   0x00000012   Code   RO         1769    i.CLK_DisablePLL    clk.o
    0x0000057e   0x0000057e   0x00000002   PAD
    0x00000580   0x00000580   0x0000001c   Code   RO         1774    i.CLK_EnableModuleClock  clk.o
    0x0000059c   0x0000059c   0x00000154   Code   RO         1775    i.CLK_EnablePLL     clk.o
    0x000006f0   0x000006f0   0x00000064   Code   RO         1785    i.CLK_GetPCLK0Freq  clk.o
    0x00000754   0x00000754   0x00000068   Code   RO         1786    i.CLK_GetPCLK1Freq  clk.o
    0x000007bc   0x000007bc   0x00000050   Code   RO         1787    i.CLK_GetPLLClockFreq  clk.o
    0x0000080c   0x0000080c   0x00000084   Code   RO         1791    i.CLK_SetCoreClock  clk.o
    0x00000890   0x00000890   0x00000062   Code   RO         1792    i.CLK_SetHCLK       clk.o
    0x000008f2   0x000008f2   0x00000002   PAD
    0x000008f4   0x000008f4   0x00000094   Code   RO         1793    i.CLK_SetModuleClock  clk.o
    0x00000988   0x00000988   0x0000003c   Code   RO         1796    i.CLK_WaitClockReady  clk.o
    0x000009c4   0x000009c4   0x00000038   Code   RO         1977    i.EMAC_EnableCamEntry  emac.o
    0x000009fc   0x000009fc   0x0000004c   Code   RO         1982    i.EMAC_MdioRead     emac.o
    0x00000a48   0x00000a48   0x00000050   Code   RO         1983    i.EMAC_MdioWrite    emac.o
    0x00000a98   0x00000a98   0x0000003c   Code   RO         1985    i.EMAC_Open         emac.o
    0x00000ad4   0x00000ad4   0x00000100   Code   RO         1986    i.EMAC_PhyInit      emac.o
    0x00000bd4   0x00000bd4   0x00000020   Code   RO          389    i.EMAC_RX_IRQHandler  webserver.o
    0x00000bf4   0x00000bf4   0x00000040   Code   RO         1987    i.EMAC_RecvPkt      emac.o
    0x00000c34   0x00000c34   0x0000002c   Code   RO         1988    i.EMAC_RecvPktDone  emac.o
    0x00000c60   0x00000c60   0x00000064   Code   RO         1991    i.EMAC_RxDescInit   emac.o
    0x00000cc4   0x00000cc4   0x00000040   Code   RO         1992    i.EMAC_SendPkt      emac.o
    0x00000d04   0x00000d04   0x00000050   Code   RO         1993    i.EMAC_SendPktDone  emac.o
    0x00000d54   0x00000d54   0x00000008   Code   RO         1996    i.EMAC_SetMacAddr   emac.o
    0x00000d5c   0x00000d5c   0x00000004   Code   RO          390    i.EMAC_TX_IRQHandler  webserver.o
    0x00000d60   0x00000d60   0x00000070   Code   RO         1999    i.EMAC_TxDescInit   emac.o
    0x00000dd0   0x00000dd0   0x0000002c   Code   RO         2176    i.GPIO_SetMode      gpio.o
    0x00000dfc   0x00000dfc   0x00000028   Code   RO         2513    i.Hard_Fault_Handler  retarget.o
    0x00000e24   0x00000e24   0x00000016   Code   RO          391    i.NVIC_EnableIRQ    webserver.o
    0x00000e3a   0x00000e3a   0x00000016   Code   RO          819    i.NVIC_EnableIRQ    dependencies.o
    0x00000e50   0x00000e50   0x000000dc   Code   RO          820    i.SYS_Init          dependencies.o
    0x00000f2c   0x00000f2c   0x00000020   Code   RO         2515    i.SendChar          retarget.o
    0x00000f4c   0x00000f4c   0x00000048   Code   RO            4    i.SystemCoreClockUpdate  system_m480.o
    0x00000f94   0x00000f94   0x00000078   Code   RO            5    i.SystemInit        system_m480.o
    0x0000100c   0x0000100c   0x000000b8   Code   RO         2313    i.TIMER_Delay       timer.o
    0x000010c4   0x000010c4   0x00000078   Code   RO         2320    i.TIMER_GetModuleClock  timer.o
    0x0000113c   0x0000113c   0x00000036   Code   RO         2321    i.TIMER_Open        timer.o
    0x00001172   0x00001172   0x00000002   PAD
    0x00001174   0x00001174   0x00000170   Code   RO          335    i.TMR0_IRQHandler   main.o
    0x000012e4   0x000012e4   0x00000004   Code   RO          821    i.UART0_IRQHandler  dependencies.o
    0x000012e8   0x000012e8   0x00000010   Code   RO          822    i.UART0_Init        dependencies.o
    0x000012f8   0x000012f8   0x00000064   Code   RO          823    i.UART0_TEST_HANDLE  dependencies.o
    0x0000135c   0x0000135c   0x0000003c   Code   RO          824    i.UART0_interrrupt  dependencies.o
    0x00001398   0x00001398   0x00000004   Code   RO          825    i.UART1_IRQHandler  dependencies.o
    0x0000139c   0x0000139c   0x00000010   Code   RO          826    i.UART1_Init        dependencies.o
    0x000013ac   0x000013ac   0x00000080   Code   RO          827    i.UART1_TEST_HANDLE  dependencies.o
    0x0000142c   0x0000142c   0x0000003c   Code   RO          828    i.UART1_interrrupt  dependencies.o
    0x00001468   0x00001468   0x00000164   Code   RO         2415    i.UART_Open         uart.o
    0x000015cc   0x000015cc   0x00000014   Code   RO         2421    i.UART_SetTimeoutCnt  uart.o
    0x000015e0   0x000015e0   0x0000002e   Code   RO         2422    i.UART_Write        uart.o
    0x0000160e   0x0000160e   0x00000002   PAD
    0x00001610   0x00001610   0x00000020   Code   RO         2970    i.__0printf$8       mc_w.l(printf8.o)
    0x00001630   0x00001630   0x00000028   Code   RO         2972    i.__0sprintf$8      mc_w.l(printf8.o)
    0x00001658   0x00001658   0x00000008   Code   RO         3056    i.__aeabi_errno_addr  mc_w.l(errno.o)
    0x00001660   0x00001660   0x0000000e   Code   RO         3112    i.__scatterload_copy  mc_w.l(handlers.o)
    0x0000166e   0x0000166e   0x00000002   Code   RO         3113    i.__scatterload_null  mc_w.l(handlers.o)
    0x00001670   0x00001670   0x0000000e   Code   RO         3114    i.__scatterload_zeroinit  mc_w.l(handlers.o)
    0x0000167e   0x0000167e   0x00000002   PAD
    0x00001680   0x00001680   0x00000404   Code   RO         2977    i._printf_core      mc_w.l(printf8.o)
    0x00001a84   0x00001a84   0x00000024   Code   RO         2978    i._printf_post_padding  mc_w.l(printf8.o)
    0x00001aa8   0x00001aa8   0x0000002e   Code   RO         2979    i._printf_pre_padding  mc_w.l(printf8.o)
    0x00001ad6   0x00001ad6   0x0000000a   Code   RO         2981    i._sputc            mc_w.l(printf8.o)
    0x00001ae0   0x00001ae0   0x0000001a   Code   RO          392    i.bIsContinuationPacket  webserver.o
    0x00001afa   0x00001afa   0x00000002   PAD
    0x00001afc   0x00001afc   0x0000006c   Code   RO          393    i.bVerifyPassword   webserver.o
    0x00001b68   0x00001b68   0x000000a0   Code   RO          394    i.base64_decode     webserver.o
    0x00001c08   0x00001c08   0x00000064   Code   RO         1641    i.binary_to_bcd_array  mcu_display_control.o
    0x00001c6c   0x00001c6c   0x0000001c   Code   RO          395    i.build_decoding_table  webserver.o
    0x00001c88   0x00001c88   0x0000030c   Code   RO         1642    i.display_to_mcu    mcu_display_control.o
    0x00001f94   0x00001f94   0x00000234   Code   RO          829    i.fpga_to_mcu       dependencies.o
    0x000021c8   0x000021c8   0x0000000c   Code   RO         2519    i.fputc             retarget.o
    0x000021d4   0x000021d4   0x00000004   Code   RO         2591    i.htons             uip.o
    0x000021d8   0x000021d8   0x00000b5c   Code   RO          396    i.httpd_appcall     webserver.o
    0x00002d34   0x00002d34   0x00000070   Code   RO          336    i.main              main.o
    0x00002da4   0x00002da4   0x00000436   Code   RO          830    i.mcu_to_fpga       dependencies.o
    0x000031da   0x000031da   0x00000002   PAD
    0x000031dc   0x000031dc   0x00000034   Code   RO          399    i.pack_css_data     webserver.o
    0x00003210   0x00003210   0x00000050   Code   RO          400    i.parseURL          webserver.o
    0x00003260   0x00003260   0x000000a8   Code   RO          401    i.parsing_json      webserver.o
    0x00003308   0x00003308   0x00000014   Code   RO         1643    i.print_back_to_main_page  mcu_display_control.o
    0x0000331c   0x0000331c   0x000000f8   Code   RO         1644    i.print_page_SectionVib  mcu_display_control.o
    0x00003414   0x00003414   0x00000014   Code   RO         1645    i.print_page_broken_transducer  mcu_display_control.o
    0x00003428   0x00003428   0x00000170   Code   RO         1646    i.print_page_early_after_trigger  mcu_display_control.o
    0x00003598   0x00003598   0x00000084   Code   RO         1647    i.print_page_head_diagnosis  mcu_display_control.o
    0x0000361c   0x0000361c   0x000000f4   Code   RO         1648    i.print_page_head_down  mcu_display_control.o
    0x00003710   0x00003710   0x00000090   Code   RO         1649    i.print_page_head_test  mcu_display_control.o
    0x000037a0   0x000037a0   0x00000014   Code   RO         1650    i.print_page_lock_freq  mcu_display_control.o
    0x000037b4   0x000037b4   0x00000014   Code   RO         1651    i.print_page_overload  mcu_display_control.o
    0x000037c8   0x000037c8   0x000001dc   Code   RO         1652    i.print_page_setting_1  mcu_display_control.o
    0x000039a4   0x000039a4   0x00000044   Code   RO         1653    i.print_page_setting_2  mcu_display_control.o
    0x000039e8   0x000039e8   0x00000014   Code   RO         1654    i.print_page_timeout  mcu_display_control.o
    0x000039fc   0x000039fc   0x00000520   Code   RO         1655    i.print_page_weld_record  mcu_display_control.o
    0x00003f1c   0x00003f1c   0x0000001c   Code   RO          831    i.read_F_max        dependencies.o
    0x00003f38   0x00003f38   0x00000014   Code   RO          832    i.read_F_max_html   dependencies.o
    0x00003f4c   0x00003f4c   0x0000001c   Code   RO          833    i.read_F_set_history  dependencies.o
    0x00003f68   0x00003f68   0x00000014   Code   RO          834    i.read_F_set_history_html  dependencies.o
    0x00003f7c   0x00003f7c   0x0000001c   Code   RO          835    i.read_F_start      dependencies.o
    0x00003f98   0x00003f98   0x00000014   Code   RO          836    i.read_F_start_html  dependencies.o
    0x00003fac   0x00003fac   0x0000001c   Code   RO          837    i.read_P_max        dependencies.o
    0x00003fc8   0x00003fc8   0x00000014   Code   RO          838    i.read_P_max_html   dependencies.o
    0x00003fdc   0x00003fdc   0x0000001c   Code   RO          839    i.read_absolute_hold  dependencies.o
    0x00003ff8   0x00003ff8   0x00000014   Code   RO          840    i.read_absolute_hold_html  dependencies.o
    0x0000400c   0x0000400c   0x0000000c   Code   RO          841    i.read_amplitudeA_set_stage2_display  dependencies.o
    0x00004018   0x00004018   0x0000000c   Code   RO          842    i.read_amplitudeB_set_stage2_display  dependencies.o
    0x00004024   0x00004024   0x0000000c   Code   RO          843    i.read_amplitude_set_display  dependencies.o
    0x00004030   0x00004030   0x0000000c   Code   RO          844    i.read_anti_resonance_frequency  dependencies.o
    0x0000403c   0x0000403c   0x0000001c   Code   RO          845    i.read_avg_power    dependencies.o
    0x00004058   0x00004058   0x00000014   Code   RO          846    i.read_avg_power_html  dependencies.o
    0x0000406c   0x0000406c   0x0000000c   Code   RO          847    i.read_broken_transducer  dependencies.o
    0x00004078   0x00004078   0x0000000c   Code   RO          848    i.read_button_test_display  dependencies.o
    0x00004084   0x00004084   0x0000001c   Code   RO          849    i.read_collapse_hold  dependencies.o
    0x000040a0   0x000040a0   0x00000014   Code   RO          850    i.read_collapse_hold_html  dependencies.o
    0x000040b4   0x000040b4   0x0000000c   Code   RO          852    i.read_distance_absolute_set_display  dependencies.o
    0x000040c0   0x000040c0   0x00000014   Code   RO          853    i.read_distance_after_trigger_display  dependencies.o
    0x000040d4   0x000040d4   0x0000000c   Code   RO          854    i.read_distance_display  dependencies.o
    0x000040e0   0x000040e0   0x00000014   Code   RO          855    i.read_distance_early_trigger_display  dependencies.o
    0x000040f4   0x000040f4   0x0000001c   Code   RO          857    i.read_distance_reached  dependencies.o
    0x00004110   0x00004110   0x00000014   Code   RO          858    i.read_distance_reached_html  dependencies.o
    0x00004124   0x00004124   0x0000000c   Code   RO          859    i.read_distance_relative_set_display  dependencies.o
    0x00004130   0x00004130   0x00000014   Code   RO          860    i.read_distance_set_stage2_display  dependencies.o
    0x00004144   0x00004144   0x0000001c   Code   RO          861    i.read_distance_travelled  dependencies.o
    0x00004160   0x00004160   0x00000014   Code   RO          862    i.read_distance_travelled_html  dependencies.o
    0x00004174   0x00004174   0x0000001c   Code   RO          863    i.read_encoder_speed_display  dependencies.o
    0x00004190   0x00004190   0x0000001c   Code   RO          864    i.read_encoder_speed_history  dependencies.o
    0x000041ac   0x000041ac   0x00000014   Code   RO          865    i.read_encoder_speed_history_html  dependencies.o
    0x000041c0   0x000041c0   0x0000001c   Code   RO          866    i.read_energy_display  dependencies.o
    0x000041dc   0x000041dc   0x00000014   Code   RO          867    i.read_energy_display_html  dependencies.o
    0x000041f0   0x000041f0   0x0000000c   Code   RO          868    i.read_energy_set_display  dependencies.o
    0x000041fc   0x000041fc   0x00000014   Code   RO          869    i.read_energy_set_stage2_display  dependencies.o
    0x00004210   0x00004210   0x0000000c   Code   RO          870    i.read_entered_main_page  dependencies.o
    0x0000421c   0x0000421c   0x0000000c   Code   RO          871    i.read_force_display  dependencies.o
    0x00004228   0x00004228   0x0000000c   Code   RO          872    i.read_force_set_display  dependencies.o
    0x00004234   0x00004234   0x00000018   Code   RO          873    i.read_freq_delta   dependencies.o
    0x0000424c   0x0000424c   0x00000010   Code   RO          874    i.read_freq_delta_html  dependencies.o
    0x0000425c   0x0000425c   0x0000000c   Code   RO          875    i.read_freq_display  dependencies.o
    0x00004268   0x00004268   0x0000001c   Code   RO          876    i.read_freq_end     dependencies.o
    0x00004284   0x00004284   0x00000014   Code   RO          877    i.read_freq_end_html  dependencies.o
    0x00004298   0x00004298   0x0000001c   Code   RO          878    i.read_freq_max     dependencies.o
    0x000042b4   0x000042b4   0x00000014   Code   RO          879    i.read_freq_max_html  dependencies.o
    0x000042c8   0x000042c8   0x0000001c   Code   RO          880    i.read_freq_min     dependencies.o
    0x000042e4   0x000042e4   0x00000014   Code   RO          881    i.read_freq_min_html  dependencies.o
    0x000042f8   0x000042f8   0x0000001c   Code   RO          882    i.read_freq_start   dependencies.o
    0x00004314   0x00004314   0x00000014   Code   RO          883    i.read_freq_start_html  dependencies.o
    0x00004328   0x00004328   0x0000000c   Code   RO          884    i.read_gnd_display  dependencies.o
    0x00004334   0x00004334   0x0000000c   Code   RO          885    i.read_head_sweep_display  dependencies.o
    0x00004340   0x00004340   0x0000000c   Code   RO          886    i.read_history_point_display  dependencies.o
    0x0000434c   0x0000434c   0x0000000c   Code   RO          887    i.read_history_point_set  dependencies.o
    0x00004358   0x00004358   0x0000000c   Code   RO          888    i.read_hold_time_display  dependencies.o
    0x00004364   0x00004364   0x0000000c   Code   RO          889    i.read_mode_after_stage_display  dependencies.o
    0x00004370   0x00004370   0x0000000c   Code   RO          890    i.read_mode_early_stage_display  dependencies.o
    0x0000437c   0x0000437c   0x0000000c   Code   RO          891    i.read_mode_set     dependencies.o
    0x00004388   0x00004388   0x0000000c   Code   RO          892    i.read_overload_display  dependencies.o
    0x00004394   0x00004394   0x0000000c   Code   RO          893    i.read_power_after_stage_display  dependencies.o
    0x000043a0   0x000043a0   0x0000000c   Code   RO          894    i.read_power_early_stage_display  dependencies.o
    0x000043ac   0x000043ac   0x0000000c   Code   RO          895    i.read_power_read_display  dependencies.o
    0x000043b8   0x000043b8   0x00000014   Code   RO          896    i.read_power_set_stage2_display  dependencies.o
    0x000043cc   0x000043cc   0x0000000c   Code   RO          897    i.read_power_stage_one_display  dependencies.o
    0x000043d8   0x000043d8   0x0000000c   Code   RO          898    i.read_pressure_display  dependencies.o
    0x000043e4   0x000043e4   0x0000000c   Code   RO          899    i.read_resonance_frequency  dependencies.o
    0x000043f0   0x000043f0   0x0000000c   Code   RO          900    i.read_stage2_mode_address_display  dependencies.o
    0x000043fc   0x000043fc   0x0000000c   Code   RO          901    i.read_stage2_mode_address_set  dependencies.o
    0x00004408   0x00004408   0x00000014   Code   RO          903    i.read_time_after_trigger_display  dependencies.o
    0x0000441c   0x0000441c   0x00000014   Code   RO          904    i.read_time_early_trigger_display  dependencies.o
    0x00004430   0x00004430   0x0000001c   Code   RO          905    i.read_time_on      dependencies.o
    0x0000444c   0x0000444c   0x0000000c   Code   RO          906    i.read_time_on_after_stage_display  dependencies.o
    0x00004458   0x00004458   0x00000014   Code   RO          907    i.read_time_on_html  dependencies.o
    0x0000446c   0x0000446c   0x00000014   Code   RO          908    i.read_time_set_stage2_display  dependencies.o
    0x00004480   0x00004480   0x0000000c   Code   RO          909    i.read_time_set_stage_one_display  dependencies.o
    0x0000448c   0x0000448c   0x0000000c   Code   RO          910    i.read_timeout_occured  dependencies.o
    0x00004498   0x00004498   0x0000000c   Code   RO          911    i.read_timeout_set_display  dependencies.o
    0x000044a4   0x000044a4   0x0000001c   Code   RO          912    i.read_total_time_display  dependencies.o
    0x000044c0   0x000044c0   0x00000014   Code   RO          913    i.read_total_time_display_html  dependencies.o
    0x000044d4   0x000044d4   0x00000040   Code   RO          402    i.send_response     webserver.o
    0x00004514   0x00004514   0x000000a8   Code   RO         2521    i.stackDump         retarget.o
    0x000045bc   0x000045bc   0x00000060   Code   RO         2714    i.uip_add32         uip_arch.o
    0x0000461c   0x0000461c   0x0000002c   Code   RO         2592    i.uip_add_rcv_nxt   uip.o
    0x00004648   0x00004648   0x00000098   Code   RO         2658    i.uip_arp_arpin     uip_arp.o
    0x000046e0   0x000046e0   0x0000004c   Code   RO         2660    i.uip_arp_ipin      uip_arp.o
    0x0000472c   0x0000472c   0x00000128   Code   RO         2661    i.uip_arp_out       uip_arp.o
    0x00004854   0x00004854   0x00000044   Code   RO         2662    i.uip_arp_timer     uip_arp.o
    0x00004898   0x00004898   0x000000b0   Code   RO         2663    i.uip_arp_update    uip_arp.o
    0x00004948   0x00004948   0x00000042   Code   RO         2715    i.uip_chksum        uip_arch.o
    0x0000498a   0x0000498a   0x00000002   PAD
    0x0000498c   0x0000498c   0x0000000c   Code   RO         2716    i.uip_ipchksum      uip_arch.o
    0x00004998   0x00004998   0x00000030   Code   RO         2595    i.uip_listen        uip.o
    0x000049c8   0x000049c8   0x000008e0   Code   RO         2596    i.uip_process       uip.o
    0x000052a8   0x000052a8   0x00000058   Code   RO          404    i.uip_read          webserver.o
    0x00005300   0x00005300   0x000000b0   Code   RO         2717    i.uip_tcpchksum     uip_arch.o
    0x000053b0   0x000053b0   0x00000040   Code   RO          405    i.uip_write         webserver.o
    0x000053f0   0x000053f0   0x0000014c   Code   RO          406    i.update_parameter_setting_page_1  webserver.o
    0x0000553c   0x0000553c   0x0000002c   Code   RO          407    i.update_parameter_setting_page_2  webserver.o
    0x00005568   0x00005568   0x000000d0   Code   RO          408    i.update_parameter_setting_page_post_vib  webserver.o
    0x00005638   0x00005638   0x000000a0   Code   RO          409    i.update_parameter_setting_page_pre_vib  webserver.o
    0x000056d8   0x000056d8   0x000000e0   Code   RO          410    i.update_parameter_setting_page_seg_vib  webserver.o
    0x000057b8   0x000057b8   0x000000f8   Code   RO          411    i.webserver_init    webserver.o
    0x000058b0   0x000058b0   0x000000a4   Code   RO          412    i.webserver_loop    webserver.o
    0x00005954   0x00005954   0x0000000c   Code   RO          914    i.write_amplitudeA_set_stage2  dependencies.o
    0x00005960   0x00005960   0x0000000c   Code   RO          915    i.write_amplitudeB_set_stage2  dependencies.o
    0x0000596c   0x0000596c   0x0000000c   Code   RO          916    i.write_amplitude_head_test_set  dependencies.o
    0x00005978   0x00005978   0x0000000c   Code   RO          917    i.write_amplitude_set  dependencies.o
    0x00005984   0x00005984   0x0000000c   Code   RO          918    i.write_button_test  dependencies.o
    0x00005990   0x00005990   0x0000000c   Code   RO          919    i.write_distance_absolute_set  dependencies.o
    0x0000599c   0x0000599c   0x0000000c   Code   RO          920    i.write_distance_after_trigger_set  dependencies.o
    0x000059a8   0x000059a8   0x0000000c   Code   RO          921    i.write_distance_early_trigger_set  dependencies.o
    0x000059b4   0x000059b4   0x0000000c   Code   RO          922    i.write_distance_relative_set  dependencies.o
    0x000059c0   0x000059c0   0x0000000c   Code   RO          923    i.write_distance_set_stage2  dependencies.o
    0x000059cc   0x000059cc   0x0000000c   Code   RO          924    i.write_energy_set  dependencies.o
    0x000059d8   0x000059d8   0x0000000c   Code   RO          925    i.write_energy_set_stage2  dependencies.o
    0x000059e4   0x000059e4   0x0000000c   Code   RO          926    i.write_entered_main_page  dependencies.o
    0x000059f0   0x000059f0   0x0000000c   Code   RO          927    i.write_force_set   dependencies.o
    0x000059fc   0x000059fc   0x0000000c   Code   RO          928    i.write_gnd_set     dependencies.o
    0x00005a08   0x00005a08   0x0000000c   Code   RO          929    i.write_head_sweep_set  dependencies.o
    0x00005a14   0x00005a14   0x0000000c   Code   RO          930    i.write_head_up_set  dependencies.o
    0x00005a20   0x00005a20   0x00000020   Code   RO          931    i.write_history_point_set  dependencies.o
    0x00005a40   0x00005a40   0x0000000c   Code   RO          932    i.write_hold_time_set  dependencies.o
    0x00005a4c   0x00005a4c   0x0000000c   Code   RO          933    i.write_mode_after_stage_set  dependencies.o
    0x00005a58   0x00005a58   0x0000000c   Code   RO          934    i.write_mode_early_stage_set  dependencies.o
    0x00005a64   0x00005a64   0x0000000c   Code   RO          935    i.write_mode_set    dependencies.o
    0x00005a70   0x00005a70   0x0000000c   Code   RO          936    i.write_power_after_stage_set  dependencies.o
    0x00005a7c   0x00005a7c   0x0000000c   Code   RO          937    i.write_power_early_stage_set  dependencies.o
    0x00005a88   0x00005a88   0x0000000c   Code   RO          938    i.write_power_set_stage2  dependencies.o
    0x00005a94   0x00005a94   0x0000000c   Code   RO          939    i.write_power_stage_one_set  dependencies.o
    0x00005aa0   0x00005aa0   0x0000000c   Code   RO          940    i.write_stage2_mode_address_set  dependencies.o
    0x00005aac   0x00005aac   0x0000000c   Code   RO          941    i.write_time_after_trigger_set  dependencies.o
    0x00005ab8   0x00005ab8   0x0000000c   Code   RO          942    i.write_time_early_trigger_set  dependencies.o
    0x00005ac4   0x00005ac4   0x0000000c   Code   RO          943    i.write_time_on_after_stage_set  dependencies.o
    0x00005ad0   0x00005ad0   0x0000000c   Code   RO          944    i.write_time_set_stage2  dependencies.o
    0x00005adc   0x00005adc   0x0000000c   Code   RO          945    i.write_time_set_stage_one_set  dependencies.o
    0x00005ae8   0x00005ae8   0x0000000c   Code   RO          946    i.write_timeout_set  dependencies.o
    0x00005af4   0x00005af4   0x00001af4   Data   RO          414    .constdata          webserver.o
    0x000075e8   0x000075e8   0x00000389   Data   RO          415    .constdata          webserver.o
    0x00007971   0x00007971   0x00000325   Data   RO          416    .constdata          webserver.o
    0x00007c96   0x00007c96   0x000008d4   Data   RO          417    .constdata          webserver.o
    0x0000856a   0x0000856a   0x00000496   Data   RO          418    .constdata          webserver.o
    0x00008a00   0x00008a00   0x000004ce   Data   RO          419    .constdata          webserver.o
    0x00008ece   0x00008ece   0x0000041e   Data   RO          420    .constdata          webserver.o
    0x000092ec   0x000092ec   0x0000032a   Data   RO          421    .constdata          webserver.o
    0x00009616   0x00009616   0x00000aae   Data   RO          422    .constdata          webserver.o
    0x0000a0c4   0x0000a0c4   0x00000630   Data   RO          423    .constdata          webserver.o
    0x0000a6f4   0x0000a6f4   0x000005ec   Data   RO          424    .constdata          webserver.o
    0x0000ace0   0x0000ace0   0x000007f3   Data   RO          425    .constdata          webserver.o
    0x0000b4d3   0x0000b4d3   0x000007d5   Data   RO          426    .constdata          webserver.o
    0x0000bca8   0x0000bca8   0x0000057e   Data   RO          427    .constdata          webserver.o
    0x0000c226   0x0000c226   0x0000026c   Data   RO          428    .constdata          webserver.o
    0x0000c492   0x0000c492   0x00000440   Data   RO          429    .constdata          webserver.o
    0x0000c8d2   0x0000c8d2   0x00000427   Data   RO          430    .constdata          webserver.o
    0x0000ccf9   0x0000ccf9   0x000004dd   Data   RO          431    .constdata          webserver.o
    0x0000d1d6   0x0000d1d6   0x00000609   Data   RO          432    .constdata          webserver.o
    0x0000d7df   0x0000d7df   0x00000001   PAD
    0x0000d7e0   0x0000d7e0   0x00000020   Data   RO         2325    .constdata          timer.o
    0x0000d800   0x0000d800   0x00000030   Data   RO         2423    .constdata          uart.o
    0x0000d830   0x0000d830   0x00000081   Data   RO         3079    .constdata          mc_w.l(ctype_o.o)
    0x0000d8b1   0x0000d8b1   0x00000003   PAD
    0x0000d8b4   0x0000d8b4   0x00000004   Data   RO         3080    .constdata          mc_w.l(ctype_o.o)
    0x0000d8b8   0x0000d8b8   0x00000611   Data   RO          433    .conststring        webserver.o
    0x0000dec9   0x0000dec9   0x00000003   PAD
    0x0000decc   0x0000decc   0x00000020   Data   RO         3110    Region$$Table       anon$$obj.o


    Execution Region ER_RW (Exec base: 0x20000000, Load base: 0x0000deec, Size: 0x0000080c, Max: 0xffffffff, ABSOLUTE, COMPRESSED[0x00000318])

    Exec Addr    Load Addr    Size         Type   Attr      Idx    E Section Name        Object

    0x20000000   COMPRESSED   0x0000002c   Data   RW            6    .data               system_m480.o
    0x2000002c   COMPRESSED   0x00000003   Data   RW          337    .data               main.o
    0x2000002f   COMPRESSED   0x00000001   PAD
    0x20000030   COMPRESSED   0x00000018   Data   RW          338    .data               main.o
    0x20000048   COMPRESSED   0x00000134   Data   RW          435    .data               webserver.o
    0x2000017c   COMPRESSED   0x000001b9   Data   RW          949    .data               dependencies.o
    0x20000335   COMPRESSED   0x00000003   PAD
    0x20000338   COMPRESSED   0x00000470   Data   RW         1656    .data               mcu_display_control.o
    0x200007a8   COMPRESSED   0x00000004   Data   RW         1798    .data               clk.o
    0x200007ac   COMPRESSED   0x00000014   Data   RW         2002    .data               emac.o
    0x200007c0   COMPRESSED   0x00000004   Data   RW         2522    .data               retarget.o
    0x200007c4   COMPRESSED   0x0000002c   Data   RW         2599    .data               uip.o
    0x200007f0   COMPRESSED   0x00000004   Data   RW         2600    .data               uip.o
    0x200007f4   COMPRESSED   0x00000004   Data   RW         2601    .data               uip.o
    0x200007f8   COMPRESSED   0x0000000e   Data   RW         2665    .data               uip_arp.o
    0x20000806   COMPRESSED   0x00000002   PAD
    0x20000808   COMPRESSED   0x00000004   Data   RW         3059    .data               mc_w.l(errno.o)


    Execution Region ER_ZI (Exec base: 0x2000080c, Load base: 0x0000e204, Size: 0x0000a63c, Max: 0xffffffff, ABSOLUTE)

    Exec Addr    Load Addr    Size         Type   Attr      Idx    E Section Name        Object

    0x2000080c        -       0x00001cd4   Zero   RW          413    .bss                webserver.o
    0x200024e0        -       0x0000490c   Zero   RW          948    .bss                dependencies.o
    0x20006dec        -       0x00003040   Zero   RW         2001    .bss                emac.o
    0x20009e2c        -       0x000007bc   Zero   RW         2598    .bss                uip.o
    0x2000a5e8        -       0x00000060   Zero   RW         2664    .bss                uip_arp.o
    0x2000a648        -       0x00000800   Zero   RW          325    STACK               startup_m480.o


==============================================================================

Image component sizes


      Code (inc. data)   RO Data    RW Data    ZI Data      Debug   Object Name

      1108         80          0          4          0       8872   clk.o
      4152        826          0        441      18700     186726   dependencies.o
      1000        134          0         20      12352      11005   emac.o
        44          0          0          0          0       1047   gpio.o
       480         42          0         27          0      44242   main.o
      3972        230          0       1136          0      16684   mcu_display_control.o
       280        130          0          4          0       4919   retarget.o
       104         20        500          0       2048        928   startup_m480.o
       192         20          0         44          0      50399   system_m480.o
       358         32         32          0          0       3230   timer.o
       422         42         48          0          0       2978   uart.o
      2368         72          0         52       1980      11930   uip.o
       350         18          0          0          0       3128   uip_arch.o
       768         88          0         14         96       6312   uip_arp.o
      5184       1106      33532        308       7380     159039   webserver.o

    ----------------------------------------------------------------------
     20796       2840      34148       2056      42556     511439   Object Totals
         0          0         32          0          0          0   (incl. Generated)
        14          0          4          6          0          0   (incl. Padding)

    ----------------------------------------------------------------------

      Code (inc. data)   RO Data    RW Data    ZI Data      Debug   Library Member Name

        86          0          0          0          0          0   __dczerorl2.o
        28          0          0          0          0         68   _chval.o
       158          0          0          0          0         92   _strtoul.o
        26          0          0          0          0         80   atoi.o
         8          4        133          0          0         68   ctype_o.o
         0          0          0          0          0          0   entry.o
         0          0          0          0          0          0   entry10a.o
         0          0          0          0          0          0   entry11a.o
         4          0          0          0          0          0   entry12b.o
         8          4          0          0          0          0   entry2.o
         4          0          0          0          0          0   entry5.o
         0          0          0          0          0          0   entry7b.o
         0          0          0          0          0          0   entry8b.o
         8          4          0          0          0          0   entry9a.o
         8          4          0          4          0         68   errno.o
        30          0          0          0          0          0   handlers.o
        36          8          0          0          0         68   init.o
        30          0          0          0          0         68   llshl.o
        32          0          0          0          0         68   llushr.o
        36          0          0          0          0         68   memcpya.o
        36          0          0          0          0        108   memseta.o
      1192         60          0          0          0        504   printf8.o
        14          0          0          0          0         68   strlen.o
        30          0          0          0          0         80   strncmp.o
       112          0          0          0          0         88   strtol.o
        98          0          0          0          0         92   uldiv.o

    ----------------------------------------------------------------------
      1988         84        136          4          0       1588   Library Totals
         4          0          3          0          0          0   (incl. Padding)

    ----------------------------------------------------------------------

      Code (inc. data)   RO Data    RW Data    ZI Data      Debug   Library Name

      1984         84        133          4          0       1588   mc_w.l

    ----------------------------------------------------------------------
      1988         84        136          4          0       1588   Library Totals

    ----------------------------------------------------------------------

==============================================================================


      Code (inc. data)   RO Data    RW Data    ZI Data      Debug   

     22784       2924      34284       2060      42556     491931   Grand Totals
     22784       2924      34284        792      42556     491931   ELF Image Totals (compressed)
     22784       2924      34284        792          0          0   ROM Totals

==============================================================================

    Total RO  Size (Code + RO Data)                57068 (  55.73kB)
    Total RW  Size (RW Data + ZI Data)             44616 (  43.57kB)
    Total ROM Size (Code + RO Data + RW Data)      57860 (  56.50kB)

==============================================================================

