<html>
<body>
<pre>
<h1>µVision Build Log</h1>
<h2>Tool Versions:</h2>
IDE-Version: µVision V5.38.0.0
Copyright (C) 2022 ARM Ltd and ARM Germany GmbH. All rights reserved.
License Information: kevin kevinsagen47@Gmail.com, itri, LIC=----
 
Tool Versions:
Toolchain:       MDK-Lite  Version: 5.38.0.0
Toolchain Path:  C:\Keil_v5\ARM\ARM_Compiler_5.06u7\Bin
C Compiler:      Armcc.exe V5.06 update 7 (build 960)
Assembler:       Armasm.exe V5.06 update 7 (build 960)
Linker/Locator:  ArmLink.exe V5.06 update 7 (build 960)
Library Manager: ArmAr.exe V5.06 update 7 (build 960)
Hex Converter:   FromElf.exe V5.06 update 7 (build 960)
CPU DLL:         SARMCM3.DLL V5.38.0.0
Dialog DLL:      DARMCM1.DLL V1.19.6.0
Target DLL:      Nu_Link.dll V3.12
Dialog DLL:      TARMCM1.DLL V1.14.6.0
 
<h2>Project:</h2>
C:\Users\kevin\Documents\Github\mcu-fpga-display\KEIL\UART_AutoFlow.uvproj
Project File Date:  07/05/2023

<h2>Output:</h2>
*** Using Compiler 'V5.06 update 7 (build 960)', folder: 'C:\Keil_v5\ARM\ARM_Compiler_5.06u7\Bin'
Build target 'UART_AutoFlow'
Clean started - Project: 'UART_AutoFlow'
   deleting intermediate output files for target 'UART_AutoFlow'
Clean done
creating preprocessor file for system_M480.c...
compiling system_M480.c...
assembling startup_M480.s...
creating preprocessor file for main.c...
compiling main.c...
..\dependencies.h(16): warning:  #1295-D: Deprecated declaration UART0_Init - give arg types
  void UART0_Init();
..\dependencies.h(17): warning:  #1295-D: Deprecated declaration UART1_Init - give arg types
  void UART1_Init();
..\dependencies.h(18): warning:  #1295-D: Deprecated declaration UART0_TEST_HANDLE - give arg types
  void UART0_TEST_HANDLE();
..\dependencies.h(19): warning:  #1295-D: Deprecated declaration UART1_TEST_HANDLE - give arg types
  void UART1_TEST_HANDLE();
..\dependencies.h(22): warning:  #1295-D: Deprecated declaration AutoFlow_FunctionTest - give arg types
  void AutoFlow_FunctionTest();
..\dependencies.h(26): warning:  #1295-D: Deprecated declaration print_page_setting_1 - give arg types
  void print_page_setting_1();
..\dependencies.h(27): warning:  #1295-D: Deprecated declaration print_page_setting_2 - give arg types
  void print_page_setting_2();
..\dependencies.h(28): warning:  #1295-D: Deprecated declaration print_page_weld_record - give arg types
  void print_page_weld_record();
..\dependencies.h(29): warning:  #1295-D: Deprecated declaration print_page_head_down - give arg types
  void print_page_head_down();
..\dependencies.h(32): warning:  #1295-D: Deprecated declaration print_page_lock_freq - give arg types
  void print_page_lock_freq();
..\dependencies.h(48): warning:  #1295-D: Deprecated declaration read_amplitude_set_display - give arg types
  unsigned int read_amplitude_set_display();
..\dependencies.h(49): warning:  #1295-D: Deprecated declaration read_mode_set - give arg types
  unsigned int read_mode_set() ;
..\dependencies.h(55): warning:  #1295-D: Deprecated declaration read_freq_display - give arg types
  unsigned int read_freq_display();
..\dependencies.h(56): warning:  #1295-D: Deprecated declaration read_timeout_set_display - give arg types
  unsigned int read_timeout_set_display();
..\dependencies.h(57): warning:  #1295-D: Deprecated declaration read_distance_absolute_set_display - give arg types
  unsigned int read_distance_absolute_set_display();
..\dependencies.h(58): warning:  #1295-D: Deprecated declaration read_distance_relative_set_display - give arg types
  unsigned int read_distance_relative_set_display();
..\dependencies.h(59): warning:  #1295-D: Deprecated declaration read_energy_set_display - give arg types
  unsigned int read_energy_set_display();
..\dependencies.h(60): warning:  #1295-D: Deprecated declaration read_force_set_display - give arg types
  unsigned int read_force_set_display();
..\dependencies.h(61): warning:  #1295-D: Deprecated declaration read_time_set_stage_one_display - give arg types
  unsigned int read_time_set_stage_one_display();
..\dependencies.h(66): warning:  #1295-D: Deprecated declaration read_force_display - give arg types
  unsigned int read_force_display();
..\dependencies.h(67): warning:  #1295-D: Deprecated declaration read_distance_display - give arg types
  unsigned int read_distance_display();
..\dependencies.h(68): warning:  #1295-D: Deprecated declaration read_pressure_display - give arg types
  unsigned int read_pressure_display();
..\dependencies.h(72): warning:  #1295-D: Deprecated declaration read_energy_display - give arg types
  unsigned int read_energy_display();
..\dependencies.h(75): warning:  #1295-D: Deprecated declaration read_freq_min - give arg types
  unsigned int read_freq_min();
..\dependencies.h(76): warning:  #1295-D: Deprecated declaration read_freq_max - give arg types
  unsigned int read_freq_max();
..\dependencies.h(77): warning:  #1295-D: Deprecated declaration read_freq_start - give arg types
  unsigned int read_freq_start();
..\dependencies.h(78): warning:  #1295-D: Deprecated declaration read_freq_end - give arg types
  unsigned int read_freq_end();
..\dependencies.h(79): warning:  #1295-D: Deprecated declaration read_F_start - give arg types
  unsigned int read_F_start();
..\dependencies.h(80): warning:  #1295-D: Deprecated declaration read_F_max - give arg types
  unsigned int read_F_max();
..\dependencies.h(81): warning:  #1295-D: Deprecated declaration read_P_max - give arg types
  unsigned int read_P_max();
..\dependencies.h(82): warning:  #1295-D: Deprecated declaration read_distance_travelled - give arg types
  unsigned int read_distance_travelled();
..\dependencies.h(83): warning:  #1295-D: Deprecated declaration read_time_on - give arg types
  unsigned int read_time_on();
..\main.c: 32 warnings, 0 errors
creating preprocessor file for dependencies.c...
compiling dependencies.c...
..\dependencies.h(16): warning:  #1295-D: Deprecated declaration UART0_Init - give arg types
  void UART0_Init();
..\dependencies.h(17): warning:  #1295-D: Deprecated declaration UART1_Init - give arg types
  void UART1_Init();
..\dependencies.h(18): warning:  #1295-D: Deprecated declaration UART0_TEST_HANDLE - give arg types
  void UART0_TEST_HANDLE();
..\dependencies.h(19): warning:  #1295-D: Deprecated declaration UART1_TEST_HANDLE - give arg types
  void UART1_TEST_HANDLE();
..\dependencies.h(22): warning:  #1295-D: Deprecated declaration AutoFlow_FunctionTest - give arg types
  void AutoFlow_FunctionTest();
..\dependencies.h(26): warning:  #1295-D: Deprecated declaration print_page_setting_1 - give arg types
  void print_page_setting_1();
..\dependencies.h(27): warning:  #1295-D: Deprecated declaration print_page_setting_2 - give arg types
  void print_page_setting_2();
..\dependencies.h(28): warning:  #1295-D: Deprecated declaration print_page_weld_record - give arg types
  void print_page_weld_record();
..\dependencies.h(29): warning:  #1295-D: Deprecated declaration print_page_head_down - give arg types
  void print_page_head_down();
..\dependencies.h(32): warning:  #1295-D: Deprecated declaration print_page_lock_freq - give arg types
  void print_page_lock_freq();
..\dependencies.h(48): warning:  #1295-D: Deprecated declaration read_amplitude_set_display - give arg types
  unsigned int read_amplitude_set_display();
..\dependencies.h(49): warning:  #1295-D: Deprecated declaration read_mode_set - give arg types
  unsigned int read_mode_set() ;
..\dependencies.h(55): warning:  #1295-D: Deprecated declaration read_freq_display - give arg types
  unsigned int read_freq_display();
..\dependencies.h(56): warning:  #1295-D: Deprecated declaration read_timeout_set_display - give arg types
  unsigned int read_timeout_set_display();
..\dependencies.h(57): warning:  #1295-D: Deprecated declaration read_distance_absolute_set_display - give arg types
  unsigned int read_distance_absolute_set_display();
..\dependencies.h(58): warning:  #1295-D: Deprecated declaration read_distance_relative_set_display - give arg types
  unsigned int read_distance_relative_set_display();
..\dependencies.h(59): warning:  #1295-D: Deprecated declaration read_energy_set_display - give arg types
  unsigned int read_energy_set_display();
..\dependencies.h(60): warning:  #1295-D: Deprecated declaration read_force_set_display - give arg types
  unsigned int read_force_set_display();
..\dependencies.h(61): warning:  #1295-D: Deprecated declaration read_time_set_stage_one_display - give arg types
  unsigned int read_time_set_stage_one_display();
..\dependencies.h(66): warning:  #1295-D: Deprecated declaration read_force_display - give arg types
  unsigned int read_force_display();
..\dependencies.h(67): warning:  #1295-D: Deprecated declaration read_distance_display - give arg types
  unsigned int read_distance_display();
..\dependencies.h(68): warning:  #1295-D: Deprecated declaration read_pressure_display - give arg types
  unsigned int read_pressure_display();
..\dependencies.h(72): warning:  #1295-D: Deprecated declaration read_energy_display - give arg types
  unsigned int read_energy_display();
..\dependencies.h(75): warning:  #1295-D: Deprecated declaration read_freq_min - give arg types
  unsigned int read_freq_min();
..\dependencies.h(76): warning:  #1295-D: Deprecated declaration read_freq_max - give arg types
  unsigned int read_freq_max();
..\dependencies.h(77): warning:  #1295-D: Deprecated declaration read_freq_start - give arg types
  unsigned int read_freq_start();
..\dependencies.h(78): warning:  #1295-D: Deprecated declaration read_freq_end - give arg types
  unsigned int read_freq_end();
..\dependencies.h(79): warning:  #1295-D: Deprecated declaration read_F_start - give arg types
  unsigned int read_F_start();
..\dependencies.h(80): warning:  #1295-D: Deprecated declaration read_F_max - give arg types
  unsigned int read_F_max();
..\dependencies.h(81): warning:  #1295-D: Deprecated declaration read_P_max - give arg types
  unsigned int read_P_max();
..\dependencies.h(82): warning:  #1295-D: Deprecated declaration read_distance_travelled - give arg types
  unsigned int read_distance_travelled();
..\dependencies.h(83): warning:  #1295-D: Deprecated declaration read_time_on - give arg types
  unsigned int read_time_on();
..\dependencies.c: 32 warnings, 0 errors
creating preprocessor file for retarget.c...
compiling retarget.c...
creating preprocessor file for clk.c...
compiling clk.c...
creating preprocessor file for sys.c...
compiling sys.c...
creating preprocessor file for uart.c...
compiling uart.c...
creating preprocessor file for timer.c...
compiling timer.c...
creating preprocessor file for gpio.c...
compiling gpio.c...
linking...
Program Size: Code=9700 RO-data=644 RW-data=624 ZI-data=2360  
".\obj\UART_AutoFlow.axf" - 0 Error(s), 64 Warning(s).

*** Performing Cross-Module-Optimization:
compiling system_M480.c...
compiling main.c...
..\dependencies.h(16): warning:  #1295-D: Deprecated declaration UART0_Init - give arg types
  void UART0_Init();
..\dependencies.h(17): warning:  #1295-D: Deprecated declaration UART1_Init - give arg types
  void UART1_Init();
..\dependencies.h(18): warning:  #1295-D: Deprecated declaration UART0_TEST_HANDLE - give arg types
  void UART0_TEST_HANDLE();
..\dependencies.h(19): warning:  #1295-D: Deprecated declaration UART1_TEST_HANDLE - give arg types
  void UART1_TEST_HANDLE();
..\dependencies.h(22): warning:  #1295-D: Deprecated declaration AutoFlow_FunctionTest - give arg types
  void AutoFlow_FunctionTest();
..\dependencies.h(26): warning:  #1295-D: Deprecated declaration print_page_setting_1 - give arg types
  void print_page_setting_1();
..\dependencies.h(27): warning:  #1295-D: Deprecated declaration print_page_setting_2 - give arg types
  void print_page_setting_2();
..\dependencies.h(28): warning:  #1295-D: Deprecated declaration print_page_weld_record - give arg types
  void print_page_weld_record();
..\dependencies.h(29): warning:  #1295-D: Deprecated declaration print_page_head_down - give arg types
  void print_page_head_down();
..\dependencies.h(32): warning:  #1295-D: Deprecated declaration print_page_lock_freq - give arg types
  void print_page_lock_freq();
..\dependencies.h(48): warning:  #1295-D: Deprecated declaration read_amplitude_set_display - give arg types
  unsigned int read_amplitude_set_display();
..\dependencies.h(49): warning:  #1295-D: Deprecated declaration read_mode_set - give arg types
  unsigned int read_mode_set() ;
..\dependencies.h(55): warning:  #1295-D: Deprecated declaration read_freq_display - give arg types
  unsigned int read_freq_display();
..\dependencies.h(56): warning:  #1295-D: Deprecated declaration read_timeout_set_display - give arg types
  unsigned int read_timeout_set_display();
..\dependencies.h(57): warning:  #1295-D: Deprecated declaration read_distance_absolute_set_display - give arg types
  unsigned int read_distance_absolute_set_display();
..\dependencies.h(58): warning:  #1295-D: Deprecated declaration read_distance_relative_set_display - give arg types
  unsigned int read_distance_relative_set_display();
..\dependencies.h(59): warning:  #1295-D: Deprecated declaration read_energy_set_display - give arg types
  unsigned int read_energy_set_display();
..\dependencies.h(60): warning:  #1295-D: Deprecated declaration read_force_set_display - give arg types
  unsigned int read_force_set_display();
..\dependencies.h(61): warning:  #1295-D: Deprecated declaration read_time_set_stage_one_display - give arg types
  unsigned int read_time_set_stage_one_display();
..\dependencies.h(66): warning:  #1295-D: Deprecated declaration read_force_display - give arg types
  unsigned int read_force_display();
..\dependencies.h(67): warning:  #1295-D: Deprecated declaration read_distance_display - give arg types
  unsigned int read_distance_display();
..\dependencies.h(68): warning:  #1295-D: Deprecated declaration read_pressure_display - give arg types
  unsigned int read_pressure_display();
..\dependencies.h(72): warning:  #1295-D: Deprecated declaration read_energy_display - give arg types
  unsigned int read_energy_display();
..\dependencies.h(75): warning:  #1295-D: Deprecated declaration read_freq_min - give arg types
  unsigned int read_freq_min();
..\dependencies.h(76): warning:  #1295-D: Deprecated declaration read_freq_max - give arg types
  unsigned int read_freq_max();
..\dependencies.h(77): warning:  #1295-D: Deprecated declaration read_freq_start - give arg types
  unsigned int read_freq_start();
..\dependencies.h(78): warning:  #1295-D: Deprecated declaration read_freq_end - give arg types
  unsigned int read_freq_end();
..\dependencies.h(79): warning:  #1295-D: Deprecated declaration read_F_start - give arg types
  unsigned int read_F_start();
..\dependencies.h(80): warning:  #1295-D: Deprecated declaration read_F_max - give arg types
  unsigned int read_F_max();
..\dependencies.h(81): warning:  #1295-D: Deprecated declaration read_P_max - give arg types
  unsigned int read_P_max();
..\dependencies.h(82): warning:  #1295-D: Deprecated declaration read_distance_travelled - give arg types
  unsigned int read_distance_travelled();
..\dependencies.h(83): warning:  #1295-D: Deprecated declaration read_time_on - give arg types
  unsigned int read_time_on();
..\main.c: 32 warnings, 0 errors
compiling dependencies.c...
..\dependencies.h(16): warning:  #1295-D: Deprecated declaration UART0_Init - give arg types
  void UART0_Init();
..\dependencies.h(17): warning:  #1295-D: Deprecated declaration UART1_Init - give arg types
  void UART1_Init();
..\dependencies.h(18): warning:  #1295-D: Deprecated declaration UART0_TEST_HANDLE - give arg types
  void UART0_TEST_HANDLE();
..\dependencies.h(19): warning:  #1295-D: Deprecated declaration UART1_TEST_HANDLE - give arg types
  void UART1_TEST_HANDLE();
..\dependencies.h(22): warning:  #1295-D: Deprecated declaration AutoFlow_FunctionTest - give arg types
  void AutoFlow_FunctionTest();
..\dependencies.h(26): warning:  #1295-D: Deprecated declaration print_page_setting_1 - give arg types
  void print_page_setting_1();
..\dependencies.h(27): warning:  #1295-D: Deprecated declaration print_page_setting_2 - give arg types
  void print_page_setting_2();
..\dependencies.h(28): warning:  #1295-D: Deprecated declaration print_page_weld_record - give arg types
  void print_page_weld_record();
..\dependencies.h(29): warning:  #1295-D: Deprecated declaration print_page_head_down - give arg types
  void print_page_head_down();
..\dependencies.h(32): warning:  #1295-D: Deprecated declaration print_page_lock_freq - give arg types
  void print_page_lock_freq();
..\dependencies.h(48): warning:  #1295-D: Deprecated declaration read_amplitude_set_display - give arg types
  unsigned int read_amplitude_set_display();
..\dependencies.h(49): warning:  #1295-D: Deprecated declaration read_mode_set - give arg types
  unsigned int read_mode_set() ;
..\dependencies.h(55): warning:  #1295-D: Deprecated declaration read_freq_display - give arg types
  unsigned int read_freq_display();
..\dependencies.h(56): warning:  #1295-D: Deprecated declaration read_timeout_set_display - give arg types
  unsigned int read_timeout_set_display();
..\dependencies.h(57): warning:  #1295-D: Deprecated declaration read_distance_absolute_set_display - give arg types
  unsigned int read_distance_absolute_set_display();
..\dependencies.h(58): warning:  #1295-D: Deprecated declaration read_distance_relative_set_display - give arg types
  unsigned int read_distance_relative_set_display();
..\dependencies.h(59): warning:  #1295-D: Deprecated declaration read_energy_set_display - give arg types
  unsigned int read_energy_set_display();
..\dependencies.h(60): warning:  #1295-D: Deprecated declaration read_force_set_display - give arg types
  unsigned int read_force_set_display();
..\dependencies.h(61): warning:  #1295-D: Deprecated declaration read_time_set_stage_one_display - give arg types
  unsigned int read_time_set_stage_one_display();
..\dependencies.h(66): warning:  #1295-D: Deprecated declaration read_force_display - give arg types
  unsigned int read_force_display();
..\dependencies.h(67): warning:  #1295-D: Deprecated declaration read_distance_display - give arg types
  unsigned int read_distance_display();
..\dependencies.h(68): warning:  #1295-D: Deprecated declaration read_pressure_display - give arg types
  unsigned int read_pressure_display();
..\dependencies.h(72): warning:  #1295-D: Deprecated declaration read_energy_display - give arg types
  unsigned int read_energy_display();
..\dependencies.h(75): warning:  #1295-D: Deprecated declaration read_freq_min - give arg types
  unsigned int read_freq_min();
..\dependencies.h(76): warning:  #1295-D: Deprecated declaration read_freq_max - give arg types
  unsigned int read_freq_max();
..\dependencies.h(77): warning:  #1295-D: Deprecated declaration read_freq_start - give arg types
  unsigned int read_freq_start();
..\dependencies.h(78): warning:  #1295-D: Deprecated declaration read_freq_end - give arg types
  unsigned int read_freq_end();
..\dependencies.h(79): warning:  #1295-D: Deprecated declaration read_F_start - give arg types
  unsigned int read_F_start();
..\dependencies.h(80): warning:  #1295-D: Deprecated declaration read_F_max - give arg types
  unsigned int read_F_max();
..\dependencies.h(81): warning:  #1295-D: Deprecated declaration read_P_max - give arg types
  unsigned int read_P_max();
..\dependencies.h(82): warning:  #1295-D: Deprecated declaration read_distance_travelled - give arg types
  unsigned int read_distance_travelled();
..\dependencies.h(83): warning:  #1295-D: Deprecated declaration read_time_on - give arg types
  unsigned int read_time_on();
..\dependencies.c: 32 warnings, 0 errors
compiling retarget.c...
compiling clk.c...
compiling sys.c...
compiling uart.c...
compiling timer.c...
compiling gpio.c...
linking...
Program Size: Code=5900 RO-data=612 RW-data=620 ZI-data=2356  
compiling system_M480.c...
compiling main.c...
..\dependencies.h(16): warning:  #1295-D: Deprecated declaration UART0_Init - give arg types
  void UART0_Init();
..\dependencies.h(17): warning:  #1295-D: Deprecated declaration UART1_Init - give arg types
  void UART1_Init();
..\dependencies.h(18): warning:  #1295-D: Deprecated declaration UART0_TEST_HANDLE - give arg types
  void UART0_TEST_HANDLE();
..\dependencies.h(19): warning:  #1295-D: Deprecated declaration UART1_TEST_HANDLE - give arg types
  void UART1_TEST_HANDLE();
..\dependencies.h(22): warning:  #1295-D: Deprecated declaration AutoFlow_FunctionTest - give arg types
  void AutoFlow_FunctionTest();
..\dependencies.h(26): warning:  #1295-D: Deprecated declaration print_page_setting_1 - give arg types
  void print_page_setting_1();
..\dependencies.h(27): warning:  #1295-D: Deprecated declaration print_page_setting_2 - give arg types
  void print_page_setting_2();
..\dependencies.h(28): warning:  #1295-D: Deprecated declaration print_page_weld_record - give arg types
  void print_page_weld_record();
..\dependencies.h(29): warning:  #1295-D: Deprecated declaration print_page_head_down - give arg types
  void print_page_head_down();
..\dependencies.h(32): warning:  #1295-D: Deprecated declaration print_page_lock_freq - give arg types
  void print_page_lock_freq();
..\dependencies.h(48): warning:  #1295-D: Deprecated declaration read_amplitude_set_display - give arg types
  unsigned int read_amplitude_set_display();
..\dependencies.h(49): warning:  #1295-D: Deprecated declaration read_mode_set - give arg types
  unsigned int read_mode_set() ;
..\dependencies.h(55): warning:  #1295-D: Deprecated declaration read_freq_display - give arg types
  unsigned int read_freq_display();
..\dependencies.h(56): warning:  #1295-D: Deprecated declaration read_timeout_set_display - give arg types
  unsigned int read_timeout_set_display();
..\dependencies.h(57): warning:  #1295-D: Deprecated declaration read_distance_absolute_set_display - give arg types
  unsigned int read_distance_absolute_set_display();
..\dependencies.h(58): warning:  #1295-D: Deprecated declaration read_distance_relative_set_display - give arg types
  unsigned int read_distance_relative_set_display();
..\dependencies.h(59): warning:  #1295-D: Deprecated declaration read_energy_set_display - give arg types
  unsigned int read_energy_set_display();
..\dependencies.h(60): warning:  #1295-D: Deprecated declaration read_force_set_display - give arg types
  unsigned int read_force_set_display();
..\dependencies.h(61): warning:  #1295-D: Deprecated declaration read_time_set_stage_one_display - give arg types
  unsigned int read_time_set_stage_one_display();
..\dependencies.h(66): warning:  #1295-D: Deprecated declaration read_force_display - give arg types
  unsigned int read_force_display();
..\dependencies.h(67): warning:  #1295-D: Deprecated declaration read_distance_display - give arg types
  unsigned int read_distance_display();
..\dependencies.h(68): warning:  #1295-D: Deprecated declaration read_pressure_display - give arg types
  unsigned int read_pressure_display();
..\dependencies.h(72): warning:  #1295-D: Deprecated declaration read_energy_display - give arg types
  unsigned int read_energy_display();
..\dependencies.h(75): warning:  #1295-D: Deprecated declaration read_freq_min - give arg types
  unsigned int read_freq_min();
..\dependencies.h(76): warning:  #1295-D: Deprecated declaration read_freq_max - give arg types
  unsigned int read_freq_max();
..\dependencies.h(77): warning:  #1295-D: Deprecated declaration read_freq_start - give arg types
  unsigned int read_freq_start();
..\dependencies.h(78): warning:  #1295-D: Deprecated declaration read_freq_end - give arg types
  unsigned int read_freq_end();
..\dependencies.h(79): warning:  #1295-D: Deprecated declaration read_F_start - give arg types
  unsigned int read_F_start();
..\dependencies.h(80): warning:  #1295-D: Deprecated declaration read_F_max - give arg types
  unsigned int read_F_max();
..\dependencies.h(81): warning:  #1295-D: Deprecated declaration read_P_max - give arg types
  unsigned int read_P_max();
..\dependencies.h(82): warning:  #1295-D: Deprecated declaration read_distance_travelled - give arg types
  unsigned int read_distance_travelled();
..\dependencies.h(83): warning:  #1295-D: Deprecated declaration read_time_on - give arg types
  unsigned int read_time_on();
..\main.c: 32 warnings, 0 errors
compiling dependencies.c...
..\dependencies.h(16): warning:  #1295-D: Deprecated declaration UART0_Init - give arg types
  void UART0_Init();
..\dependencies.h(17): warning:  #1295-D: Deprecated declaration UART1_Init - give arg types
  void UART1_Init();
..\dependencies.h(18): warning:  #1295-D: Deprecated declaration UART0_TEST_HANDLE - give arg types
  void UART0_TEST_HANDLE();
..\dependencies.h(19): warning:  #1295-D: Deprecated declaration UART1_TEST_HANDLE - give arg types
  void UART1_TEST_HANDLE();
..\dependencies.h(22): warning:  #1295-D: Deprecated declaration AutoFlow_FunctionTest - give arg types
  void AutoFlow_FunctionTest();
..\dependencies.h(26): warning:  #1295-D: Deprecated declaration print_page_setting_1 - give arg types
  void print_page_setting_1();
..\dependencies.h(27): warning:  #1295-D: Deprecated declaration print_page_setting_2 - give arg types
  void print_page_setting_2();
..\dependencies.h(28): warning:  #1295-D: Deprecated declaration print_page_weld_record - give arg types
  void print_page_weld_record();
..\dependencies.h(29): warning:  #1295-D: Deprecated declaration print_page_head_down - give arg types
  void print_page_head_down();
..\dependencies.h(32): warning:  #1295-D: Deprecated declaration print_page_lock_freq - give arg types
  void print_page_lock_freq();
..\dependencies.h(48): warning:  #1295-D: Deprecated declaration read_amplitude_set_display - give arg types
  unsigned int read_amplitude_set_display();
..\dependencies.h(49): warning:  #1295-D: Deprecated declaration read_mode_set - give arg types
  unsigned int read_mode_set() ;
..\dependencies.h(55): warning:  #1295-D: Deprecated declaration read_freq_display - give arg types
  unsigned int read_freq_display();
..\dependencies.h(56): warning:  #1295-D: Deprecated declaration read_timeout_set_display - give arg types
  unsigned int read_timeout_set_display();
..\dependencies.h(57): warning:  #1295-D: Deprecated declaration read_distance_absolute_set_display - give arg types
  unsigned int read_distance_absolute_set_display();
..\dependencies.h(58): warning:  #1295-D: Deprecated declaration read_distance_relative_set_display - give arg types
  unsigned int read_distance_relative_set_display();
..\dependencies.h(59): warning:  #1295-D: Deprecated declaration read_energy_set_display - give arg types
  unsigned int read_energy_set_display();
..\dependencies.h(60): warning:  #1295-D: Deprecated declaration read_force_set_display - give arg types
  unsigned int read_force_set_display();
..\dependencies.h(61): warning:  #1295-D: Deprecated declaration read_time_set_stage_one_display - give arg types
  unsigned int read_time_set_stage_one_display();
..\dependencies.h(66): warning:  #1295-D: Deprecated declaration read_force_display - give arg types
  unsigned int read_force_display();
..\dependencies.h(67): warning:  #1295-D: Deprecated declaration read_distance_display - give arg types
  unsigned int read_distance_display();
..\dependencies.h(68): warning:  #1295-D: Deprecated declaration read_pressure_display - give arg types
  unsigned int read_pressure_display();
..\dependencies.h(72): warning:  #1295-D: Deprecated declaration read_energy_display - give arg types
  unsigned int read_energy_display();
..\dependencies.h(75): warning:  #1295-D: Deprecated declaration read_freq_min - give arg types
  unsigned int read_freq_min();
..\dependencies.h(76): warning:  #1295-D: Deprecated declaration read_freq_max - give arg types
  unsigned int read_freq_max();
..\dependencies.h(77): warning:  #1295-D: Deprecated declaration read_freq_start - give arg types
  unsigned int read_freq_start();
..\dependencies.h(78): warning:  #1295-D: Deprecated declaration read_freq_end - give arg types
  unsigned int read_freq_end();
..\dependencies.h(79): warning:  #1295-D: Deprecated declaration read_F_start - give arg types
  unsigned int read_F_start();
..\dependencies.h(80): warning:  #1295-D: Deprecated declaration read_F_max - give arg types
  unsigned int read_F_max();
..\dependencies.h(81): warning:  #1295-D: Deprecated declaration read_P_max - give arg types
  unsigned int read_P_max();
..\dependencies.h(82): warning:  #1295-D: Deprecated declaration read_distance_travelled - give arg types
  unsigned int read_distance_travelled();
..\dependencies.h(83): warning:  #1295-D: Deprecated declaration read_time_on - give arg types
  unsigned int read_time_on();
..\dependencies.c: 32 warnings, 0 errors
compiling retarget.c...
compiling clk.c...
compiling sys.c...
compiling uart.c...
compiling timer.c...
compiling gpio.c...
linking...
Program Size: Code=5900 RO-data=612 RW-data=620 ZI-data=2356  
After Build - User command #1: fromelf --bin ".\obj\UART_AutoFlow.axf" --output ".\obj\UART_AutoFlow.bin"
After Build - User command #2: fromelf --text -c ".\obj\UART_AutoFlow.axf" --output ".\obj\UART_AutoFlow.txt"
".\obj\UART_AutoFlow.axf" - 0 Error(s), 64 Warning(s).
*** Completed Cross-Module-Optimization after 3 iteration(s).
Build Time Elapsed:  00:00:31
</pre>
</body>
</html>
