Component: ARM Compiler 5.06 update 7 (build 960) Tool: armlink [4d3601]

==============================================================================

Small function inlining results

Inlined total of 0 calls.

==============================================================================

Section Cross References

    system_m480.o(.text) refers to clk.o(.text) for CLK_GetPLLClockFreq
    system_m480.o(.text) refers to system_m480.o(.data) for .data
    startup_m480.o(RESET) refers to startup_m480.o(STACK) for __initial_sp
    startup_m480.o(RESET) refers to startup_m480.o(.text) for Reset_Handler
    startup_m480.o(RESET) refers to retarget.o(.emb_text) for HardFault_Handler
    startup_m480.o(RESET) refers to main.o(.text) for TMR0_IRQHandler
    startup_m480.o(RESET) refers to dependencies.o(.text) for UART0_IRQHandler
    startup_m480.o(.text) refers to system_m480.o(.text) for SystemInit
    startup_m480.o(.text) refers to entry.o(.ARM.Collect$$$$00000000) for __main
    main.o(.text) refers to dependencies.o(.text) for print_page_0
    main.o(.text) refers to gpio.o(.text) for GPIO_SetMode
    main.o(.text) refers to timer.o(.text) for TIMER_Open
    main.o(.text) refers to dependencies.o(.data) for display_page
    dependencies.o(.text) refers to uart.o(.text) for UART_Write
    dependencies.o(.text) refers to dependencies.o(.data) for .data
    dependencies.o(.text) refers to main.o(.data) for header
    dependencies.o(.text) refers to dependencies.o(.bss) for .bss
    dependencies.o(.text) refers to timer.o(.text) for TIMER_Delay
    dependencies.o(.text) refers to clk.o(.text) for CLK_WaitClockReady
    dependencies.o(.text) refers to system_m480.o(.text) for SystemCoreClockUpdate
    dependencies.o(.text) refers to printf5.o(i.__0printf$5) for __2printf
    dependencies.o(.text) refers to getc.o(i.getc) for getc
    dependencies.o(.text) refers to uart.o(.text) for UART_SetTimeoutCnt
    dependencies.o(.text) refers to dependencies.o(.text) for NVIC_EnableIRQ
    dependencies.o(.text) refers to retarget.o(.data) for __stdin
    dependencies.o(.text) refers to dependencies.o(.data) for .data
    dependencies.o(.text) refers to dependencies.o(.bss) for .bss
    retarget.o(.emb_text) refers to retarget.o(.text) for Hard_Fault_Handler
    retarget.o(.text) refers to printf5.o(i.__0printf$5) for __2printf
    retarget.o(.text) refers to retarget.o(.text) for SendChar
    clk.o(.text) refers to clk.o(.text) for CLK_DisableModuleClock
    clk.o(.text) refers to system_m480.o(.text) for SystemCoreClockUpdate
    clk.o(.text) refers to system_m480.o(.data) for SystemCoreClock
    clk.o(.text) refers to clk.o(.data) for .data
    clk.o(.text) refers to clk.o(.text) for CLK_EnableModuleClock
    clk.o(.text) refers to system_m480.o(.text) for SystemCoreClockUpdate
    clk.o(.text) refers to system_m480.o(.data) for SystemCoreClock
    clk.o(.text) refers to system_m480.o(.text) for SystemCoreClockUpdate
    clk.o(.text) refers to system_m480.o(.data) for SystemCoreClock
    clk.o(.text) refers to clk.o(.text) for CLK_WaitClockReady
    clk.o(.text) refers to clk.o(.constdata) for .constdata
    clk.o(.text) refers to clk.o(.constdata) for .constdata
    uart.o(.text) refers to clk.o(.text) for CLK_GetPLLClockFreq
    uart.o(.text) refers to uart.o(.constdata) for .constdata
    uart.o(.text) refers to clk.o(.text) for CLK_GetPLLClockFreq
    uart.o(.text) refers to uart.o(.constdata) for .constdata
    uart.o(.text) refers to clk.o(.text) for CLK_GetPLLClockFreq
    uart.o(.text) refers to uart.o(.constdata) for .constdata
    timer.o(.text) refers to memcpya.o(.text) for __aeabi_memcpy4
    timer.o(.text) refers to clk.o(.text) for CLK_GetPCLK0Freq
    timer.o(.text) refers to timer.o(.constdata) for .constdata
    timer.o(.text) refers to system_m480.o(.data) for SystemCoreClock
    timer.o(.text) refers to timer.o(.text) for TIMER_GetModuleClock
    timer.o(.text) refers to system_m480.o(.data) for SystemCoreClock
    entry.o(.ARM.Collect$$$$00000000) refers (Special) to entry10a.o(.ARM.Collect$$$$0000000F) for __rt_final_cpp
    entry.o(.ARM.Collect$$$$00000000) refers (Special) to entry11a.o(.ARM.Collect$$$$00000011) for __rt_final_exit
    entry.o(.ARM.Collect$$$$00000000) refers (Special) to entry12b.o(.ARM.Collect$$$$0000000E) for __rt_lib_shutdown_fini
    entry.o(.ARM.Collect$$$$00000000) refers (Special) to entry7b.o(.ARM.Collect$$$$00000008) for _main_clock
    entry.o(.ARM.Collect$$$$00000000) refers (Special) to entry8b.o(.ARM.Collect$$$$0000000A) for _main_cpp_init
    entry.o(.ARM.Collect$$$$00000000) refers (Special) to entry9a.o(.ARM.Collect$$$$0000000B) for _main_init
    entry.o(.ARM.Collect$$$$00000000) refers (Special) to entry5.o(.ARM.Collect$$$$00000004) for _main_scatterload
    entry.o(.ARM.Collect$$$$00000000) refers (Special) to entry2.o(.ARM.Collect$$$$00000001) for _main_stk
    getc.o(i.getc) refers to retarget.o(.text) for fgetc
    printfb.o(i.__0fprintf$bare) refers to printfb.o(i._printf_core) for _printf_core
    printfb.o(i.__0fprintf$bare) refers to retarget.o(.text) for fputc
    printfb.o(i.__0printf$bare) refers to printfb.o(i._printf_core) for _printf_core
    printfb.o(i.__0printf$bare) refers to retarget.o(.text) for fputc
    printfb.o(i.__0printf$bare) refers to retarget.o(.data) for __stdout
    printfb.o(i.__0snprintf$bare) refers to printfb.o(i._printf_core) for _printf_core
    printfb.o(i.__0snprintf$bare) refers to printfb.o(i._snputc) for _snputc
    printfb.o(i.__0sprintf$bare) refers to printfb.o(i._printf_core) for _printf_core
    printfb.o(i.__0sprintf$bare) refers to printfb.o(i._sputc) for _sputc
    printfb.o(i.__0vfprintf$bare) refers to printfb.o(i._printf_core) for _printf_core
    printfb.o(i.__0vfprintf$bare) refers to retarget.o(.text) for fputc
    printfb.o(i.__0vprintf$bare) refers to printfb.o(i._printf_core) for _printf_core
    printfb.o(i.__0vprintf$bare) refers to retarget.o(.text) for fputc
    printfb.o(i.__0vprintf$bare) refers to retarget.o(.data) for __stdout
    printfb.o(i.__0vsnprintf$bare) refers to printfb.o(i._printf_core) for _printf_core
    printfb.o(i.__0vsnprintf$bare) refers to printfb.o(i._snputc) for _snputc
    printfb.o(i.__0vsprintf$bare) refers to printfb.o(i._printf_core) for _printf_core
    printfb.o(i.__0vsprintf$bare) refers to printfb.o(i._sputc) for _sputc
    printf0.o(i.__0fprintf$0) refers to printf0.o(i._printf_core) for _printf_core
    printf0.o(i.__0fprintf$0) refers to retarget.o(.text) for fputc
    printf0.o(i.__0printf$0) refers to printf0.o(i._printf_core) for _printf_core
    printf0.o(i.__0printf$0) refers to retarget.o(.text) for fputc
    printf0.o(i.__0printf$0) refers to retarget.o(.data) for __stdout
    printf0.o(i.__0snprintf$0) refers to printf0.o(i._printf_core) for _printf_core
    printf0.o(i.__0snprintf$0) refers to printf0.o(i._snputc) for _snputc
    printf0.o(i.__0sprintf$0) refers to printf0.o(i._printf_core) for _printf_core
    printf0.o(i.__0sprintf$0) refers to printf0.o(i._sputc) for _sputc
    printf0.o(i.__0vfprintf$0) refers to printf0.o(i._printf_core) for _printf_core
    printf0.o(i.__0vfprintf$0) refers to retarget.o(.text) for fputc
    printf0.o(i.__0vprintf$0) refers to printf0.o(i._printf_core) for _printf_core
    printf0.o(i.__0vprintf$0) refers to retarget.o(.text) for fputc
    printf0.o(i.__0vprintf$0) refers to retarget.o(.data) for __stdout
    printf0.o(i.__0vsnprintf$0) refers to printf0.o(i._printf_core) for _printf_core
    printf0.o(i.__0vsnprintf$0) refers to printf0.o(i._snputc) for _snputc
    printf0.o(i.__0vsprintf$0) refers to printf0.o(i._printf_core) for _printf_core
    printf0.o(i.__0vsprintf$0) refers to printf0.o(i._sputc) for _sputc
    printf1.o(i.__0fprintf$1) refers to printf1.o(i._printf_core) for _printf_core
    printf1.o(i.__0fprintf$1) refers to retarget.o(.text) for fputc
    printf1.o(i.__0printf$1) refers to printf1.o(i._printf_core) for _printf_core
    printf1.o(i.__0printf$1) refers to retarget.o(.text) for fputc
    printf1.o(i.__0printf$1) refers to retarget.o(.data) for __stdout
    printf1.o(i.__0snprintf$1) refers to printf1.o(i._printf_core) for _printf_core
    printf1.o(i.__0snprintf$1) refers to printf1.o(i._snputc) for _snputc
    printf1.o(i.__0sprintf$1) refers to printf1.o(i._printf_core) for _printf_core
    printf1.o(i.__0sprintf$1) refers to printf1.o(i._sputc) for _sputc
    printf1.o(i.__0vfprintf$1) refers to printf1.o(i._printf_core) for _printf_core
    printf1.o(i.__0vfprintf$1) refers to retarget.o(.text) for fputc
    printf1.o(i.__0vprintf$1) refers to printf1.o(i._printf_core) for _printf_core
    printf1.o(i.__0vprintf$1) refers to retarget.o(.text) for fputc
    printf1.o(i.__0vprintf$1) refers to retarget.o(.data) for __stdout
    printf1.o(i.__0vsnprintf$1) refers to printf1.o(i._printf_core) for _printf_core
    printf1.o(i.__0vsnprintf$1) refers to printf1.o(i._snputc) for _snputc
    printf1.o(i.__0vsprintf$1) refers to printf1.o(i._printf_core) for _printf_core
    printf1.o(i.__0vsprintf$1) refers to printf1.o(i._sputc) for _sputc
    printf1.o(i._printf_core) refers to uidiv.o(.text) for __aeabi_uidivmod
    printf2.o(i.__0fprintf$2) refers to printf2.o(i._printf_core) for _printf_core
    printf2.o(i.__0fprintf$2) refers to retarget.o(.text) for fputc
    printf2.o(i.__0printf$2) refers to printf2.o(i._printf_core) for _printf_core
    printf2.o(i.__0printf$2) refers to retarget.o(.text) for fputc
    printf2.o(i.__0printf$2) refers to retarget.o(.data) for __stdout
    printf2.o(i.__0snprintf$2) refers to printf2.o(i._printf_core) for _printf_core
    printf2.o(i.__0snprintf$2) refers to printf2.o(i._snputc) for _snputc
    printf2.o(i.__0sprintf$2) refers to printf2.o(i._printf_core) for _printf_core
    printf2.o(i.__0sprintf$2) refers to printf2.o(i._sputc) for _sputc
    printf2.o(i.__0vfprintf$2) refers to printf2.o(i._printf_core) for _printf_core
    printf2.o(i.__0vfprintf$2) refers to retarget.o(.text) for fputc
    printf2.o(i.__0vprintf$2) refers to printf2.o(i._printf_core) for _printf_core
    printf2.o(i.__0vprintf$2) refers to retarget.o(.text) for fputc
    printf2.o(i.__0vprintf$2) refers to retarget.o(.data) for __stdout
    printf2.o(i.__0vsnprintf$2) refers to printf2.o(i._printf_core) for _printf_core
    printf2.o(i.__0vsnprintf$2) refers to printf2.o(i._snputc) for _snputc
    printf2.o(i.__0vsprintf$2) refers to printf2.o(i._printf_core) for _printf_core
    printf2.o(i.__0vsprintf$2) refers to printf2.o(i._sputc) for _sputc
    printf3.o(i.__0fprintf$3) refers to printf3.o(i._printf_core) for _printf_core
    printf3.o(i.__0fprintf$3) refers to retarget.o(.text) for fputc
    printf3.o(i.__0printf$3) refers to printf3.o(i._printf_core) for _printf_core
    printf3.o(i.__0printf$3) refers to retarget.o(.text) for fputc
    printf3.o(i.__0printf$3) refers to retarget.o(.data) for __stdout
    printf3.o(i.__0snprintf$3) refers to printf3.o(i._printf_core) for _printf_core
    printf3.o(i.__0snprintf$3) refers to printf3.o(i._snputc) for _snputc
    printf3.o(i.__0sprintf$3) refers to printf3.o(i._printf_core) for _printf_core
    printf3.o(i.__0sprintf$3) refers to printf3.o(i._sputc) for _sputc
    printf3.o(i.__0vfprintf$3) refers to printf3.o(i._printf_core) for _printf_core
    printf3.o(i.__0vfprintf$3) refers to retarget.o(.text) for fputc
    printf3.o(i.__0vprintf$3) refers to printf3.o(i._printf_core) for _printf_core
    printf3.o(i.__0vprintf$3) refers to retarget.o(.text) for fputc
    printf3.o(i.__0vprintf$3) refers to retarget.o(.data) for __stdout
    printf3.o(i.__0vsnprintf$3) refers to printf3.o(i._printf_core) for _printf_core
    printf3.o(i.__0vsnprintf$3) refers to printf3.o(i._snputc) for _snputc
    printf3.o(i.__0vsprintf$3) refers to printf3.o(i._printf_core) for _printf_core
    printf3.o(i.__0vsprintf$3) refers to printf3.o(i._sputc) for _sputc
    printf3.o(i._printf_core) refers to uidiv.o(.text) for __aeabi_uidivmod
    printf4.o(i.__0fprintf$4) refers to printf4.o(i._printf_core) for _printf_core
    printf4.o(i.__0fprintf$4) refers to retarget.o(.text) for fputc
    printf4.o(i.__0printf$4) refers to printf4.o(i._printf_core) for _printf_core
    printf4.o(i.__0printf$4) refers to retarget.o(.text) for fputc
    printf4.o(i.__0printf$4) refers to retarget.o(.data) for __stdout
    printf4.o(i.__0snprintf$4) refers to printf4.o(i._printf_core) for _printf_core
    printf4.o(i.__0snprintf$4) refers to printf4.o(i._snputc) for _snputc
    printf4.o(i.__0sprintf$4) refers to printf4.o(i._printf_core) for _printf_core
    printf4.o(i.__0sprintf$4) refers to printf4.o(i._sputc) for _sputc
    printf4.o(i.__0vfprintf$4) refers to printf4.o(i._printf_core) for _printf_core
    printf4.o(i.__0vfprintf$4) refers to retarget.o(.text) for fputc
    printf4.o(i.__0vprintf$4) refers to printf4.o(i._printf_core) for _printf_core
    printf4.o(i.__0vprintf$4) refers to retarget.o(.text) for fputc
    printf4.o(i.__0vprintf$4) refers to retarget.o(.data) for __stdout
    printf4.o(i.__0vsnprintf$4) refers to printf4.o(i._printf_core) for _printf_core
    printf4.o(i.__0vsnprintf$4) refers to printf4.o(i._snputc) for _snputc
    printf4.o(i.__0vsprintf$4) refers to printf4.o(i._printf_core) for _printf_core
    printf4.o(i.__0vsprintf$4) refers to printf4.o(i._sputc) for _sputc
    printf4.o(i._printf_core) refers to uldiv.o(.text) for __aeabi_uldivmod
    printf5.o(i.__0fprintf$5) refers to printf5.o(i._printf_core) for _printf_core
    printf5.o(i.__0fprintf$5) refers to retarget.o(.text) for fputc
    printf5.o(i.__0printf$5) refers to printf5.o(i._printf_core) for _printf_core
    printf5.o(i.__0printf$5) refers to retarget.o(.text) for fputc
    printf5.o(i.__0printf$5) refers to retarget.o(.data) for __stdout
    printf5.o(i.__0snprintf$5) refers to printf5.o(i._printf_core) for _printf_core
    printf5.o(i.__0snprintf$5) refers to printf5.o(i._snputc) for _snputc
    printf5.o(i.__0sprintf$5) refers to printf5.o(i._printf_core) for _printf_core
    printf5.o(i.__0sprintf$5) refers to printf5.o(i._sputc) for _sputc
    printf5.o(i.__0vfprintf$5) refers to printf5.o(i._printf_core) for _printf_core
    printf5.o(i.__0vfprintf$5) refers to retarget.o(.text) for fputc
    printf5.o(i.__0vprintf$5) refers to printf5.o(i._printf_core) for _printf_core
    printf5.o(i.__0vprintf$5) refers to retarget.o(.text) for fputc
    printf5.o(i.__0vprintf$5) refers to retarget.o(.data) for __stdout
    printf5.o(i.__0vsnprintf$5) refers to printf5.o(i._printf_core) for _printf_core
    printf5.o(i.__0vsnprintf$5) refers to printf5.o(i._snputc) for _snputc
    printf5.o(i.__0vsprintf$5) refers to printf5.o(i._printf_core) for _printf_core
    printf5.o(i.__0vsprintf$5) refers to printf5.o(i._sputc) for _sputc
    printf5.o(i._printf_core) refers to uldiv.o(.text) for __aeabi_uldivmod
    printf6.o(i.__0fprintf$6) refers to printf6.o(i._printf_core) for _printf_core
    printf6.o(i.__0fprintf$6) refers to retarget.o(.text) for fputc
    printf6.o(i.__0printf$6) refers to printf6.o(i._printf_core) for _printf_core
    printf6.o(i.__0printf$6) refers to retarget.o(.text) for fputc
    printf6.o(i.__0printf$6) refers to retarget.o(.data) for __stdout
    printf6.o(i.__0snprintf$6) refers to printf6.o(i._printf_core) for _printf_core
    printf6.o(i.__0snprintf$6) refers to printf6.o(i._snputc) for _snputc
    printf6.o(i.__0sprintf$6) refers to printf6.o(i._printf_core) for _printf_core
    printf6.o(i.__0sprintf$6) refers to printf6.o(i._sputc) for _sputc
    printf6.o(i.__0vfprintf$6) refers to printf6.o(i._printf_core) for _printf_core
    printf6.o(i.__0vfprintf$6) refers to retarget.o(.text) for fputc
    printf6.o(i.__0vprintf$6) refers to printf6.o(i._printf_core) for _printf_core
    printf6.o(i.__0vprintf$6) refers to retarget.o(.text) for fputc
    printf6.o(i.__0vprintf$6) refers to retarget.o(.data) for __stdout
    printf6.o(i.__0vsnprintf$6) refers to printf6.o(i._printf_core) for _printf_core
    printf6.o(i.__0vsnprintf$6) refers to printf6.o(i._snputc) for _snputc
    printf6.o(i.__0vsprintf$6) refers to printf6.o(i._printf_core) for _printf_core
    printf6.o(i.__0vsprintf$6) refers to printf6.o(i._sputc) for _sputc
    printf6.o(i._printf_core) refers to printf6.o(i._printf_pre_padding) for _printf_pre_padding
    printf6.o(i._printf_core) refers to uidiv.o(.text) for __aeabi_uidivmod
    printf6.o(i._printf_core) refers to printf6.o(i._printf_post_padding) for _printf_post_padding
    printf7.o(i.__0fprintf$7) refers to printf7.o(i._printf_core) for _printf_core
    printf7.o(i.__0fprintf$7) refers to retarget.o(.text) for fputc
    printf7.o(i.__0printf$7) refers to printf7.o(i._printf_core) for _printf_core
    printf7.o(i.__0printf$7) refers to retarget.o(.text) for fputc
    printf7.o(i.__0printf$7) refers to retarget.o(.data) for __stdout
    printf7.o(i.__0snprintf$7) refers to printf7.o(i._printf_core) for _printf_core
    printf7.o(i.__0snprintf$7) refers to printf7.o(i._snputc) for _snputc
    printf7.o(i.__0sprintf$7) refers to printf7.o(i._printf_core) for _printf_core
    printf7.o(i.__0sprintf$7) refers to printf7.o(i._sputc) for _sputc
    printf7.o(i.__0vfprintf$7) refers to printf7.o(i._printf_core) for _printf_core
    printf7.o(i.__0vfprintf$7) refers to retarget.o(.text) for fputc
    printf7.o(i.__0vprintf$7) refers to printf7.o(i._printf_core) for _printf_core
    printf7.o(i.__0vprintf$7) refers to retarget.o(.text) for fputc
    printf7.o(i.__0vprintf$7) refers to retarget.o(.data) for __stdout
    printf7.o(i.__0vsnprintf$7) refers to printf7.o(i._printf_core) for _printf_core
    printf7.o(i.__0vsnprintf$7) refers to printf7.o(i._snputc) for _snputc
    printf7.o(i.__0vsprintf$7) refers to printf7.o(i._printf_core) for _printf_core
    printf7.o(i.__0vsprintf$7) refers to printf7.o(i._sputc) for _sputc
    printf7.o(i._printf_core) refers to printf7.o(i._printf_pre_padding) for _printf_pre_padding
    printf7.o(i._printf_core) refers to uldiv.o(.text) for __aeabi_uldivmod
    printf7.o(i._printf_core) refers to printf7.o(i._printf_post_padding) for _printf_post_padding
    printf8.o(i.__0fprintf$8) refers to printf8.o(i._printf_core) for _printf_core
    printf8.o(i.__0fprintf$8) refers to retarget.o(.text) for fputc
    printf8.o(i.__0printf$8) refers to printf8.o(i._printf_core) for _printf_core
    printf8.o(i.__0printf$8) refers to retarget.o(.text) for fputc
    printf8.o(i.__0printf$8) refers to retarget.o(.data) for __stdout
    printf8.o(i.__0snprintf$8) refers to printf8.o(i._printf_core) for _printf_core
    printf8.o(i.__0snprintf$8) refers to printf8.o(i._snputc) for _snputc
    printf8.o(i.__0sprintf$8) refers to printf8.o(i._printf_core) for _printf_core
    printf8.o(i.__0sprintf$8) refers to printf8.o(i._sputc) for _sputc
    printf8.o(i.__0vfprintf$8) refers to printf8.o(i._printf_core) for _printf_core
    printf8.o(i.__0vfprintf$8) refers to retarget.o(.text) for fputc
    printf8.o(i.__0vprintf$8) refers to printf8.o(i._printf_core) for _printf_core
    printf8.o(i.__0vprintf$8) refers to retarget.o(.text) for fputc
    printf8.o(i.__0vprintf$8) refers to retarget.o(.data) for __stdout
    printf8.o(i.__0vsnprintf$8) refers to printf8.o(i._printf_core) for _printf_core
    printf8.o(i.__0vsnprintf$8) refers to printf8.o(i._snputc) for _snputc
    printf8.o(i.__0vsprintf$8) refers to printf8.o(i._printf_core) for _printf_core
    printf8.o(i.__0vsprintf$8) refers to printf8.o(i._sputc) for _sputc
    printf8.o(i._printf_core) refers to printf8.o(i._printf_pre_padding) for _printf_pre_padding
    printf8.o(i._printf_core) refers to uldiv.o(.text) for __aeabi_uldivmod
    printf8.o(i._printf_core) refers to printf8.o(i._printf_post_padding) for _printf_post_padding
    printfa.o(i.__0fprintf) refers (Special) to iusefp.o(.text) for __I$use$fp
    printfa.o(i.__0fprintf) refers to printfa.o(i._printf_core) for _printf_core
    printfa.o(i.__0fprintf) refers to retarget.o(.text) for fputc
    printfa.o(i.__0printf) refers (Special) to iusefp.o(.text) for __I$use$fp
    printfa.o(i.__0printf) refers to printfa.o(i._printf_core) for _printf_core
    printfa.o(i.__0printf) refers to retarget.o(.text) for fputc
    printfa.o(i.__0printf) refers to retarget.o(.data) for __stdout
    printfa.o(i.__0snprintf) refers (Special) to iusefp.o(.text) for __I$use$fp
    printfa.o(i.__0snprintf) refers to printfa.o(i._printf_core) for _printf_core
    printfa.o(i.__0snprintf) refers to printfa.o(i._snputc) for _snputc
    printfa.o(i.__0sprintf) refers (Special) to iusefp.o(.text) for __I$use$fp
    printfa.o(i.__0sprintf) refers to printfa.o(i._printf_core) for _printf_core
    printfa.o(i.__0sprintf) refers to printfa.o(i._sputc) for _sputc
    printfa.o(i.__0vfprintf) refers (Special) to iusefp.o(.text) for __I$use$fp
    printfa.o(i.__0vfprintf) refers to printfa.o(i._printf_core) for _printf_core
    printfa.o(i.__0vfprintf) refers to retarget.o(.text) for fputc
    printfa.o(i.__0vprintf) refers (Special) to iusefp.o(.text) for __I$use$fp
    printfa.o(i.__0vprintf) refers to printfa.o(i._printf_core) for _printf_core
    printfa.o(i.__0vprintf) refers to retarget.o(.text) for fputc
    printfa.o(i.__0vprintf) refers to retarget.o(.data) for __stdout
    printfa.o(i.__0vsnprintf) refers (Special) to iusefp.o(.text) for __I$use$fp
    printfa.o(i.__0vsnprintf) refers to printfa.o(i._printf_core) for _printf_core
    printfa.o(i.__0vsnprintf) refers to printfa.o(i._snputc) for _snputc
    printfa.o(i.__0vsprintf) refers (Special) to iusefp.o(.text) for __I$use$fp
    printfa.o(i.__0vsprintf) refers to printfa.o(i._printf_core) for _printf_core
    printfa.o(i.__0vsprintf) refers to printfa.o(i._sputc) for _sputc
    printfa.o(i._fp_digits) refers (Special) to iusefp.o(.text) for __I$use$fp
    printfa.o(i._fp_digits) refers to dmul.o(.text) for __aeabi_dmul
    printfa.o(i._fp_digits) refers to ddiv.o(.text) for __aeabi_ddiv
    printfa.o(i._fp_digits) refers to cdrcmple.o(.text) for __aeabi_cdrcmple
    printfa.o(i._fp_digits) refers to dadd.o(.text) for __aeabi_dadd
    printfa.o(i._fp_digits) refers to dfixul.o(.text) for __aeabi_d2ulz
    printfa.o(i._fp_digits) refers to uldiv.o(.text) for __aeabi_uldivmod
    printfa.o(i._printf_core) refers (Special) to iusefp.o(.text) for __I$use$fp
    printfa.o(i._printf_core) refers to printfa.o(i._printf_pre_padding) for _printf_pre_padding
    printfa.o(i._printf_core) refers to uldiv.o(.text) for __aeabi_uldivmod
    printfa.o(i._printf_core) refers to printfa.o(i._printf_post_padding) for _printf_post_padding
    printfa.o(i._printf_core) refers to printfa.o(i._fp_digits) for _fp_digits
    printfa.o(i._printf_core) refers to uidiv.o(.text) for __aeabi_uidivmod
    printfa.o(i._printf_post_padding) refers (Special) to iusefp.o(.text) for __I$use$fp
    printfa.o(i._printf_pre_padding) refers (Special) to iusefp.o(.text) for __I$use$fp
    printfa.o(i._snputc) refers (Special) to iusefp.o(.text) for __I$use$fp
    printfa.o(i._sputc) refers (Special) to iusefp.o(.text) for __I$use$fp
    entry2.o(.ARM.Collect$$$$00000001) refers to entry2.o(.ARM.Collect$$$$00002712) for __lit__00000000
    entry2.o(.ARM.Collect$$$$00002712) refers to startup_m480.o(STACK) for __initial_sp
    entry2.o(__vectab_stack_and_reset_area) refers to startup_m480.o(STACK) for __initial_sp
    entry2.o(__vectab_stack_and_reset_area) refers to entry.o(.ARM.Collect$$$$00000000) for __main
    entry5.o(.ARM.Collect$$$$00000004) refers to init.o(.text) for __scatterload
    entry9a.o(.ARM.Collect$$$$0000000B) refers to main.o(.text) for main
    entry9b.o(.ARM.Collect$$$$0000000C) refers to main.o(.text) for main
    uldiv.o(.text) refers to llushr.o(.text) for __aeabi_llsr
    uldiv.o(.text) refers to llshl.o(.text) for __aeabi_llsl
    dadd.o(.text) refers to llshl.o(.text) for __aeabi_llsl
    dadd.o(.text) refers to llsshr.o(.text) for __aeabi_lasr
    dadd.o(.text) refers to depilogue.o(.text) for _double_epilogue
    dmul.o(.text) refers to depilogue.o(.text) for _double_epilogue
    ddiv.o(.text) refers to depilogue.o(.text) for _double_round
    dfixul.o(.text) refers to llushr.o(.text) for __aeabi_llsr
    dfixul.o(.text) refers to llshl.o(.text) for __aeabi_llsl
    init.o(.text) refers to entry5.o(.ARM.Collect$$$$00000004) for __main_after_scatterload
    depilogue.o(.text) refers to llshl.o(.text) for __aeabi_llsl
    depilogue.o(.text) refers to llushr.o(.text) for __aeabi_llsr


==============================================================================

Removing Unused input sections from the image.

    Removing system_m480.o(.rev16_text), (4 bytes).
    Removing system_m480.o(.revsh_text), (4 bytes).
    Removing system_m480.o(.rrx_text), (6 bytes).
    Removing startup_m480.o(HEAP), (256 bytes).
    Removing main.o(.rev16_text), (4 bytes).
    Removing main.o(.revsh_text), (4 bytes).
    Removing main.o(.rrx_text), (6 bytes).
    Removing main.o(.data), (1 bytes).
    Removing dependencies.o(.rev16_text), (4 bytes).
    Removing dependencies.o(.revsh_text), (4 bytes).
    Removing dependencies.o(.rrx_text), (6 bytes).
    Removing dependencies.o(.text), (1504 bytes).
    Removing dependencies.o(.bss), (12 bytes).
    Removing dependencies.o(.data), (4 bytes).
    Removing dependencies.o(.data), (4 bytes).
    Removing dependencies.o(.data), (4 bytes).
    Removing dependencies.o(.data), (4 bytes).
    Removing dependencies.o(.data), (4 bytes).
    Removing retarget.o(.rev16_text), (4 bytes).
    Removing retarget.o(.revsh_text), (4 bytes).
    Removing retarget.o(.rrx_text), (6 bytes).
    Removing retarget.o(.text), (16 bytes).
    Removing retarget.o(.text), (16 bytes).
    Removing retarget.o(.text), (4 bytes).
    Removing retarget.o(.text), (20 bytes).
    Removing retarget.o(.text), (6 bytes).
    Removing retarget.o(.data), (4 bytes).
    Removing clk.o(.rev16_text), (4 bytes).
    Removing clk.o(.revsh_text), (4 bytes).
    Removing clk.o(.rrx_text), (6 bytes).
    Removing clk.o(.text), (28 bytes).
    Removing clk.o(.text), (12 bytes).
    Removing clk.o(.text), (48 bytes).
    Removing clk.o(.text), (48 bytes).
    Removing clk.o(.text), (32 bytes).
    Removing clk.o(.text), (20 bytes).
    Removing clk.o(.text), (22 bytes).
    Removing clk.o(.text), (16 bytes).
    Removing clk.o(.text), (16 bytes).
    Removing clk.o(.text), (20 bytes).
    Removing clk.o(.text), (16 bytes).
    Removing clk.o(.text), (16 bytes).
    Removing clk.o(.text), (56 bytes).
    Removing clk.o(.text), (10 bytes).
    Removing clk.o(.text), (102 bytes).
    Removing clk.o(.text), (96 bytes).
    Removing clk.o(.text), (10 bytes).
    Removing clk.o(.text), (36 bytes).
    Removing clk.o(.text), (144 bytes).
    Removing clk.o(.text), (96 bytes).
    Removing clk.o(.constdata), (32 bytes).
    Removing sys.o(.rev16_text), (4 bytes).
    Removing sys.o(.revsh_text), (4 bytes).
    Removing sys.o(.rrx_text), (6 bytes).
    Removing sys.o(.text), (12 bytes).
    Removing sys.o(.text), (12 bytes).
    Removing sys.o(.text), (8 bytes).
    Removing sys.o(.text), (16 bytes).
    Removing sys.o(.text), (8 bytes).
    Removing sys.o(.text), (14 bytes).
    Removing sys.o(.text), (14 bytes).
    Removing sys.o(.text), (28 bytes).
    Removing sys.o(.text), (34 bytes).
    Removing sys.o(.text), (14 bytes).
    Removing sys.o(.text), (20 bytes).
    Removing sys.o(.text), (16 bytes).
    Removing uart.o(.rev16_text), (4 bytes).
    Removing uart.o(.revsh_text), (4 bytes).
    Removing uart.o(.rrx_text), (6 bytes).
    Removing uart.o(.text), (60 bytes).
    Removing uart.o(.text), (6 bytes).
    Removing uart.o(.text), (10 bytes).
    Removing uart.o(.text), (8 bytes).
    Removing uart.o(.text), (26 bytes).
    Removing uart.o(.text), (8 bytes).
    Removing uart.o(.text), (46 bytes).
    Removing uart.o(.text), (352 bytes).
    Removing uart.o(.text), (356 bytes).
    Removing uart.o(.text), (32 bytes).
    Removing uart.o(.text), (22 bytes).
    Removing timer.o(.rev16_text), (4 bytes).
    Removing timer.o(.revsh_text), (4 bytes).
    Removing timer.o(.rrx_text), (6 bytes).
    Removing timer.o(.text), (8 bytes).
    Removing timer.o(.text), (22 bytes).
    Removing timer.o(.text), (10 bytes).
    Removing timer.o(.text), (20 bytes).
    Removing timer.o(.text), (10 bytes).
    Removing timer.o(.text), (52 bytes).
    Removing timer.o(.text), (10 bytes).
    Removing timer.o(.text), (12 bytes).
    Removing timer.o(.text), (12 bytes).
    Removing timer.o(.text), (60 bytes).
    Removing gpio.o(.rev16_text), (4 bytes).
    Removing gpio.o(.revsh_text), (4 bytes).
    Removing gpio.o(.rrx_text), (6 bytes).
    Removing gpio.o(.text), (40 bytes).
    Removing gpio.o(.text), (24 bytes).
    Removing gpio.o(.text), (44 bytes).
    Removing gpio.o(.text), (44 bytes).
    Removing dadd.o(.text), (334 bytes).
    Removing dmul.o(.text), (228 bytes).
    Removing ddiv.o(.text), (222 bytes).
    Removing dfixul.o(.text), (48 bytes).
    Removing cdrcmple.o(.text), (48 bytes).
    Removing depilogue.o(.text), (186 bytes).

106 unused section(s) (total 5417 bytes) removed from the image.

==============================================================================

Image Symbol Table

    Local Symbols

    Symbol Name                              Value     Ov Type        Size  Object(Section)

    RESET                                    0x00000000   Section      500  startup_m480.o(RESET)
    ../clib/microlib/division.c              0x00000000   Number         0  uldiv.o ABSOLUTE
    ../clib/microlib/division.c              0x00000000   Number         0  uidiv.o ABSOLUTE
    ../clib/microlib/init/entry.s            0x00000000   Number         0  entry9a.o ABSOLUTE
    ../clib/microlib/init/entry.s            0x00000000   Number         0  entry.o ABSOLUTE
    ../clib/microlib/init/entry.s            0x00000000   Number         0  entry12a.o ABSOLUTE
    ../clib/microlib/init/entry.s            0x00000000   Number         0  entry11b.o ABSOLUTE
    ../clib/microlib/init/entry.s            0x00000000   Number         0  entry11a.o ABSOLUTE
    ../clib/microlib/init/entry.s            0x00000000   Number         0  entry10b.o ABSOLUTE
    ../clib/microlib/init/entry.s            0x00000000   Number         0  entry7a.o ABSOLUTE
    ../clib/microlib/init/entry.s            0x00000000   Number         0  entry10a.o ABSOLUTE
    ../clib/microlib/init/entry.s            0x00000000   Number         0  entry12b.o ABSOLUTE
    ../clib/microlib/init/entry.s            0x00000000   Number         0  entry9b.o ABSOLUTE
    ../clib/microlib/init/entry.s            0x00000000   Number         0  entry8a.o ABSOLUTE
    ../clib/microlib/init/entry.s            0x00000000   Number         0  entry7b.o ABSOLUTE
    ../clib/microlib/init/entry.s            0x00000000   Number         0  entry8b.o ABSOLUTE
    ../clib/microlib/init/entry.s            0x00000000   Number         0  entry5.o ABSOLUTE
    ../clib/microlib/init/entry.s            0x00000000   Number         0  entry2.o ABSOLUTE
    ../clib/microlib/longlong.c              0x00000000   Number         0  llshl.o ABSOLUTE
    ../clib/microlib/longlong.c              0x00000000   Number         0  llushr.o ABSOLUTE
    ../clib/microlib/longlong.c              0x00000000   Number         0  llsshr.o ABSOLUTE
    ../clib/microlib/printf/printf.c         0x00000000   Number         0  printf2.o ABSOLUTE
    ../clib/microlib/printf/printf.c         0x00000000   Number         0  printf5.o ABSOLUTE
    ../clib/microlib/printf/printf.c         0x00000000   Number         0  printf1.o ABSOLUTE
    ../clib/microlib/printf/printf.c         0x00000000   Number         0  printf3.o ABSOLUTE
    ../clib/microlib/printf/printf.c         0x00000000   Number         0  printf6.o ABSOLUTE
    ../clib/microlib/printf/printf.c         0x00000000   Number         0  printfa.o ABSOLUTE
    ../clib/microlib/printf/printf.c         0x00000000   Number         0  printf7.o ABSOLUTE
    ../clib/microlib/printf/printf.c         0x00000000   Number         0  printf8.o ABSOLUTE
    ../clib/microlib/printf/printf.c         0x00000000   Number         0  printf0.o ABSOLUTE
    ../clib/microlib/printf/printf.c         0x00000000   Number         0  printfb.o ABSOLUTE
    ../clib/microlib/printf/printf.c         0x00000000   Number         0  printf4.o ABSOLUTE
    ../clib/microlib/printf/stubs.s          0x00000000   Number         0  stubs.o ABSOLUTE
    ../clib/microlib/stdio/getc.c            0x00000000   Number         0  getc.o ABSOLUTE
    ../clib/microlib/string/memcpy.c         0x00000000   Number         0  memcpya.o ABSOLUTE
    ../clib/microlib/string/memcpy.c         0x00000000   Number         0  memcpyb.o ABSOLUTE
    ../clib/microlib/stubs.s                 0x00000000   Number         0  iusefp.o ABSOLUTE
    ../fplib/microlib/fpadd.c                0x00000000   Number         0  dadd.o ABSOLUTE
    ../fplib/microlib/fpdiv.c                0x00000000   Number         0  ddiv.o ABSOLUTE
    ../fplib/microlib/fpepilogue.c           0x00000000   Number         0  depilogue.o ABSOLUTE
    ../fplib/microlib/fpfix.c                0x00000000   Number         0  dfixul.o ABSOLUTE
    ../fplib/microlib/fpmul.c                0x00000000   Number         0  dmul.o ABSOLUTE
    ..\..\..\Library\StdDriver\src\gpio.c    0x00000000   Number         0  gpio.o ABSOLUTE
    ..\..\..\Library\StdDriver\src\timer.c   0x00000000   Number         0  timer.o ABSOLUTE
    ..\\..\\..\\Library\\StdDriver\\src\\gpio.c 0x00000000   Number         0  gpio.o ABSOLUTE
    ..\\..\\..\\Library\\StdDriver\\src\\timer.c 0x00000000   Number         0  timer.o ABSOLUTE
    ..\\dependencies.c                       0x00000000   Number         0  dependencies.o ABSOLUTE
    ..\\main.c                               0x00000000   Number         0  main.o ABSOLUTE
    ..\dependencies.c                        0x00000000   Number         0  dependencies.o ABSOLUTE
    ..\main.c                                0x00000000   Number         0  main.o ABSOLUTE
    C:\Users\kevin\Documents\nuvoton_ws\Library\Device\Nuvoton\M480\Source\ARM\startup_M480.s 0x00000000   Number         0  startup_m480.o ABSOLUTE
    C:\Users\kevin\Documents\nuvoton_ws\Library\Device\Nuvoton\M480\Source\system_M480.c 0x00000000   Number         0  system_m480.o ABSOLUTE
    C:\Users\kevin\Documents\nuvoton_ws\Library\StdDriver\src\clk.c 0x00000000   Number         0  clk.o ABSOLUTE
    C:\Users\kevin\Documents\nuvoton_ws\Library\StdDriver\src\retarget.c 0x00000000   Number         0  retarget.o ABSOLUTE
    C:\Users\kevin\Documents\nuvoton_ws\Library\StdDriver\src\sys.c 0x00000000   Number         0  sys.o ABSOLUTE
    C:\Users\kevin\Documents\nuvoton_ws\Library\StdDriver\src\uart.c 0x00000000   Number         0  uart.o ABSOLUTE
    C:\\Users\\kevin\\Documents\\nuvoton_ws\\Library\\Device\\Nuvoton\\M480\\Source\\system_M480.c 0x00000000   Number         0  system_m480.o ABSOLUTE
    C:\\Users\\kevin\\Documents\\nuvoton_ws\\Library\\StdDriver\\src\\clk.c 0x00000000   Number         0  clk.o ABSOLUTE
    C:\\Users\\kevin\\Documents\\nuvoton_ws\\Library\\StdDriver\\src\\retarget.c 0x00000000   Number         0  retarget.o ABSOLUTE
    C:\\Users\\kevin\\Documents\\nuvoton_ws\\Library\\StdDriver\\src\\sys.c 0x00000000   Number         0  sys.o ABSOLUTE
    C:\\Users\\kevin\\Documents\\nuvoton_ws\\Library\\StdDriver\\src\\uart.c 0x00000000   Number         0  uart.o ABSOLUTE
    cdrcmple.s                               0x00000000   Number         0  cdrcmple.o ABSOLUTE
    handlers.s                               0x00000000   Number         0  handlers.o ABSOLUTE
    init.s                                   0x00000000   Number         0  init.o ABSOLUTE
    .ARM.Collect$$$$00000000                 0x000001f4   Section        0  entry.o(.ARM.Collect$$$$00000000)
    .ARM.Collect$$$$00000001                 0x000001f4   Section        4  entry2.o(.ARM.Collect$$$$00000001)
    .ARM.Collect$$$$00000004                 0x000001f8   Section        4  entry5.o(.ARM.Collect$$$$00000004)
    .ARM.Collect$$$$00000008                 0x000001fc   Section        0  entry7b.o(.ARM.Collect$$$$00000008)
    .ARM.Collect$$$$0000000A                 0x000001fc   Section        0  entry8b.o(.ARM.Collect$$$$0000000A)
    .ARM.Collect$$$$0000000B                 0x000001fc   Section        8  entry9a.o(.ARM.Collect$$$$0000000B)
    .ARM.Collect$$$$0000000E                 0x00000204   Section        4  entry12b.o(.ARM.Collect$$$$0000000E)
    .ARM.Collect$$$$0000000F                 0x00000208   Section        0  entry10a.o(.ARM.Collect$$$$0000000F)
    .ARM.Collect$$$$00000011                 0x00000208   Section        0  entry11a.o(.ARM.Collect$$$$00000011)
    .ARM.Collect$$$$00002712                 0x00000208   Section        4  entry2.o(.ARM.Collect$$$$00002712)
    __lit__00000000                          0x00000208   Data           4  entry2.o(.ARM.Collect$$$$00002712)
    .emb_text                                0x0000020c   Section       28  retarget.o(.emb_text)
    $v0                                      0x0000020c   Number         0  retarget.o(.emb_text)
    .text                                    0x00000228   Section        0  system_m480.o(.text)
    .text                                    0x000002e8   Section      104  startup_m480.o(.text)
    $v0                                      0x000002e8   Number         0  startup_m480.o(.text)
    Default_Handler                          0x0000033b   Thumb Code     2  startup_m480.o(.text)
    .text                                    0x00000350   Section        0  main.o(.text)
    .text                                    0x000003d8   Section        0  dependencies.o(.text)
    NVIC_EnableIRQ                           0x00000a89   Thumb Code    22  dependencies.o(.text)
    .text                                    0x00000ac4   Section        0  retarget.o(.text)
    __tagsym$$used                           0x00000ac5   Number         0  retarget.o(.text)
    stackDump                                0x00000ae1   Thumb Code    72  retarget.o(.text)
    SendChar                                 0x00000b29   Thumb Code    26  retarget.o(.text)
    .text                                    0x00000bc0   Section        0  clk.o(.text)
    .text                                    0x00000ff8   Section        0  uart.o(.text)
    .text                                    0x000011a0   Section        0  timer.o(.text)
    .text                                    0x00001304   Section        0  gpio.o(.text)
    .text                                    0x00001330   Section        0  memcpya.o(.text)
    .text                                    0x00001354   Section        0  uldiv.o(.text)
    .text                                    0x000013b8   Section       36  init.o(.text)
    .text                                    0x000013dc   Section        0  llshl.o(.text)
    .text                                    0x000013fa   Section        0  llushr.o(.text)
    i.__0printf$5                            0x0000141c   Section        0  printf5.o(i.__0printf$5)
    i.__scatterload_copy                     0x0000143c   Section       14  handlers.o(i.__scatterload_copy)
    i.__scatterload_null                     0x0000144a   Section        2  handlers.o(i.__scatterload_null)
    i.__scatterload_zeroinit                 0x0000144c   Section       14  handlers.o(i.__scatterload_zeroinit)
    i._printf_core                           0x0000145c   Section        0  printf5.o(i._printf_core)
    _printf_core                             0x0000145d   Thumb Code   660  printf5.o(i._printf_core)
    .constdata                               0x0000171c   Section       48  uart.o(.constdata)
    .constdata                               0x0000174c   Section       32  timer.o(.constdata)
    .data                                    0x20000000   Section       44  system_m480.o(.data)
    .data                                    0x2000002c   Section        3  main.o(.data)
    .data                                    0x20000030   Section      222  dependencies.o(.data)
    .data                                    0x20000110   Section        4  retarget.o(.data)
    .data                                    0x20000114   Section        4  clk.o(.data)
    .bss                                     0x20000118   Section      286  dependencies.o(.bss)
    STACK                                    0x20000238   Section     2048  startup_m480.o(STACK)

    Global Symbols

    Symbol Name                              Value     Ov Type        Size  Object(Section)

    BuildAttributes$$THM_ISAv4$E$P$D$K$B$S$7EM$VFPi3$EXTD16$VFPS$VFMA$PE$A:L22UL41UL21$X:L11$S22US41US21$IEEE1$IW$USESV6$~STKCKD$USESV7$~SHL$OSPACE$ROPI$EBA8$MICROLIB$REQ8$PRES8$EABIv2 0x00000000   Number         0  anon$$obj.o ABSOLUTE
    __ARM_use_no_argv                        0x00000000   Number         0  main.o ABSOLUTE
    __Vectors                                0x00000000   Data           4  startup_m480.o(RESET)
    _printf_a                                0x00000000   Number         0  stubs.o ABSOLUTE
    _printf_c                                0x00000000   Number         0  stubs.o ABSOLUTE
    _printf_charcount                        0x00000000   Number         0  stubs.o ABSOLUTE
    _printf_d                                0x00000000   Number         0  stubs.o ABSOLUTE
    _printf_e                                0x00000000   Number         0  stubs.o ABSOLUTE
    _printf_f                                0x00000000   Number         0  stubs.o ABSOLUTE
    _printf_flags                            0x00000000   Number         0  stubs.o ABSOLUTE
    _printf_fp_dec                           0x00000000   Number         0  stubs.o ABSOLUTE
    _printf_fp_hex                           0x00000000   Number         0  stubs.o ABSOLUTE
    _printf_g                                0x00000000   Number         0  stubs.o ABSOLUTE
    _printf_i                                0x00000000   Number         0  stubs.o ABSOLUTE
    _printf_int_dec                          0x00000000   Number         0  stubs.o ABSOLUTE
    _printf_l                                0x00000000   Number         0  stubs.o ABSOLUTE
    _printf_lc                               0x00000000   Number         0  stubs.o ABSOLUTE
    _printf_ll                               0x00000000   Number         0  stubs.o ABSOLUTE
    _printf_lld                              0x00000000   Number         0  stubs.o ABSOLUTE
    _printf_lli                              0x00000000   Number         0  stubs.o ABSOLUTE
    _printf_llo                              0x00000000   Number         0  stubs.o ABSOLUTE
    _printf_llu                              0x00000000   Number         0  stubs.o ABSOLUTE
    _printf_llx                              0x00000000   Number         0  stubs.o ABSOLUTE
    _printf_longlong_dec                     0x00000000   Number         0  stubs.o ABSOLUTE
    _printf_longlong_hex                     0x00000000   Number         0  stubs.o ABSOLUTE
    _printf_longlong_oct                     0x00000000   Number         0  stubs.o ABSOLUTE
    _printf_ls                               0x00000000   Number         0  stubs.o ABSOLUTE
    _printf_mbtowc                           0x00000000   Number         0  stubs.o ABSOLUTE
    _printf_n                                0x00000000   Number         0  stubs.o ABSOLUTE
    _printf_o                                0x00000000   Number         0  stubs.o ABSOLUTE
    _printf_p                                0x00000000   Number         0  stubs.o ABSOLUTE
    _printf_percent                          0x00000000   Number         0  stubs.o ABSOLUTE
    _printf_pre_padding                      0x00000000   Number         0  stubs.o ABSOLUTE
    _printf_return_value                     0x00000000   Number         0  stubs.o ABSOLUTE
    _printf_s                                0x00000000   Number         0  stubs.o ABSOLUTE
    _printf_sizespec                         0x00000000   Number         0  stubs.o ABSOLUTE
    _printf_str                              0x00000000   Number         0  stubs.o ABSOLUTE
    _printf_truncate_signed                  0x00000000   Number         0  stubs.o ABSOLUTE
    _printf_truncate_unsigned                0x00000000   Number         0  stubs.o ABSOLUTE
    _printf_u                                0x00000000   Number         0  stubs.o ABSOLUTE
    _printf_wc                               0x00000000   Number         0  stubs.o ABSOLUTE
    _printf_wctomb                           0x00000000   Number         0  stubs.o ABSOLUTE
    _printf_widthprec                        0x00000000   Number         0  stubs.o ABSOLUTE
    _printf_x                                0x00000000   Number         0  stubs.o ABSOLUTE
    __arm_fini_                               - Undefined Weak Reference
    __cpp_initialize__aeabi_                  - Undefined Weak Reference
    __cxa_finalize                            - Undefined Weak Reference
    __decompress                              - Undefined Weak Reference
    _clock_init                               - Undefined Weak Reference
    _microlib_exit                            - Undefined Weak Reference
    __Vectors_End                            0x000001f4   Data           0  startup_m480.o(RESET)
    __Vectors_Size                           0x000001f4   Number         0  startup_m480.o ABSOLUTE
    __main                                   0x000001f5   Thumb Code     0  entry.o(.ARM.Collect$$$$00000000)
    _main_stk                                0x000001f5   Thumb Code     0  entry2.o(.ARM.Collect$$$$00000001)
    _main_scatterload                        0x000001f9   Thumb Code     0  entry5.o(.ARM.Collect$$$$00000004)
    __main_after_scatterload                 0x000001fd   Thumb Code     0  entry5.o(.ARM.Collect$$$$00000004)
    _main_clock                              0x000001fd   Thumb Code     0  entry7b.o(.ARM.Collect$$$$00000008)
    _main_cpp_init                           0x000001fd   Thumb Code     0  entry8b.o(.ARM.Collect$$$$0000000A)
    _main_init                               0x000001fd   Thumb Code     0  entry9a.o(.ARM.Collect$$$$0000000B)
    __rt_lib_shutdown_fini                   0x00000205   Thumb Code     0  entry12b.o(.ARM.Collect$$$$0000000E)
    __rt_final_cpp                           0x00000209   Thumb Code     0  entry10a.o(.ARM.Collect$$$$0000000F)
    __rt_final_exit                          0x00000209   Thumb Code     0  entry11a.o(.ARM.Collect$$$$00000011)
    HardFault_Handler                        0x0000020d   Thumb Code    24  retarget.o(.emb_text)
    SystemCoreClockUpdate                    0x00000229   Thumb Code    64  system_m480.o(.text)
    SystemInit                               0x00000269   Thumb Code   108  system_m480.o(.text)
    Reset_Handler                            0x000002e9   Thumb Code    64  startup_m480.o(.text)
    NMI_Handler                              0x00000329   Thumb Code     2  startup_m480.o(.text)
    MemManage_Handler                        0x0000032d   Thumb Code     2  startup_m480.o(.text)
    BusFault_Handler                         0x0000032f   Thumb Code     2  startup_m480.o(.text)
    UsageFault_Handler                       0x00000331   Thumb Code     2  startup_m480.o(.text)
    SVC_Handler                              0x00000333   Thumb Code     2  startup_m480.o(.text)
    DebugMon_Handler                         0x00000335   Thumb Code     2  startup_m480.o(.text)
    PendSV_Handler                           0x00000337   Thumb Code     2  startup_m480.o(.text)
    SysTick_Handler                          0x00000339   Thumb Code     2  startup_m480.o(.text)
    ACMP01_IRQHandler                        0x0000033b   Thumb Code     0  startup_m480.o(.text)
    BOD_IRQHandler                           0x0000033b   Thumb Code     0  startup_m480.o(.text)
    BPWM0_IRQHandler                         0x0000033b   Thumb Code     0  startup_m480.o(.text)
    BPWM1_IRQHandler                         0x0000033b   Thumb Code     0  startup_m480.o(.text)
    BRAKE0_IRQHandler                        0x0000033b   Thumb Code     0  startup_m480.o(.text)
    BRAKE1_IRQHandler                        0x0000033b   Thumb Code     0  startup_m480.o(.text)
    CAN0_IRQHandler                          0x0000033b   Thumb Code     0  startup_m480.o(.text)
    CAN1_IRQHandler                          0x0000033b   Thumb Code     0  startup_m480.o(.text)
    CAN2_IRQHandler                          0x0000033b   Thumb Code     0  startup_m480.o(.text)
    CCAP_IRQHandler                          0x0000033b   Thumb Code     0  startup_m480.o(.text)
    CKFAIL_IRQHandler                        0x0000033b   Thumb Code     0  startup_m480.o(.text)
    CRYPTO_IRQHandler                        0x0000033b   Thumb Code     0  startup_m480.o(.text)
    DAC_IRQHandler                           0x0000033b   Thumb Code     0  startup_m480.o(.text)
    EADC00_IRQHandler                        0x0000033b   Thumb Code     0  startup_m480.o(.text)
    EADC01_IRQHandler                        0x0000033b   Thumb Code     0  startup_m480.o(.text)
    EADC02_IRQHandler                        0x0000033b   Thumb Code     0  startup_m480.o(.text)
    EADC03_IRQHandler                        0x0000033b   Thumb Code     0  startup_m480.o(.text)
    EADC10_IRQHandler                        0x0000033b   Thumb Code     0  startup_m480.o(.text)
    EADC11_IRQHandler                        0x0000033b   Thumb Code     0  startup_m480.o(.text)
    EADC12_IRQHandler                        0x0000033b   Thumb Code     0  startup_m480.o(.text)
    EADC13_IRQHandler                        0x0000033b   Thumb Code     0  startup_m480.o(.text)
    ECAP0_IRQHandler                         0x0000033b   Thumb Code     0  startup_m480.o(.text)
    ECAP1_IRQHandler                         0x0000033b   Thumb Code     0  startup_m480.o(.text)
    EHCI_IRQHandler                          0x0000033b   Thumb Code     0  startup_m480.o(.text)
    EINT0_IRQHandler                         0x0000033b   Thumb Code     0  startup_m480.o(.text)
    EINT1_IRQHandler                         0x0000033b   Thumb Code     0  startup_m480.o(.text)
    EINT2_IRQHandler                         0x0000033b   Thumb Code     0  startup_m480.o(.text)
    EINT3_IRQHandler                         0x0000033b   Thumb Code     0  startup_m480.o(.text)
    EINT4_IRQHandler                         0x0000033b   Thumb Code     0  startup_m480.o(.text)
    EINT5_IRQHandler                         0x0000033b   Thumb Code     0  startup_m480.o(.text)
    EINT6_IRQHandler                         0x0000033b   Thumb Code     0  startup_m480.o(.text)
    EINT7_IRQHandler                         0x0000033b   Thumb Code     0  startup_m480.o(.text)
    EMAC_RX_IRQHandler                       0x0000033b   Thumb Code     0  startup_m480.o(.text)
    EMAC_TX_IRQHandler                       0x0000033b   Thumb Code     0  startup_m480.o(.text)
    EPWM0P0_IRQHandler                       0x0000033b   Thumb Code     0  startup_m480.o(.text)
    EPWM0P1_IRQHandler                       0x0000033b   Thumb Code     0  startup_m480.o(.text)
    EPWM0P2_IRQHandler                       0x0000033b   Thumb Code     0  startup_m480.o(.text)
    EPWM1P0_IRQHandler                       0x0000033b   Thumb Code     0  startup_m480.o(.text)
    EPWM1P1_IRQHandler                       0x0000033b   Thumb Code     0  startup_m480.o(.text)
    EPWM1P2_IRQHandler                       0x0000033b   Thumb Code     0  startup_m480.o(.text)
    GPA_IRQHandler                           0x0000033b   Thumb Code     0  startup_m480.o(.text)
    GPB_IRQHandler                           0x0000033b   Thumb Code     0  startup_m480.o(.text)
    GPC_IRQHandler                           0x0000033b   Thumb Code     0  startup_m480.o(.text)
    GPD_IRQHandler                           0x0000033b   Thumb Code     0  startup_m480.o(.text)
    GPE_IRQHandler                           0x0000033b   Thumb Code     0  startup_m480.o(.text)
    GPF_IRQHandler                           0x0000033b   Thumb Code     0  startup_m480.o(.text)
    GPG_IRQHandler                           0x0000033b   Thumb Code     0  startup_m480.o(.text)
    GPH_IRQHandler                           0x0000033b   Thumb Code     0  startup_m480.o(.text)
    I2C0_IRQHandler                          0x0000033b   Thumb Code     0  startup_m480.o(.text)
    I2C1_IRQHandler                          0x0000033b   Thumb Code     0  startup_m480.o(.text)
    I2C2_IRQHandler                          0x0000033b   Thumb Code     0  startup_m480.o(.text)
    I2S0_IRQHandler                          0x0000033b   Thumb Code     0  startup_m480.o(.text)
    IRC_IRQHandler                           0x0000033b   Thumb Code     0  startup_m480.o(.text)
    OHCI_IRQHandler                          0x0000033b   Thumb Code     0  startup_m480.o(.text)
    OPA0_IRQHandler                          0x0000033b   Thumb Code     0  startup_m480.o(.text)
    PDMA_IRQHandler                          0x0000033b   Thumb Code     0  startup_m480.o(.text)
    PWRWU_IRQHandler                         0x0000033b   Thumb Code     0  startup_m480.o(.text)
    QEI0_IRQHandler                          0x0000033b   Thumb Code     0  startup_m480.o(.text)
    QEI1_IRQHandler                          0x0000033b   Thumb Code     0  startup_m480.o(.text)
    QSPI0_IRQHandler                         0x0000033b   Thumb Code     0  startup_m480.o(.text)
    QSPI1_IRQHandler                         0x0000033b   Thumb Code     0  startup_m480.o(.text)
    RAMPE_IRQHandler                         0x0000033b   Thumb Code     0  startup_m480.o(.text)
    RTC_IRQHandler                           0x0000033b   Thumb Code     0  startup_m480.o(.text)
    SC0_IRQHandler                           0x0000033b   Thumb Code     0  startup_m480.o(.text)
    SC1_IRQHandler                           0x0000033b   Thumb Code     0  startup_m480.o(.text)
    SC2_IRQHandler                           0x0000033b   Thumb Code     0  startup_m480.o(.text)
    SDH0_IRQHandler                          0x0000033b   Thumb Code     0  startup_m480.o(.text)
    SDH1_IRQHandler                          0x0000033b   Thumb Code     0  startup_m480.o(.text)
    SPI0_IRQHandler                          0x0000033b   Thumb Code     0  startup_m480.o(.text)
    SPI1_IRQHandler                          0x0000033b   Thumb Code     0  startup_m480.o(.text)
    SPI2_IRQHandler                          0x0000033b   Thumb Code     0  startup_m480.o(.text)
    SPI3_IRQHandler                          0x0000033b   Thumb Code     0  startup_m480.o(.text)
    SPIM_IRQHandler                          0x0000033b   Thumb Code     0  startup_m480.o(.text)
    TAMPER_IRQHandler                        0x0000033b   Thumb Code     0  startup_m480.o(.text)
    TMR1_IRQHandler                          0x0000033b   Thumb Code     0  startup_m480.o(.text)
    TMR2_IRQHandler                          0x0000033b   Thumb Code     0  startup_m480.o(.text)
    TMR3_IRQHandler                          0x0000033b   Thumb Code     0  startup_m480.o(.text)
    TRNG_IRQHandler                          0x0000033b   Thumb Code     0  startup_m480.o(.text)
    UART2_IRQHandler                         0x0000033b   Thumb Code     0  startup_m480.o(.text)
    UART3_IRQHandler                         0x0000033b   Thumb Code     0  startup_m480.o(.text)
    UART4_IRQHandler                         0x0000033b   Thumb Code     0  startup_m480.o(.text)
    UART5_IRQHandler                         0x0000033b   Thumb Code     0  startup_m480.o(.text)
    UART6_IRQHandler                         0x0000033b   Thumb Code     0  startup_m480.o(.text)
    UART7_IRQHandler                         0x0000033b   Thumb Code     0  startup_m480.o(.text)
    USBD20_IRQHandler                        0x0000033b   Thumb Code     0  startup_m480.o(.text)
    USBD_IRQHandler                          0x0000033b   Thumb Code     0  startup_m480.o(.text)
    USBOTG20_IRQHandler                      0x0000033b   Thumb Code     0  startup_m480.o(.text)
    USBOTG_IRQHandler                        0x0000033b   Thumb Code     0  startup_m480.o(.text)
    USCI0_IRQHandler                         0x0000033b   Thumb Code     0  startup_m480.o(.text)
    USCI1_IRQHandler                         0x0000033b   Thumb Code     0  startup_m480.o(.text)
    WDT_IRQHandler                           0x0000033b   Thumb Code     0  startup_m480.o(.text)
    WWDT_IRQHandler                          0x0000033b   Thumb Code     0  startup_m480.o(.text)
    TMR0_IRQHandler                          0x00000351   Thumb Code    28  main.o(.text)
    main                                     0x0000036d   Thumb Code    88  main.o(.text)
    binary_to_bcd_array                      0x000003d9   Thumb Code    94  dependencies.o(.text)
    print_page_1                             0x00000437   Thumb Code   324  dependencies.o(.text)
    print_page_0                             0x0000057b   Thumb Code   392  dependencies.o(.text)
    update_variable                          0x00000703   Thumb Code   134  dependencies.o(.text)
    update_display_variable                  0x00000789   Thumb Code   130  dependencies.o(.text)
    update_different_variables               0x0000080b   Thumb Code   134  dependencies.o(.text)
    UART0_TEST_HANDLE                        0x00000891   Thumb Code    82  dependencies.o(.text)
    UART1_TEST_HANDLE                        0x000008e3   Thumb Code    78  dependencies.o(.text)
    UART1_interrrupt                         0x00000931   Thumb Code    56  dependencies.o(.text)
    UART0_interrrupt                         0x00000969   Thumb Code    56  dependencies.o(.text)
    SYS_Init                                 0x000009a1   Thumb Code   208  dependencies.o(.text)
    UART0_Init                               0x00000a71   Thumb Code    10  dependencies.o(.text)
    UART1_Init                               0x00000a7b   Thumb Code    10  dependencies.o(.text)
    UART1_IRQHandler                         0x00000a85   Thumb Code     2  dependencies.o(.text)
    UART0_IRQHandler                         0x00000a87   Thumb Code     2  dependencies.o(.text)
    Hard_Fault_Handler                       0x00000ac5   Thumb Code    16  retarget.o(.text)
    fputc                                    0x00000ad5   Thumb Code    12  retarget.o(.text)
    CLK_SetModuleClock                       0x00000bc1   Thumb Code   140  clk.o(.text)
    CLK_EnableModuleClock                    0x00000c4d   Thumb Code    26  clk.o(.text)
    CLK_GetPCLK0Freq                         0x00000c67   Thumb Code    96  clk.o(.text)
    CLK_GetPCLK1Freq                         0x00000cc7   Thumb Code    98  clk.o(.text)
    CLK_WaitClockReady                       0x00000d29   Thumb Code    52  clk.o(.text)
    CLK_SetHCLK                              0x00000d5d   Thumb Code    98  clk.o(.text)
    CLK_GetPLLClockFreq                      0x00000dbf   Thumb Code    66  clk.o(.text)
    CLK_DisablePLL                           0x00000e01   Thumb Code    18  clk.o(.text)
    CLK_EnablePLL                            0x00000e13   Thumb Code   298  clk.o(.text)
    CLK_SetCoreClock                         0x00000f3d   Thumb Code   188  clk.o(.text)
    UART_Open                                0x00000ff9   Thumb Code   316  uart.o(.text)
    UART_SetTimeoutCnt                       0x00001135   Thumb Code    20  uart.o(.text)
    UART_Write                               0x00001149   Thumb Code    46  uart.o(.text)
    TIMER_GetModuleClock                     0x000011a1   Thumb Code   102  timer.o(.text)
    TIMER_Open                               0x00001207   Thumb Code    54  timer.o(.text)
    TIMER_Delay                              0x0000123d   Thumb Code   170  timer.o(.text)
    GPIO_SetMode                             0x00001305   Thumb Code    44  gpio.o(.text)
    __aeabi_memcpy                           0x00001331   Thumb Code    36  memcpya.o(.text)
    __aeabi_memcpy4                          0x00001331   Thumb Code     0  memcpya.o(.text)
    __aeabi_memcpy8                          0x00001331   Thumb Code     0  memcpya.o(.text)
    __aeabi_uldivmod                         0x00001355   Thumb Code    98  uldiv.o(.text)
    __scatterload                            0x000013b9   Thumb Code    28  init.o(.text)
    __scatterload_rt2                        0x000013b9   Thumb Code     0  init.o(.text)
    __aeabi_llsl                             0x000013dd   Thumb Code    30  llshl.o(.text)
    _ll_shift_l                              0x000013dd   Thumb Code     0  llshl.o(.text)
    __aeabi_llsr                             0x000013fb   Thumb Code    32  llushr.o(.text)
    _ll_ushift_r                             0x000013fb   Thumb Code     0  llushr.o(.text)
    __0printf$5                              0x0000141d   Thumb Code    22  printf5.o(i.__0printf$5)
    __1printf$5                              0x0000141d   Thumb Code     0  printf5.o(i.__0printf$5)
    __2printf                                0x0000141d   Thumb Code     0  printf5.o(i.__0printf$5)
    __scatterload_copy                       0x0000143d   Thumb Code    14  handlers.o(i.__scatterload_copy)
    __scatterload_null                       0x0000144b   Thumb Code     2  handlers.o(i.__scatterload_null)
    __scatterload_zeroinit                   0x0000144d   Thumb Code    14  handlers.o(i.__scatterload_zeroinit)
    Region$$Table$$Base                      0x0000176c   Number         0  anon$$obj.o(Region$$Table)
    Region$$Table$$Limit                     0x0000178c   Number         0  anon$$obj.o(Region$$Table)
    SystemCoreClock                          0x20000000   Data           4  system_m480.o(.data)
    CyclesPerUs                              0x20000004   Data           4  system_m480.o(.data)
    PllClock                                 0x20000008   Data           4  system_m480.o(.data)
    gau32ClkSrcTbl                           0x2000000c   Data          32  system_m480.o(.data)
    header                                   0x2000002c   Data           3  main.o(.data)
    input_address                            0x20000030   Data           1  dependencies.o(.data)
    display_page                             0x20000031   Data           1  dependencies.o(.data)
    FPGA_length                              0x20000032   Data           2  dependencies.o(.data)
    FPGA_address                             0x20000034   Data           2  dependencies.o(.data)
    g_i32pointer                             0x20000038   Data           4  dependencies.o(.data)
    display_input_command                    0x2000003c   Data           4  dependencies.o(.data)
    power_set                                0x20000040   Data           4  dependencies.o(.data)
    force_set                                0x20000044   Data           4  dependencies.o(.data)
    i                                        0x20000048   Data           4  dependencies.o(.data)
    g_i32pointer_0                           0x2000004c   Data           4  dependencies.o(.data)
    display_trigger                          0x20000050   Data           4  dependencies.o(.data)
    time_set                                 0x20000054   Data           4  dependencies.o(.data)
    distance_absolute_set                    0x20000058   Data           4  dependencies.o(.data)
    distance_relative_set                    0x2000005c   Data           4  dependencies.o(.data)
    energy_set                               0x20000060   Data           4  dependencies.o(.data)
    power_set_display                        0x20000064   Data           4  dependencies.o(.data)
    freq_display                             0x20000068   Data           4  dependencies.o(.data)
    time_set_display                         0x2000006c   Data           4  dependencies.o(.data)
    distance_absolute_set_display            0x20000070   Data           4  dependencies.o(.data)
    distance_relative_set_display            0x20000074   Data           4  dependencies.o(.data)
    energy_set_display                       0x20000078   Data           4  dependencies.o(.data)
    force_set_display                        0x2000007c   Data           4  dependencies.o(.data)
    current_display                          0x20000080   Data           4  dependencies.o(.data)
    power_read_display                       0x20000084   Data           4  dependencies.o(.data)
    force_display                            0x20000088   Data           4  dependencies.o(.data)
    distance_display                         0x2000008c   Data           4  dependencies.o(.data)
    energy_display                           0x20000090   Data           4  dependencies.o(.data)
    pressure_display                         0x20000094   Data           4  dependencies.o(.data)
    overload_display                         0x20000098   Data           4  dependencies.o(.data)
    test                                     0x2000009c   Data           4  dependencies.o(.data)
    bcd_array                                0x200000a0   Data           5  dependencies.o(.data)
    display_page_1_power                     0x200000a5   Data           7  dependencies.o(.data)
    display_page_1_freq                      0x200000ac   Data           7  dependencies.o(.data)
    display_page_1_force_set                 0x200000b3   Data           7  dependencies.o(.data)
    display_page_1_time                      0x200000ba   Data           7  dependencies.o(.data)
    display_page_1_trigger                   0x200000c1   Data           7  dependencies.o(.data)
    display_page_0_power                     0x200000c8   Data           7  dependencies.o(.data)
    display_page_0_freq                      0x200000cf   Data           7  dependencies.o(.data)
    display_page_0_current                   0x200000d6   Data           7  dependencies.o(.data)
    display_page_0_force_read                0x200000dd   Data           7  dependencies.o(.data)
    display_page_0_pressure                  0x200000e4   Data           7  dependencies.o(.data)
    display_page_0_dist                      0x200000eb   Data           7  dependencies.o(.data)
    display_page_0_time                      0x200000f2   Data           7  dependencies.o(.data)
    display_page_0_force_set                 0x200000f9   Data           7  dependencies.o(.data)
    display_page_0_power_read                0x20000100   Data           7  dependencies.o(.data)
    display_page_0_energy                    0x20000107   Data           7  dependencies.o(.data)
    __stdout                                 0x20000110   Data           4  retarget.o(.data)
    g_CLK_i32ErrCode                         0x20000114   Data           4  clk.o(.data)
    g_u8RecData                              0x20000118   Data         256  dependencies.o(.bss)
    FPGA_input                               0x20000218   Data          30  dependencies.o(.bss)
    __initial_sp                             0x20000a38   Data           0  startup_m480.o(STACK)



==============================================================================

Memory Map of the image

  Image Entry point : 0x000002e9

  Load Region LR_1 (Base: 0x00000000, Size: 0x000018a4, Max: 0xffffffff, ABSOLUTE)

    Execution Region ER_RO (Exec base: 0x00000000, Load base: 0x00000000, Size: 0x0000178c, Max: 0xffffffff, ABSOLUTE)

    Exec Addr    Load Addr    Size         Type   Attr      Idx    E Section Name        Object

    0x00000000   0x00000000   0x000001f4   Data   RO          321    RESET               startup_m480.o
    0x000001f4   0x000001f4   0x00000000   Code   RO          958  * .ARM.Collect$$$$00000000  mc_w.l(entry.o)
    0x000001f4   0x000001f4   0x00000004   Code   RO         1226    .ARM.Collect$$$$00000001  mc_w.l(entry2.o)
    0x000001f8   0x000001f8   0x00000004   Code   RO         1229    .ARM.Collect$$$$00000004  mc_w.l(entry5.o)
    0x000001fc   0x000001fc   0x00000000   Code   RO         1231    .ARM.Collect$$$$00000008  mc_w.l(entry7b.o)
    0x000001fc   0x000001fc   0x00000000   Code   RO         1233    .ARM.Collect$$$$0000000A  mc_w.l(entry8b.o)
    0x000001fc   0x000001fc   0x00000008   Code   RO         1234    .ARM.Collect$$$$0000000B  mc_w.l(entry9a.o)
    0x00000204   0x00000204   0x00000004   Code   RO         1241    .ARM.Collect$$$$0000000E  mc_w.l(entry12b.o)
    0x00000208   0x00000208   0x00000000   Code   RO         1236    .ARM.Collect$$$$0000000F  mc_w.l(entry10a.o)
    0x00000208   0x00000208   0x00000000   Code   RO         1238    .ARM.Collect$$$$00000011  mc_w.l(entry11a.o)
    0x00000208   0x00000208   0x00000004   Code   RO         1227    .ARM.Collect$$$$00002712  mc_w.l(entry2.o)
    0x0000020c   0x0000020c   0x0000001c   Code   RO          426    .emb_text           retarget.o
    0x00000228   0x00000228   0x000000c0   Code   RO            4    .text               system_m480.o
    0x000002e8   0x000002e8   0x00000068   Code   RO          322  * .text               startup_m480.o
    0x00000350   0x00000350   0x00000088   Code   RO          329    .text               main.o
    0x000003d8   0x000003d8   0x000006ec   Code   RO          375    .text               dependencies.o
    0x00000ac4   0x00000ac4   0x000000fc   Code   RO          427    .text               retarget.o
    0x00000bc0   0x00000bc0   0x00000438   Code   RO          498    .text               clk.o
    0x00000ff8   0x00000ff8   0x000001a8   Code   RO          743    .text               uart.o
    0x000011a0   0x000011a0   0x00000164   Code   RO          828    .text               timer.o
    0x00001304   0x00001304   0x0000002c   Code   RO          913    .text               gpio.o
    0x00001330   0x00001330   0x00000024   Code   RO          961    .text               mc_w.l(memcpya.o)
    0x00001354   0x00001354   0x00000062   Code   RO         1244    .text               mc_w.l(uldiv.o)
    0x000013b6   0x000013b6   0x00000002   PAD
    0x000013b8   0x000013b8   0x00000024   Code   RO         1257    .text               mc_w.l(init.o)
    0x000013dc   0x000013dc   0x0000001e   Code   RO         1259    .text               mc_w.l(llshl.o)
    0x000013fa   0x000013fa   0x00000020   Code   RO         1261    .text               mc_w.l(llushr.o)
    0x0000141a   0x0000141a   0x00000002   PAD
    0x0000141c   0x0000141c   0x00000020   Code   RO         1098    i.__0printf$5       mc_w.l(printf5.o)
    0x0000143c   0x0000143c   0x0000000e   Code   RO         1269    i.__scatterload_copy  mc_w.l(handlers.o)
    0x0000144a   0x0000144a   0x00000002   Code   RO         1270    i.__scatterload_null  mc_w.l(handlers.o)
    0x0000144c   0x0000144c   0x0000000e   Code   RO         1271    i.__scatterload_zeroinit  mc_w.l(handlers.o)
    0x0000145a   0x0000145a   0x00000002   PAD
    0x0000145c   0x0000145c   0x000002c0   Code   RO         1105    i._printf_core      mc_w.l(printf5.o)
    0x0000171c   0x0000171c   0x00000030   Data   RO          749    .constdata          uart.o
    0x0000174c   0x0000174c   0x00000020   Data   RO          839    .constdata          timer.o
    0x0000176c   0x0000176c   0x00000020   Data   RO         1267    Region$$Table       anon$$obj.o


    Execution Region ER_RW (Exec base: 0x20000000, Load base: 0x0000178c, Size: 0x00000118, Max: 0xffffffff, ABSOLUTE)

    Exec Addr    Load Addr    Size         Type   Attr      Idx    E Section Name        Object

    0x20000000   0x0000178c   0x0000002c   Data   RW            5    .data               system_m480.o
    0x2000002c   0x000017b8   0x00000003   Data   RW          330    .data               main.o
    0x2000002f   0x000017bb   0x00000001   PAD
    0x20000030   0x000017bc   0x000000de   Data   RW          383    .data               dependencies.o
    0x2000010e   0x0000189a   0x00000002   PAD
    0x20000110   0x0000189c   0x00000004   Data   RW          433    .data               retarget.o
    0x20000114   0x000018a0   0x00000004   Data   RW          518    .data               clk.o


    Execution Region ER_ZI (Exec base: 0x20000118, Load base: 0x000018a4, Size: 0x00000920, Max: 0xffffffff, ABSOLUTE)

    Exec Addr    Load Addr    Size         Type   Attr      Idx    E Section Name        Object

    0x20000118        -       0x0000011e   Zero   RW          378    .bss                dependencies.o
    0x20000236   0x000018a4   0x00000002   PAD
    0x20000238        -       0x00000800   Zero   RW          319    STACK               startup_m480.o


==============================================================================

Image component sizes


      Code (inc. data)   RO Data    RW Data    ZI Data      Debug   Object Name

      1080         60          0          4          0       5670   clk.o
      1772         54          0        222        286     117938   dependencies.o
        44          0          0          0          0       1043   gpio.o
       136         20          0          3          0      43316   main.o
       280        130          0          4          0       3725   retarget.o
       104         20        500          0       2048        972   startup_m480.o
       192         20          0         44          0      50049   system_m480.o
       356         30         32          0          0       2410   timer.o
       424         42         48          0          0       2370   uart.o

    ----------------------------------------------------------------------
      4388        376        612        280       2336     227493   Object Totals
         0          0         32          0          0          0   (incl. Generated)
         0          0          0          3          2          0   (incl. Padding)

    ----------------------------------------------------------------------

      Code (inc. data)   RO Data    RW Data    ZI Data      Debug   Library Member Name

         0          0          0          0          0          0   entry.o
         0          0          0          0          0          0   entry10a.o
         0          0          0          0          0          0   entry11a.o
         4          0          0          0          0          0   entry12b.o
         8          4          0          0          0          0   entry2.o
         4          0          0          0          0          0   entry5.o
         0          0          0          0          0          0   entry7b.o
         0          0          0          0          0          0   entry8b.o
         8          4          0          0          0          0   entry9a.o
        30          0          0          0          0          0   handlers.o
        36          8          0          0          0         68   init.o
        30          0          0          0          0         68   llshl.o
        32          0          0          0          0         68   llushr.o
        36          0          0          0          0         68   memcpya.o
       736         54          0          0          0        184   printf5.o
        98          0          0          0          0         92   uldiv.o

    ----------------------------------------------------------------------
      1028         70          0          0          0        548   Library Totals
         6          0          0          0          0          0   (incl. Padding)

    ----------------------------------------------------------------------

      Code (inc. data)   RO Data    RW Data    ZI Data      Debug   Library Name

      1022         70          0          0          0        548   mc_w.l

    ----------------------------------------------------------------------
      1028         70          0          0          0        548   Library Totals

    ----------------------------------------------------------------------

==============================================================================


      Code (inc. data)   RO Data    RW Data    ZI Data      Debug   

      5416        446        612        280       2336     226737   Grand Totals
      5416        446        612        280       2336     226737   ELF Image Totals
      5416        446        612        280          0          0   ROM Totals

==============================================================================

    Total RO  Size (Code + RO Data)                 6028 (   5.89kB)
    Total RW  Size (RW Data + ZI Data)              2616 (   2.55kB)
    Total ROM Size (Code + RO Data + RW Data)       6308 (   6.16kB)

==============================================================================

